<html>
<body>
<pre>
<h1>µVision Build Log</h1>
<h2>Tool Versions:</h2>
IDE-Version: ¦ÌVision V5.36.0.0
Copyright (C) 2021 ARM Ltd and ARM Germany GmbH. All rights reserved.
License Information: a1 a1, a1, LIC=32B1Q-N43J3-HL6CL-0B4NI-EGB9N-387AC
 
Tool Versions:
Toolchain:       MDK-ARM Plus  Version: 5.36.0.0
Toolchain Path:  D:\Keil_v5\ARM\ARMCC\Bin
C Compiler:      Armcc.exe V5.06 update 7 (build 960)
Assembler:       Armasm.exe V5.06 update 7 (build 960)
Linker/Locator:  ArmLink.exe V5.06 update 7 (build 960)
Library Manager: ArmAr.exe V5.06 update 7 (build 960)
Hex Converter:   FromElf.exe V5.06 update 7 (build 960)
CPU DLL:         SARMCM3.DLL V5.36.0.0
Dialog DLL:      DCM.DLL V1.17.3.0
Target DLL:      STLink\ST-LINKIII-KEIL_SWO.dll V3.0.9.0
Dialog DLL:      TCM.DLL V1.53.0.0
 
<h2>Project:</h2>
D:\bysj\SmartHelmet\SmartHelmetByLwh\LCD\MDK-ARM\LCD.uvprojx
Project File Date:  04/12/2026

<h2>Output:</h2>
*** Using Compiler 'V5.06 update 7 (build 960)', folder: 'D:\Keil_v5\ARM\ARMCC\Bin'
Rebuild target 'LCD'
Note: source file '..\Drivers\HARDWARE\LCD\lcd.c' - object file renamed from 'LCD\lcd.o' to 'LCD\lcd_1.o'.
assembling startup_stm32f407xx.s...
compiling stm32f4xx_hal_dma.c...
compiling stm32f4xx_hal_rcc.c...
compiling gpio.c...
compiling delay.c...
compiling stm32f4xx_hal_flash_ex.c...
compiling main.c...
../Core/Src/main.c(110): warning:  #177-D: variable "temperature"  was declared but never referenced
      uint8_t temperature;
../Core/Src/main.c(111): warning:  #177-D: variable "humidity"  was declared but never referenced
      uint8_t humidity;
../Core/Src/main.c(114): warning:  #177-D: variable "gyro_x"  was declared but never referenced
      short gyro_x, gyro_y, gyro_z;
../Core/Src/main.c(114): warning:  #177-D: variable "gyro_y"  was declared but never referenced
      short gyro_x, gyro_y, gyro_z;
../Core/Src/main.c(114): warning:  #177-D: variable "gyro_z"  was declared but never referenced
      short gyro_x, gyro_y, gyro_z;
../Core/Src/main.c: 5 warnings, 0 errors
compiling stm32f4xx_hal_gpio.c...
compiling stm32f4xx_it.c...
compiling usart.c...
compiling stm32f4xx_hal_flash.c...
compiling stm32f4xx_hal_dma_ex.c...
compiling tim.c...
compiling stm32f4xx_hal_flash_ramfunc.c...
compiling stm32f4xx_hal_msp.c...
compiling sys.c...
compiling stm32f4xx_hal_rcc_ex.c...
compiling fall_detect.c...
compiling filter.c...
compiling stm32f4xx_hal.c...
compiling stm32f4xx_hal_cortex.c...
compiling beep.c...
compiling system_stm32f4xx.c...
compiling stm32f4xx_hal_pwr.c...
compiling stm32f4xx_hal_pwr_ex.c...
compiling stm32f4xx_hal_uart.c...
compiling stm32f4xx_hal_exti.c...
compiling mpu6050.c...
compiling stm32f4xx_hal_spi.c...
compiling key.c...
compiling pms7003.c...
compiling inv_mpu_dmp_motion_driver.c...
compiling esp8266.c...
compiling stm32f4xx_hal_tim_ex.c...
compiling lcd.c...
..\Drivers\HARDWARE\LCD\lcd.c(27): warning:  #177-D: variable "g_lcd_buf"  was declared but never referenced
  static uint8_t g_lcd_buf[LCD_BUF_SIZE] = {0};
..\Drivers\HARDWARE\LCD\lcd.c: 1 warning, 0 errors
compiling inv_mpu.c...
compiling stm32f4xx_hal_tim.c...
linking...
Program Size: Code=19652 RO-data=6736 RW-data=40 ZI-data=3280  
FromELF: creating hex file...
"LCD\LCD.axf" - 0 Error(s), 6 Warning(s).

<h2>Software Packages used:</h2>

Package Vendor: ARM
                http://www.keil.com/pack/ARM.CMSIS.5.8.0.pack
                ARM.CMSIS.5.8.0
                CMSIS (Common Microcontroller Software Interface Standard)
   * Component: CORE Version: 5.5.0

Package Vendor: Keil
                https://www.keil.com/pack/Keil.STM32F4xx_DFP.3.0.0.pack
                Keil.STM32F4xx_DFP.3.0.0
                STMicroelectronics STM32F4 Series Device Support

<h2>Collection of Component include folders:</h2>
  .\RTE\_LCD
  D:\Keil_v5\Arm\Packs\ARM\CMSIS\5.8.0\CMSIS\Core\Include

<h2>Collection of Component Files used:</h2>

   * Component: ARM::CMSIS:CORE:5.5.0
      Include file:  CMSIS\Core\Include\tz_context.h
Build Time Elapsed:  00:00:16
</pre>
</body>
</html>
