Component: ARM Compiler 5.06 update 7 (build 960) Tool: armlink [4d3601]

==============================================================================

Section Cross References

    startup_stm32f407xx.o(STACK) refers (Special) to heapauxi.o(.text) for __use_two_region_memory
    startup_stm32f407xx.o(HEAP) refers (Special) to heapauxi.o(.text) for __use_two_region_memory
    startup_stm32f407xx.o(RESET) refers (Special) to heapauxi.o(.text) for __use_two_region_memory
    startup_stm32f407xx.o(RESET) refers to startup_stm32f407xx.o(STACK) for __initial_sp
    startup_stm32f407xx.o(RESET) refers to startup_stm32f407xx.o(.text) for Reset_Handler
    startup_stm32f407xx.o(RESET) refers to stm32f4xx_it.o(i.NMI_Handler) for NMI_Handler
    startup_stm32f407xx.o(RESET) refers to stm32f4xx_it.o(i.HardFault_Handler) for HardFault_Handler
    startup_stm32f407xx.o(RESET) refers to stm32f4xx_it.o(i.MemManage_Handler) for MemManage_Handler
    startup_stm32f407xx.o(RESET) refers to stm32f4xx_it.o(i.BusFault_Handler) for BusFault_Handler
    startup_stm32f407xx.o(RESET) refers to stm32f4xx_it.o(i.UsageFault_Handler) for UsageFault_Handler
    startup_stm32f407xx.o(RESET) refers to stm32f4xx_it.o(i.SVC_Handler) for SVC_Handler
    startup_stm32f407xx.o(RESET) refers to stm32f4xx_it.o(i.DebugMon_Handler) for DebugMon_Handler
    startup_stm32f407xx.o(RESET) refers to stm32f4xx_it.o(i.PendSV_Handler) for PendSV_Handler
    startup_stm32f407xx.o(RESET) refers to stm32f4xx_it.o(i.SysTick_Handler) for SysTick_Handler
    startup_stm32f407xx.o(RESET) refers to stm32f4xx_it.o(i.USART1_IRQHandler) for USART1_IRQHandler
    startup_stm32f407xx.o(RESET) refers to stm32f4xx_it.o(i.USART3_IRQHandler) for USART3_IRQHandler
    startup_stm32f407xx.o(.text) refers (Special) to heapauxi.o(.text) for __use_two_region_memory
    startup_stm32f407xx.o(.text) refers to system_stm32f4xx.o(i.SystemInit) for SystemInit
    startup_stm32f407xx.o(.text) refers to __main.o(!!!main) for __main
    startup_stm32f407xx.o(.text) refers to startup_stm32f407xx.o(HEAP) for Heap_Mem
    startup_stm32f407xx.o(.text) refers to startup_stm32f407xx.o(STACK) for Stack_Mem
    main.o(i.SystemClock_Config) refers to rt_memclr_w.o(.text) for __aeabi_memclr4
    main.o(i.SystemClock_Config) refers to stm32f4xx_hal_rcc.o(i.HAL_RCC_OscConfig) for HAL_RCC_OscConfig
    main.o(i.SystemClock_Config) refers to stm32f4xx_hal_rcc.o(i.HAL_RCC_ClockConfig) for HAL_RCC_ClockConfig
    main.o(i.main) refers to _printf_pad.o(.text) for _printf_pre_padding
    main.o(i.main) refers to _printf_percent.o(.ARM.Collect$$_printf_percent$$00000000) for _printf_percent
    main.o(i.main) refers to _printf_d.o(.ARM.Collect$$_printf_percent$$00000009) for _printf_d
    main.o(i.main) refers to _printf_dec.o(.text) for _printf_int_dec
    main.o(i.main) refers to _printf_f.o(.ARM.Collect$$_printf_percent$$00000003) for _printf_f
    main.o(i.main) refers to printf1.o(x$fpl$printf1) for _printf_fp_dec
    main.o(i.main) refers to _printf_s.o(.ARM.Collect$$_printf_percent$$00000014) for _printf_s
    main.o(i.main) refers to _printf_str.o(.text) for _printf_str
    main.o(i.main) refers to stm32f4xx_hal.o(i.HAL_Init) for HAL_Init
    main.o(i.main) refers to main.o(i.SystemClock_Config) for SystemClock_Config
    main.o(i.main) refers to gpio.o(i.MX_GPIO_Init) for MX_GPIO_Init
    main.o(i.main) refers to tim.o(i.MX_TIM5_Init) for MX_TIM5_Init
    main.o(i.main) refers to usart.o(i.MX_USART1_UART_Init) for MX_USART1_UART_Init
    main.o(i.main) refers to usart.o(i.MX_USART3_UART_Init) for MX_USART3_UART_Init
    main.o(i.main) refers to delay.o(i.delay_init) for delay_init
    main.o(i.main) refers to lcd_1.o(i.lcd_init) for lcd_init
    main.o(i.main) refers to beep.o(i.beep_init) for beep_init
    main.o(i.main) refers to key.o(i.key_init) for key_init
    main.o(i.main) refers to pms7003.o(i.PMS7003_Init) for PMS7003_Init
    main.o(i.main) refers to lcd_1.o(i.lcd_show_string) for lcd_show_string
    main.o(i.main) refers to mpu6050.o(i.MPU_Init) for MPU_Init
    main.o(i.main) refers to delay.o(i.HAL_Delay) for HAL_Delay
    main.o(i.main) refers to fall_detect.o(i.fall_detect_init) for fall_detect_init
    main.o(i.main) refers to esp8266.o(i.esp8266_init) for esp8266_init
    main.o(i.main) refers to esp8266.o(i.esp8266_check) for esp8266_check
    main.o(i.main) refers to key.o(i.key_scan) for key_scan
    main.o(i.main) refers to beep.o(i.beep_on) for beep_on
    main.o(i.main) refers to beep.o(i.beep_off) for beep_off
    main.o(i.main) refers to esp8266.o(i.esp8266_start_smartconfig) for esp8266_start_smartconfig
    main.o(i.main) refers to esp8266.o(i.esp8266_stop_smartconfig) for esp8266_stop_smartconfig
    main.o(i.main) refers to esp8266.o(i.esp8266_disconnect_atkcld) for esp8266_disconnect_atkcld
    main.o(i.main) refers to esp8266.o(i.esp8266_disconnect_ap) for esp8266_disconnect_ap
[...]
    i.MPU_Set_LPF                            0x08002ca0   Section        0  mpu6050.o(i.MPU_Set_LPF)
    i.MPU_Set_Rate                           0x08002cd0   Section        0  mpu6050.o(i.MPU_Set_Rate)
    i.MPU_Write_Byte                         0x08002cfe   Section        0  mpu6050.o(i.MPU_Write_Byte)
    i.MX_GPIO_Init                           0x08002d3c   Section        0  gpio.o(i.MX_GPIO_Init)
    i.MX_TIM5_Init                           0x08002e6c   Section        0  tim.o(i.MX_TIM5_Init)
    i.MX_USART1_UART_Init                    0x08002ed0   Section        0  usart.o(i.MX_USART1_UART_Init)
    i.MX_USART3_UART_Init                    0x08002f08   Section        0  usart.o(i.MX_USART3_UART_Init)
    i.MemManage_Handler                      0x08002f40   Section        0  stm32f4xx_it.o(i.MemManage_Handler)
    i.NMI_Handler                            0x08002f42   Section        0  stm32f4xx_it.o(i.NMI_Handler)
    i.PMS7003_GetData                        0x08002f44   Section        0  pms7003.o(i.PMS7003_GetData)
    i.PMS7003_Init                           0x08002f4c   Section        0  pms7003.o(i.PMS7003_Init)
    i.PMS7003_ParseData                      0x08002f78   Section        0  pms7003.o(i.PMS7003_ParseData)
    PMS7003_ParseData                        0x08002f79   Thumb Code   124  pms7003.o(i.PMS7003_ParseData)
    i.PMS7003_UART_RxCallback                0x08002ff8   Section        0  pms7003.o(i.PMS7003_UART_RxCallback)
    i.PendSV_Handler                         0x08003054   Section        0  stm32f4xx_it.o(i.PendSV_Handler)
    i.SPI_EndRxTxTransaction                 0x08003058   Section        0  stm32f4xx_hal_spi.o(i.SPI_EndRxTxTransaction)
    SPI_EndRxTxTransaction                   0x08003059   Thumb Code    80  stm32f4xx_hal_spi.o(i.SPI_EndRxTxTransaction)
    i.SPI_WaitFlagStateUntilTimeout          0x080030b0   Section        0  stm32f4xx_hal_spi.o(i.SPI_WaitFlagStateUntilTimeout)
    SPI_WaitFlagStateUntilTimeout            0x080030b1   Thumb Code   180  stm32f4xx_hal_spi.o(i.SPI_WaitFlagStateUntilTimeout)
    i.SVC_Handler                            0x08003168   Section        0  stm32f4xx_it.o(i.SVC_Handler)
    i.SysTick_Handler                        0x0800316a   Section        0  stm32f4xx_it.o(i.SysTick_Handler)
    i.SystemClock_Config                     0x08003170   Section        0  main.o(i.SystemClock_Config)
    i.SystemInit                             0x08003204   Section        0  system_stm32f4xx.o(i.SystemInit)
    i.TIM_Base_SetConfig                     0x08003214   Section        0  stm32f4xx_hal_tim.o(i.TIM_Base_SetConfig)
    i.TIM_ETR_SetConfig                      0x080032dc   Section        0  stm32f4xx_hal_tim.o(i.TIM_ETR_SetConfig)
    i.TIM_ITRx_SetConfig                     0x080032f0   Section        0  stm32f4xx_hal_tim.o(i.TIM_ITRx_SetConfig)
    TIM_ITRx_SetConfig                       0x080032f1   Thumb Code    16  stm32f4xx_hal_tim.o(i.TIM_ITRx_SetConfig)
    i.TIM_TI1_ConfigInputStage               0x08003300   Section        0  stm32f4xx_hal_tim.o(i.TIM_TI1_ConfigInputStage)
    TIM_TI1_ConfigInputStage                 0x08003301   Thumb Code    34  stm32f4xx_hal_tim.o(i.TIM_TI1_ConfigInputStage)
    i.TIM_TI2_ConfigInputStage               0x08003322   Section        0  stm32f4xx_hal_tim.o(i.TIM_TI2_ConfigInputStage)
    TIM_TI2_ConfigInputStage                 0x08003323   Thumb Code    36  stm32f4xx_hal_tim.o(i.TIM_TI2_ConfigInputStage)
    i.UART_DMAAbortOnError                   0x08003346   Section        0  stm32f4xx_hal_uart.o(i.UART_DMAAbortOnError)
    UART_DMAAbortOnError                     0x08003347   Thumb Code    16  stm32f4xx_hal_uart.o(i.UART_DMAAbortOnError)
    i.UART_EndRxTransfer                     0x08003356   Section        0  stm32f4xx_hal_uart.o(i.UART_EndRxTransfer)
    UART_EndRxTransfer                       0x08003357   Thumb Code    78  stm32f4xx_hal_uart.o(i.UART_EndRxTransfer)
    i.UART_Receive_IT                        0x080033a4   Section        0  stm32f4xx_hal_uart.o(i.UART_Receive_IT)
    UART_Receive_IT                          0x080033a5   Thumb Code   194  stm32f4xx_hal_uart.o(i.UART_Receive_IT)
    i.UART_SetConfig                         0x08003468   Section        0  stm32f4xx_hal_uart.o(i.UART_SetConfig)
    UART_SetConfig                           0x08003469   Thumb Code   258  stm32f4xx_hal_uart.o(i.UART_SetConfig)
    i.UART_Start_Receive_IT                  0x08003574   Section        0  stm32f4xx_hal_uart.o(i.UART_Start_Receive_IT)
    i.UART_WaitOnFlagUntilTimeout            0x080035aa   Section        0  stm32f4xx_hal_uart.o(i.UART_WaitOnFlagUntilTimeout)
    UART_WaitOnFlagUntilTimeout              0x080035ab   Thumb Code   114  stm32f4xx_hal_uart.o(i.UART_WaitOnFlagUntilTimeout)
    i.USART1_IRQHandler                      0x0800361c   Section        0  stm32f4xx_it.o(i.USART1_IRQHandler)
    i.USART3_IRQHandler                      0x08003628   Section        0  stm32f4xx_it.o(i.USART3_IRQHandler)
    i.UsageFault_Handler                     0x08003690   Section        0  stm32f4xx_it.o(i.UsageFault_Handler)
    i.__ARM_fpclassify                       0x08003692   Section        0  fpclassify.o(i.__ARM_fpclassify)
    i.__NVIC_SetPriority                     0x080036c2   Section        0  stm32f4xx_hal_cortex.o(i.__NVIC_SetPriority)
    __NVIC_SetPriority                       0x080036c3   Thumb Code    32  stm32f4xx_hal_cortex.o(i.__NVIC_SetPriority)
    i.__hardfp_sqrtf                         0x080036e2   Section        0  sqrtf.o(i.__hardfp_sqrtf)
    i._is_digit                              0x0800371c   Section        0  __printf_wp.o(i._is_digit)
    i.beep_init                              0x0800372c   Section        0  beep.o(i.beep_init)
    i.beep_off                               0x0800377c   Section        0  beep.o(i.beep_off)
    i.beep_on                                0x0800378c   Section        0  beep.o(i.beep_on)
    i.beep_toggle                            0x0800379c   Section        0  beep.o(i.beep_toggle)
    i.delay_init                             0x080037ac   Section        0  delay.o(i.delay_init)
    i.delay_ms                               0x080037b8   Section        0  delay.o(i.delay_ms)
    i.delay_us                               0x080037c4   Section        0  delay.o(i.delay_us)
    i.esp8266_auto_connect                   0x080037f8   Section        0  esp8266.o(i.esp8266_auto_connect)
    i.esp8266_check                          0x08003804   Section        0  esp8266.o(i.esp8266_check)
    i.esp8266_clear_buf                      0x08003870   Section        0  esp8266.o(i.esp8266_clear_buf)
    i.esp8266_connect_ap                     0x0800388c   Section        0  esp8266.o(i.esp8266_connect_ap)
    i.esp8266_connect_atkcld                 0x0800392c   Section        0  esp8266.o(i.esp8266_connect_atkcld)
    i.esp8266_disconnect_ap                  0x08003980   Section        0  esp8266.o(i.esp8266_disconnect_ap)
    i.esp8266_disconnect_atkcld              0x0800399c   Section        0  esp8266.o(i.esp8266_disconnect_atkcld)
    i.esp8266_init                           0x080039d8   Section        0  esp8266.o(i.esp8266_init)
    i.esp8266_send_atkcld_data               0x08003a24   Section        0  esp8266.o(i.esp8266_send_atkcld_data)
    i.esp8266_send_cmd                       0x08003a44   Section        0  esp8266.o(i.esp8266_send_cmd)
    i.esp8266_set_mode                       0x08003a94   Section        0  esp8266.o(i.esp8266_set_mode)
    i.esp8266_start_smartconfig              0x08003ac8   Section        0  esp8266.o(i.esp8266_start_smartconfig)
    i.esp8266_stop_smartconfig               0x08003b00   Section        0  esp8266.o(i.esp8266_stop_smartconfig)
    i.fall_detect_get_state_string           0x08003b24   Section        0  fall_detect.o(i.fall_detect_get_state_string)
    i.fall_detect_init                       0x08003b80   Section        0  fall_detect.o(i.fall_detect_init)
    i.fall_detect_update                     0x08003bdc   Section        0  fall_detect.o(i.fall_detect_update)
    i.key_init                               0x08003d08   Section        0  key.o(i.key_init)
    i.key_scan                               0x08003da8   Section        0  key.o(i.key_scan)
    i.lcd_clear                              0x08003e90   Section        0  lcd_1.o(i.lcd_clear)
    i.lcd_display_dir                        0x08003ec4   Section        0  lcd_1.o(i.lcd_display_dir)
    i.lcd_draw_point                         0x08003eec   Section        0  lcd_1.o(i.lcd_draw_point)
    i.lcd_hw_init                            0x08003f04   Section        0  lcd_1.o(i.lcd_hw_init)
    lcd_hw_init                              0x08003f05   Thumb Code   138  lcd_1.o(i.lcd_hw_init)
    i.lcd_init                               0x08003f9c   Section        0  lcd_1.o(i.lcd_init)
    i.lcd_reg_init                           0x08004018   Section        0  lcd_1.o(i.lcd_reg_init)
    lcd_reg_init                             0x08004019   Thumb Code   372  lcd_1.o(i.lcd_reg_init)
    i.lcd_set_address                        0x0800418c   Section        0  lcd_1.o(i.lcd_set_address)
    lcd_set_address                          0x0800418d   Thumb Code    82  lcd_1.o(i.lcd_set_address)
    i.lcd_show_char                          0x080041e0   Section        0  lcd_1.o(i.lcd_show_char)
    i.lcd_show_string                        0x080042b0   Section        0  lcd_1.o(i.lcd_show_string)
    i.lcd_spi_init                           0x08004308   Section        0  lcd_1.o(i.lcd_spi_init)
    lcd_spi_init                             0x08004309   Thumb Code   144  lcd_1.o(i.lcd_spi_init)
    i.lcd_spi_send                           0x080043a8   Section        0  lcd_1.o(i.lcd_spi_send)
    lcd_spi_send                             0x080043a9   Thumb Code    14  lcd_1.o(i.lcd_spi_send)
    i.lcd_write_cmd                          0x080043bc   Section        0  lcd_1.o(i.lcd_write_cmd)
    lcd_write_cmd                            0x080043bd   Thumb Code    22  lcd_1.o(i.lcd_write_cmd)
    i.lcd_write_dat                          0x080043d8   Section        0  lcd_1.o(i.lcd_write_dat)
    lcd_write_dat                            0x080043d9   Thumb Code    22  lcd_1.o(i.lcd_write_dat)
    i.lcd_write_dat_16b                      0x080043f4   Section        0  lcd_1.o(i.lcd_write_dat_16b)
    lcd_write_dat_16b                        0x080043f5   Thumb Code    32  lcd_1.o(i.lcd_write_dat_16b)
    i.lowpass_filter_init                    0x08004418   Section        0  filter.o(i.lowpass_filter_init)
    i.lowpass_filter_update                  0x08004430   Section        0  filter.o(i.lowpass_filter_update)
    i.main                                   0x08004460   Section        0  main.o(i.main)
    locale$$code                             0x08004d24   Section       44  lc_numeric_c.o(locale$$code)
    x$fpl$dretinf                            0x08004d50   Section       12  dretinf.o(x$fpl$dretinf)
    $v0                                      0x08004d50   Number         0  dretinf.o(x$fpl$dretinf)
    x$fpl$f2d                                0x08004d5c   Section       86  f2d.o(x$fpl$f2d)
    $v0                                      0x08004d5c   Number         0  f2d.o(x$fpl$f2d)
    x$fpl$fnaninf                            0x08004db2   Section      140  fnaninf.o(x$fpl$fnaninf)
    $v0                                      0x08004db2   Number         0  fnaninf.o(x$fpl$fnaninf)
    x$fpl$fpinit                             0x08004e3e   Section       10  fpinit.o(x$fpl$fpinit)
    $v0                                      0x08004e3e   Number         0  fpinit.o(x$fpl$fpinit)
    x$fpl$printf1                            0x08004e48   Section        4  printf1.o(x$fpl$printf1)
    $v0                                      0x08004e48   Number         0  printf1.o(x$fpl$printf1)
    .constdata                               0x08004e4c   Section       16  system_stm32f4xx.o(.constdata)
    x$fpl$usenofp                            0x08004e4c   Section        0  usenofp.o(x$fpl$usenofp)
    .constdata                               0x08004e5c   Section        8  system_stm32f4xx.o(.constdata)
    .constdata                               0x08004e64   Section       12  esp8266.o(.constdata)
    .constdata                               0x08004e70   Section     6080  lcd_1.o(.constdata)
    .constdata                               0x08006630   Section       17  __printf_flags_wp.o(.constdata)
    maptable                                 0x08006630   Data          17  __printf_flags_wp.o(.constdata)
    .constdata                               0x08006644   Section      148  bigflt0.o(.constdata)
    tenpwrs_x                                0x08006644   Data          60  bigflt0.o(.constdata)
    tenpwrs_i                                0x08006680   Data          64  bigflt0.o(.constdata)
    locale$$data                             0x080066f8   Section       28  lc_numeric_c.o(locale$$data)
    __lcnum_c_name                           0x080066fc   Data           2  lc_numeric_c.o(locale$$data)
    __lcnum_c_start                          0x08006704   Data           0  lc_numeric_c.o(locale$$data)
    __lcnum_c_point                          0x08006710   Data           0  lc_numeric_c.o(locale$$data)
    __lcnum_c_thousands                      0x08006712   Data           0  lc_numeric_c.o(locale$$data)
    __lcnum_c_grouping                       0x08006713   Data           0  lc_numeric_c.o(locale$$data)
    __lcnum_c_end                            0x08006714   Data           0  lc_numeric_c.o(locale$$data)
    .data                                    0x20000000   Section        8  main.o(.data)
    .data                                    0x20000008   Section        4  delay.o(.data)
    g_fac_us                                 0x20000008   Data           4  delay.o(.data)
    .data                                    0x2000000c   Section       12  stm32f4xx_hal.o(.data)
    .data                                    0x20000018   Section        4  system_stm32f4xx.o(.data)
    .data                                    0x2000001c   Section        1  key.o(.data)
    key_state                                0x2000001c   Data           1  key.o(.data)
    .data                                    0x2000001d   Section        3  pms7003.o(.data)
    rx_index                                 0x2000001d   Data           1  pms7003.o(.data)
    frame_index                              0x2000001e   Data           1  pms7003.o(.data)
    rx_byte                                  0x2000001f   Data           1  pms7003.o(.data)
    .data                                    0x20000020   Section        2  esp8266.o(.data)
    .data                                    0x20000024   Section        4  lcd_1.o(.data)
    .bss                                     0x20000028   Section       80  main.o(.bss)
    .bss                                     0x20000078   Section       72  tim.o(.bss)
    .bss                                     0x200000c0   Section      144  usart.o(.bss)
    .bss                                     0x20000150   Section      122  pms7003.o(.bss)
    pms_data                                 0x20000150   Data          26  pms7003.o(.bss)
    rx_buffer                                0x2000016a   Data          64  pms7003.o(.bss)
    frame_buf                                0x200001aa   Data          32  pms7003.o(.bss)
    .bss                                     0x200001ca   Section     1121  esp8266.o(.bss)
    wifi_config                              0x200001ca   Data          97  esp8266.o(.bss)
    .bss                                     0x2000062c   Section      102  lcd_1.o(.bss)
    g_spi_handle                             0x2000062c   Data          88  lcd_1.o(.bss)
    .bss                                     0x20000694   Section       96  libspace.o(.bss)
    HEAP                                     0x200006f8   Section      512  startup_stm32f407xx.o(HEAP)
    Heap_Mem                                 0x200006f8   Data         512  startup_stm32f407xx.o(HEAP)
    STACK                                    0x200008f8   Section     1024  startup_stm32f407xx.o(STACK)
    Stack_Mem                                0x200008f8   Data        1024  startup_stm32f407xx.o(STACK)
    __initial_sp                             0x20000cf8   Data           0  startup_stm32f407xx.o(STACK)

    Global Symbols

    Symbol Name                              Value     Ov Type        Size  Object(Section)

    BuildAttributes$$THM_ISAv4$E$P$D$K$B$S$7EM$VFPi3$EXTD16$VFPS$VFMA$PE$A:L22UL41UL21$X:L11$S22US41US21$IEEE1$IW$USESV6$~STKCKD$USESV7$~SHL$OTIME$ROPI$IEEEX$EBA8$UX$STANDARDLIB$REQ8$PRES8$EABIv2 0x00000000   Number         0  anon$$obj.o ABSOLUTE
    __ARM_use_no_argv                        0x00000000   Number         0  main.o ABSOLUTE
    _printf_flags                            0x00000000   Number         0  printf_stubs.o ABSOLUTE
    _printf_return_value                     0x00000000   Number         0  printf_stubs.o ABSOLUTE
    _printf_sizespec                         0x00000000   Number         0  printf_stubs.o ABSOLUTE
    _printf_widthprec                        0x00000000   Number         0  printf_stubs.o ABSOLUTE
    __ARM_exceptions_init                     - Undefined Weak Reference
    __alloca_initialize                       - Undefined Weak Reference
    __arm_fini_                               - Undefined Weak Reference
    __arm_preinit_                            - Undefined Weak Reference
    __cpp_initialize__aeabi_                  - Undefined Weak Reference
    __cxa_finalize                            - Undefined Weak Reference
    __sigvec_lookup                           - Undefined Weak Reference
    _atexit_init                              - Undefined Weak Reference
    _call_atexit_fns                          - Undefined Weak Reference
    _clock_init                               - Undefined Weak Reference
    _fp_trap_init                             - Undefined Weak Reference
    _fp_trap_shutdown                         - Undefined Weak Reference
    _get_lc_collate                           - Undefined Weak Reference
    _get_lc_ctype                             - Undefined Weak Reference
    _get_lc_monetary                          - Undefined Weak Reference
    _get_lc_time                              - Undefined Weak Reference
    _getenv_init                              - Undefined Weak Reference
    _handle_redirection                       - Undefined Weak Reference
    _init_alloc                               - Undefined Weak Reference
    _init_user_alloc                          - Undefined Weak Reference
    _initio                                   - Undefined Weak Reference
    _printf_mbtowc                            - Undefined Weak Reference
    _printf_truncate_signed                   - Undefined Weak Reference
    _printf_truncate_unsigned                 - Undefined Weak Reference
    _rand_init                                - Undefined Weak Reference
    _signal_finish                            - Undefined Weak Reference
    _signal_init                              - Undefined Weak Reference
    _terminate_alloc                          - Undefined Weak Reference
    _terminate_user_alloc                     - Undefined Weak Reference
    _terminateio                              - Undefined Weak Reference
    __Vectors_Size                           0x00000188   Number         0  startup_stm32f407xx.o ABSOLUTE
    __Vectors                                0x08000000   Data           4  startup_stm32f407xx.o(RESET)
    __Vectors_End                            0x08000188   Data           0  startup_stm32f407xx.o(RESET)
    __main                                   0x08000189   Thumb Code     8  __main.o(!!!main)
    __scatterload                            0x08000191   Thumb Code     0  __scatter.o(!!!scatter)
    __scatterload_rt2                        0x08000191   Thumb Code    44  __scatter.o(!!!scatter)
    __scatterload_rt2_thumb_only             0x08000191   Thumb Code     0  __scatter.o(!!!scatter)
    __scatterload_null                       0x0800019f   Thumb Code     0  __scatter.o(!!!scatter)
    __scatterload_copy                       0x080001c5   Thumb Code    26  __scatter_copy.o(!!handler_copy)
    __scatterload_zeroinit                   0x080001e1   Thumb Code    28  __scatter_zi.o(!!handler_zi)
    _printf_f                                0x080001fd   Thumb Code     0  _printf_f.o(.ARM.Collect$$_printf_percent$$00000003)
    _printf_percent                          0x080001fd   Thumb Code     0  _printf_percent.o(.ARM.Collect$$_printf_percent$$00000000)
    _printf_d                                0x08000203   Thumb Code     0  _printf_d.o(.ARM.Collect$$_printf_percent$$00000009)
    _printf_s                                0x08000209   Thumb Code     0  _printf_s.o(.ARM.Collect$$_printf_percent$$00000014)
    _printf_percent_end                      0x0800020f   Thumb Code     0  _printf_percent_end.o(.ARM.Collect$$_printf_percent$$00000017)
    __rt_lib_init                            0x08000213   Thumb Code     0  libinit.o(.ARM.Collect$$libinit$$00000000)
    __rt_lib_init_fp_1                       0x08000215   Thumb Code     0  libinit2.o(.ARM.Collect$$libinit$$00000001)
    __rt_lib_init_heap_1                     0x08000219   Thumb Code     0  libinit2.o(.ARM.Collect$$libinit$$0000000A)
    __rt_lib_init_lc_common                  0x08000219   Thumb Code     0  libinit2.o(.ARM.Collect$$libinit$$0000000F)
    __rt_lib_init_preinit_1                  0x08000219   Thumb Code     0  libinit2.o(.ARM.Collect$$libinit$$00000004)
    __rt_lib_init_rand_1                     0x08000219   Thumb Code     0  libinit2.o(.ARM.Collect$$libinit$$0000000E)
    __rt_lib_init_user_alloc_1               0x08000219   Thumb Code     0  libinit2.o(.ARM.Collect$$libinit$$0000000C)
    __rt_lib_init_lc_collate_1               0x0800021f   Thumb Code     0  libinit2.o(.ARM.Collect$$libinit$$00000011)
    __rt_lib_init_lc_ctype_1                 0x0800021f   Thumb Code     0  libinit2.o(.ARM.Collect$$libinit$$00000013)
    __rt_lib_init_lc_monetary_1              0x0800021f   Thumb Code     0  libinit2.o(.ARM.Collect$$libinit$$00000015)
    __rt_lib_init_lc_numeric_2               0x0800021f   Thumb Code     0  libinit2.o(.ARM.Collect$$libinit$$00000016)
    __rt_lib_init_alloca_1                   0x08000229   Thumb Code     0  libinit2.o(.ARM.Collect$$libinit$$0000002E)
    __rt_lib_init_argv_1                     0x08000229   Thumb Code     0  libinit2.o(.ARM.Collect$$libinit$$0000002C)
    __rt_lib_init_atexit_1                   0x08000229   Thumb Code     0  libinit2.o(.ARM.Collect$$libinit$$0000001B)
    __rt_lib_init_clock_1                    0x08000229   Thumb Code     0  libinit2.o(.ARM.Collect$$libinit$$00000021)
    __rt_lib_init_cpp_1                      0x08000229   Thumb Code     0  libinit2.o(.ARM.Collect$$libinit$$00000032)
    __rt_lib_init_exceptions_1               0x08000229   Thumb Code     0  libinit2.o(.ARM.Collect$$libinit$$00000030)
    __rt_lib_init_fp_trap_1                  0x08000229   Thumb Code     0  libinit2.o(.ARM.Collect$$libinit$$0000001F)
    __rt_lib_init_getenv_1                   0x08000229   Thumb Code     0  libinit2.o(.ARM.Collect$$libinit$$00000023)
    __rt_lib_init_lc_numeric_1               0x08000229   Thumb Code     0  libinit2.o(.ARM.Collect$$libinit$$00000017)
    __rt_lib_init_lc_time_1                  0x08000229   Thumb Code     0  libinit2.o(.ARM.Collect$$libinit$$00000019)
    __rt_lib_init_return                     0x08000229   Thumb Code     0  libinit2.o(.ARM.Collect$$libinit$$00000033)
    __rt_lib_init_signal_1                   0x08000229   Thumb Code     0  libinit2.o(.ARM.Collect$$libinit$$0000001D)
    __rt_lib_init_stdio_1                    0x08000229   Thumb Code     0  libinit2.o(.ARM.Collect$$libinit$$00000025)
    __rt_lib_shutdown                        0x0800022b   Thumb Code     0  libshutdown.o(.ARM.Collect$$libshutdown$$00000000)
    __rt_lib_shutdown_cpp_1                  0x0800022d   Thumb Code     0  libshutdown2.o(.ARM.Collect$$libshutdown$$00000004)
    __rt_lib_shutdown_fini_1                 0x0800022d   Thumb Code     0  libshutdown2.o(.ARM.Collect$$libshutdown$$00000002)
    __rt_lib_shutdown_fp_trap_1              0x0800022d   Thumb Code     0  libshutdown2.o(.ARM.Collect$$libshutdown$$00000009)
    __rt_lib_shutdown_heap_1                 0x0800022d   Thumb Code     0  libshutdown2.o(.ARM.Collect$$libshutdown$$00000011)
    __rt_lib_shutdown_return                 0x0800022d   Thumb Code     0  libshutdown2.o(.ARM.Collect$$libshutdown$$00000012)
    __rt_lib_shutdown_signal_1               0x0800022d   Thumb Code     0  libshutdown2.o(.ARM.Collect$$libshutdown$$0000000C)
    __rt_lib_shutdown_stdio_1                0x0800022d   Thumb Code     0  libshutdown2.o(.ARM.Collect$$libshutdown$$00000006)
    __rt_lib_shutdown_user_alloc_1           0x0800022d   Thumb Code     0  libshutdown2.o(.ARM.Collect$$libshutdown$$0000000E)
    __rt_entry                               0x0800022f   Thumb Code     0  __rtentry.o(.ARM.Collect$$rtentry$$00000000)
    __rt_entry_presh_1                       0x0800022f   Thumb Code     0  __rtentry2.o(.ARM.Collect$$rtentry$$00000002)
    __rt_entry_sh                            0x0800022f   Thumb Code     0  __rtentry4.o(.ARM.Collect$$rtentry$$00000004)
    __rt_entry_li                            0x08000235   Thumb Code     0  __rtentry2.o(.ARM.Collect$$rtentry$$0000000A)
    __rt_entry_postsh_1                      0x08000235   Thumb Code     0  __rtentry2.o(.ARM.Collect$$rtentry$$00000009)
    __rt_entry_main                          0x08000239   Thumb Code     0  __rtentry2.o(.ARM.Collect$$rtentry$$0000000D)
    __rt_entry_postli_1                      0x08000239   Thumb Code     0  __rtentry2.o(.ARM.Collect$$rtentry$$0000000C)
    __rt_exit                                0x08000241   Thumb Code     0  rtexit.o(.ARM.Collect$$rtexit$$00000000)
    __rt_exit_ls                             0x08000243   Thumb Code     0  rtexit2.o(.ARM.Collect$$rtexit$$00000003)
    __rt_exit_prels_1                        0x08000243   Thumb Code     0  rtexit2.o(.ARM.Collect$$rtexit$$00000002)
    __rt_exit_exit                           0x08000247   Thumb Code     0  rtexit2.o(.ARM.Collect$$rtexit$$00000004)
    Reset_Handler                            0x0800024d   Thumb Code     8  startup_stm32f407xx.o(.text)
    ADC_IRQHandler                           0x08000267   Thumb Code     0  startup_stm32f407xx.o(.text)
    CAN1_RX0_IRQHandler                      0x08000267   Thumb Code     0  startup_stm32f407xx.o(.text)
    CAN1_RX1_IRQHandler                      0x08000267   Thumb Code     0  startup_stm32f407xx.o(.text)
    CAN1_SCE_IRQHandler                      0x08000267   Thumb Code     0  startup_stm32f407xx.o(.text)
    CAN1_TX_IRQHandler                       0x08000267   Thumb Code     0  startup_stm32f407xx.o(.text)
    CAN2_RX0_IRQHandler                      0x08000267   Thumb Code     0  startup_stm32f407xx.o(.text)
    CAN2_RX1_IRQHandler                      0x08000267   Thumb Code     0  startup_stm32f407xx.o(.text)
    CAN2_SCE_IRQHandler                      0x08000267   Thumb Code     0  startup_stm32f407xx.o(.text)
    CAN2_TX_IRQHandler                       0x08000267   Thumb Code     0  startup_stm32f407xx.o(.text)
    DCMI_IRQHandler                          0x08000267   Thumb Code     0  startup_stm32f407xx.o(.text)
    DMA1_Stream0_IRQHandler                  0x08000267   Thumb Code     0  startup_stm32f407xx.o(.text)
    DMA1_Stream1_IRQHandler                  0x08000267   Thumb Code     0  startup_stm32f407xx.o(.text)
    DMA1_Stream2_IRQHandler                  0x08000267   Thumb Code     0  startup_stm32f407xx.o(.text)
    DMA1_Stream3_IRQHandler                  0x08000267   Thumb Code     0  startup_stm32f407xx.o(.text)
    DMA1_Stream4_IRQHandler                  0x08000267   Thumb Code     0  startup_stm32f407xx.o(.text)
    DMA1_Stream5_IRQHandler                  0x08000267   Thumb Code     0  startup_stm32f407xx.o(.text)
    DMA1_Stream6_IRQHandler                  0x08000267   Thumb Code     0  startup_stm32f407xx.o(.text)
    DMA1_Stream7_IRQHandler                  0x08000267   Thumb Code     0  startup_stm32f407xx.o(.text)
    DMA2_Stream0_IRQHandler                  0x08000267   Thumb Code     0  startup_stm32f407xx.o(.text)
    DMA2_Stream1_IRQHandler                  0x08000267   Thumb Code     0  startup_stm32f407xx.o(.text)
    DMA2_Stream2_IRQHandler                  0x08000267   Thumb Code     0  startup_stm32f407xx.o(.text)
    DMA2_Stream3_IRQHandler                  0x08000267   Thumb Code     0  startup_stm32f407xx.o(.text)
    DMA2_Stream4_IRQHandler                  0x08000267   Thumb Code     0  startup_stm32f407xx.o(.text)
    DMA2_Stream5_IRQHandler                  0x08000267   Thumb Code     0  startup_stm32f407xx.o(.text)
    DMA2_Stream6_IRQHandler                  0x08000267   Thumb Code     0  startup_stm32f407xx.o(.text)
    DMA2_Stream7_IRQHandler                  0x08000267   Thumb Code     0  startup_stm32f407xx.o(.text)
    ETH_IRQHandler                           0x08000267   Thumb Code     0  startup_stm32f407xx.o(.text)
    ETH_WKUP_IRQHandler                      0x08000267   Thumb Code     0  startup_stm32f407xx.o(.text)
    EXTI0_IRQHandler                         0x08000267   Thumb Code     0  startup_stm32f407xx.o(.text)
    EXTI15_10_IRQHandler                     0x08000267   Thumb Code     0  startup_stm32f407xx.o(.text)
    EXTI1_IRQHandler                         0x08000267   Thumb Code     0  startup_stm32f407xx.o(.text)
    EXTI2_IRQHandler                         0x08000267   Thumb Code     0  startup_stm32f407xx.o(.text)
    EXTI3_IRQHandler                         0x08000267   Thumb Code     0  startup_stm32f407xx.o(.text)
    EXTI4_IRQHandler                         0x08000267   Thumb Code     0  startup_stm32f407xx.o(.text)
    EXTI9_5_IRQHandler                       0x08000267   Thumb Code     0  startup_stm32f407xx.o(.text)
    FLASH_IRQHandler                         0x08000267   Thumb Code     0  startup_stm32f407xx.o(.text)
    FMC_IRQHandler                           0x08000267   Thumb Code     0  startup_stm32f407xx.o(.text)
    FPU_IRQHandler                           0x08000267   Thumb Code     0  startup_stm32f407xx.o(.text)
    HASH_RNG_IRQHandler                      0x08000267   Thumb Code     0  startup_stm32f407xx.o(.text)
    I2C1_ER_IRQHandler                       0x08000267   Thumb Code     0  startup_stm32f407xx.o(.text)
    I2C1_EV_IRQHandler                       0x08000267   Thumb Code     0  startup_stm32f407xx.o(.text)
    I2C2_ER_IRQHandler                       0x08000267   Thumb Code     0  startup_stm32f407xx.o(.text)
    I2C2_EV_IRQHandler                       0x08000267   Thumb Code     0  startup_stm32f407xx.o(.text)
    I2C3_ER_IRQHandler                       0x08000267   Thumb Code     0  startup_stm32f407xx.o(.text)
    I2C3_EV_IRQHandler                       0x08000267   Thumb Code     0  startup_stm32f407xx.o(.text)
    OTG_FS_IRQHandler                        0x08000267   Thumb Code     0  startup_stm32f407xx.o(.text)
    OTG_FS_WKUP_IRQHandler                   0x08000267   Thumb Code     0  startup_stm32f407xx.o(.text)
    OTG_HS_EP1_IN_IRQHandler                 0x08000267   Thumb Code     0  startup_stm32f407xx.o(.text)
    OTG_HS_EP1_OUT_IRQHandler                0x08000267   Thumb Code     0  startup_stm32f407xx.o(.text)
    OTG_HS_IRQHandler                        0x08000267   Thumb Code     0  startup_stm32f407xx.o(.text)
    OTG_HS_WKUP_IRQHandler                   0x08000267   Thumb Code     0  startup_stm32f407xx.o(.text)
    PVD_IRQHandler                           0x08000267   Thumb Code     0  startup_stm32f407xx.o(.text)
    RCC_IRQHandler                           0x08000267   Thumb Code     0  startup_stm32f407xx.o(.text)
    RTC_Alarm_IRQHandler                     0x08000267   Thumb Code     0  startup_stm32f407xx.o(.text)
    RTC_WKUP_IRQHandler                      0x08000267   Thumb Code     0  startup_stm32f407xx.o(.text)
    SDIO_IRQHandler                          0x08000267   Thumb Code     0  startup_stm32f407xx.o(.text)
    SPI1_IRQHandler                          0x08000267   Thumb Code     0  startup_stm32f407xx.o(.text)
    SPI2_IRQHandler                          0x08000267   Thumb Code     0  startup_stm32f407xx.o(.text)
    SPI3_IRQHandler                          0x08000267   Thumb Code     0  startup_stm32f407xx.o(.text)
    TAMP_STAMP_IRQHandler                    0x08000267   Thumb Code     0  startup_stm32f407xx.o(.text)
    TIM1_BRK_TIM9_IRQHandler                 0x08000267   Thumb Code     0  startup_stm32f407xx.o(.text)
    TIM1_CC_IRQHandler                       0x08000267   Thumb Code     0  startup_stm32f407xx.o(.text)
    TIM1_TRG_COM_TIM11_IRQHandler            0x08000267   Thumb Code     0  startup_stm32f407xx.o(.text)
    TIM1_UP_TIM10_IRQHandler                 0x08000267   Thumb Code     0  startup_stm32f407xx.o(.text)
    TIM2_IRQHandler                          0x08000267   Thumb Code     0  startup_stm32f407xx.o(.text)
    TIM3_IRQHandler                          0x08000267   Thumb Code     0  startup_stm32f407xx.o(.text)
    TIM4_IRQHandler                          0x08000267   Thumb Code     0  startup_stm32f407xx.o(.text)
    TIM5_IRQHandler                          0x08000267   Thumb Code     0  startup_stm32f407xx.o(.text)
    TIM6_DAC_IRQHandler                      0x08000267   Thumb Code     0  startup_stm32f407xx.o(.text)
    TIM7_IRQHandler                          0x08000267   Thumb Code     0  startup_stm32f407xx.o(.text)
    TIM8_BRK_TIM12_IRQHandler                0x08000267   Thumb Code     0  startup_stm32f407xx.o(.text)
    TIM8_CC_IRQHandler                       0x08000267   Thumb Code     0  startup_stm32f407xx.o(.text)
    TIM8_TRG_COM_TIM14_IRQHandler            0x08000267   Thumb Code     0  startup_stm32f407xx.o(.text)
    TIM8_UP_TIM13_IRQHandler                 0x08000267   Thumb Code     0  startup_stm32f407xx.o(.text)
    UART4_IRQHandler                         0x08000267   Thumb Code     0  startup_stm32f407xx.o(.text)
    UART5_IRQHandler                         0x08000267   Thumb Code     0  startup_stm32f407xx.o(.text)
    USART2_IRQHandler                        0x08000267   Thumb Code     0  startup_stm32f407xx.o(.text)
    USART6_IRQHandler                        0x08000267   Thumb Code     0  startup_stm32f407xx.o(.text)
    WWDG_IRQHandler                          0x08000267   Thumb Code     0  startup_stm32f407xx.o(.text)
    __user_initial_stackheap                 0x08000269   Thumb Code     0  startup_stm32f407xx.o(.text)
    __aeabi_uldivmod                         0x0800028d   Thumb Code     0  lludivv7m.o(.text)
    _ll_udiv                                 0x0800028d   Thumb Code   238  lludivv7m.o(.text)
    __2sprintf                               0x0800037d   Thumb Code    34  noretval__2sprintf.o(.text)
    _printf_pre_padding                      0x080003a5   Thumb Code    44  _printf_pad.o(.text)
    _printf_post_padding                     0x080003d1   Thumb Code    34  _printf_pad.o(.text)
    _printf_str                              0x080003f3   Thumb Code    82  _printf_str.o(.text)
    _printf_int_dec                          0x08000445   Thumb Code   104  _printf_dec.o(.text)
    __printf                                 0x080004bd   Thumb Code   308  __printf_flags_wp.o(.text)
    strstr                                   0x080005f5   Thumb Code    36  strstr.o(.text)
    strlen                                   0x08000619   Thumb Code    62  strlen.o(.text)
    __aeabi_memclr                           0x08000657   Thumb Code     0  rt_memclr.o(.text)
    __rt_memclr                              0x08000657   Thumb Code    68  rt_memclr.o(.text)
    _memset                                  0x0800065b   Thumb Code     0  rt_memclr.o(.text)
    __aeabi_memclr4                          0x0800069b   Thumb Code     0  rt_memclr_w.o(.text)
    __aeabi_memclr8                          0x0800069b   Thumb Code     0  rt_memclr_w.o(.text)
    __rt_memclr_w                            0x0800069b   Thumb Code    78  rt_memclr_w.o(.text)
    _memset_w                                0x0800069f   Thumb Code     0  rt_memclr_w.o(.text)
    __use_two_region_memory                  0x080006e9   Thumb Code     2  heapauxi.o(.text)
    __rt_heap_escrow$2region                 0x080006eb   Thumb Code     2  heapauxi.o(.text)
    __rt_heap_expand$2region                 0x080006ed   Thumb Code     2  heapauxi.o(.text)
    __read_errno                             0x080006ef   Thumb Code    10  _rserrno.o(.text)
    __set_errno                              0x080006f9   Thumb Code    12  _rserrno.o(.text)
    _printf_int_common                       0x08000705   Thumb Code   178  _printf_intcommon.o(.text)
    __lib_sel_fp_printf                      0x080007b7   Thumb Code     2  _printf_fp_dec.o(.text)
    _printf_fp_dec_real                      0x08000969   Thumb Code   620  _printf_fp_dec.o(.text)
    _printf_char_common                      0x08000bdf   Thumb Code    32  _printf_char_common.o(.text)
    _sputc                                   0x08000c05   Thumb Code    10  _sputc.o(.text)
    _printf_cs_common                        0x08000c0f   Thumb Code    20  _printf_char.o(.text)
    _printf_char                             0x08000c23   Thumb Code    16  _printf_char.o(.text)
    _printf_string                           0x08000c33   Thumb Code     8  _printf_char.o(.text)
    __rt_locale                              0x08000c3d   Thumb Code     8  rt_locale_intlibspace.o(.text)
    __aeabi_errno_addr                       0x08000c45   Thumb Code     8  rt_errno_addr_intlibspace.o(.text)
    __errno$intlibspace                      0x08000c45   Thumb Code     0  rt_errno_addr_intlibspace.o(.text)
    __rt_errno_addr$intlibspace              0x08000c45   Thumb Code     0  rt_errno_addr_intlibspace.o(.text)
    _ll_udiv10                               0x08000c4d   Thumb Code   138  lludiv10.o(.text)
    _printf_fp_infnan                        0x08000cd9   Thumb Code   112  _printf_fp_infnan.o(.text)
    _btod_etento                             0x08000d59   Thumb Code   224  bigflt0.o(.text)
    __user_libspace                          0x08000e3d   Thumb Code     8  libspace.o(.text)
    __user_perproc_libspace                  0x08000e3d   Thumb Code     0  libspace.o(.text)
    __user_perthread_libspace                0x08000e3d   Thumb Code     0  libspace.o(.text)
    __user_setup_stackheap                   0x08000e45   Thumb Code    74  sys_stackheap_outer.o(.text)
    exit                                     0x08000e8f   Thumb Code    18  exit.o(.text)
    strcmp                                   0x08000ea1   Thumb Code   128  strcmpv7m.o(.text)
    _sys_exit                                0x08000f21   Thumb Code     8  sys_exit.o(.text)
    __I$use$semihosting                      0x08000f2d   Thumb Code     0  use_no_semi.o(.text)
    __use_no_semihosting_swi                 0x08000f2d   Thumb Code     2  use_no_semi.o(.text)
    __semihosting_library_function           0x08000f2f   Thumb Code     0  indicate_semi.o(.text)
    _btod_d2e                                0x08000f2f   Thumb Code    62  btod.o(CL$$btod_d2e)
    _d2e_denorm_low                          0x08000f6d   Thumb Code    70  btod.o(CL$$btod_d2e_denorm_low)
    _d2e_norm_op1                            0x08000fb3   Thumb Code    96  btod.o(CL$$btod_d2e_norm_op1)
    __btod_div_common                        0x08001013   Thumb Code   696  btod.o(CL$$btod_div_common)
    _e2e                                     0x0800134b   Thumb Code   220  btod.o(CL$$btod_e2e)
    _btod_ediv                               0x08001427   Thumb Code    42  btod.o(CL$$btod_ediv)
    _btod_emul                               0x08001451   Thumb Code    42  btod.o(CL$$btod_emul)
    __btod_mult_common                       0x0800147b   Thumb Code   580  btod.o(CL$$btod_mult_common)
    BusFault_Handler                         0x080016bf   Thumb Code     2  stm32f4xx_it.o(i.BusFault_Handler)
    DebugMon_Handler                         0x080016c1   Thumb Code     2  stm32f4xx_it.o(i.DebugMon_Handler)
    Error_Handler                            0x080016c3   Thumb Code     4  main.o(i.Error_Handler)
    HAL_DMA_Abort                            0x080016c7   Thumb Code   146  stm32f4xx_hal_dma.o(i.HAL_DMA_Abort)
    HAL_DMA_Abort_IT                         0x08001759   Thumb Code    36  stm32f4xx_hal_dma.o(i.HAL_DMA_Abort_IT)
    HAL_Delay                                0x0800177d   Thumb Code     6  delay.o(i.HAL_Delay)
    HAL_GPIO_Init                            0x08001785   Thumb Code   450  stm32f4xx_hal_gpio.o(i.HAL_GPIO_Init)
    HAL_GPIO_ReadPin                         0x08001975   Thumb Code    10  stm32f4xx_hal_gpio.o(i.HAL_GPIO_ReadPin)
    HAL_GPIO_TogglePin                       0x0800197f   Thumb Code    16  stm32f4xx_hal_gpio.o(i.HAL_GPIO_TogglePin)
    HAL_GPIO_WritePin                        0x0800198f   Thumb Code    10  stm32f4xx_hal_gpio.o(i.HAL_GPIO_WritePin)
    HAL_GetTick                              0x08001999   Thumb Code     6  stm32f4xx_hal.o(i.HAL_GetTick)
    HAL_IncTick                              0x080019a5   Thumb Code    12  stm32f4xx_hal.o(i.HAL_IncTick)
    HAL_Init                                 0x080019b5   Thumb Code    48  stm32f4xx_hal.o(i.HAL_Init)
    HAL_InitTick                             0x080019e9   Thumb Code    54  stm32f4xx_hal.o(i.HAL_InitTick)
    HAL_MspInit                              0x08001a29   Thumb Code    42  stm32f4xx_hal_msp.o(i.HAL_MspInit)
    HAL_NVIC_EnableIRQ                       0x08001a59   Thumb Code    26  stm32f4xx_hal_cortex.o(i.HAL_NVIC_EnableIRQ)
    HAL_NVIC_SetPriority                     0x08001a75   Thumb Code    60  stm32f4xx_hal_cortex.o(i.HAL_NVIC_SetPriority)
    HAL_NVIC_SetPriorityGrouping             0x08001ab5   Thumb Code    26  stm32f4xx_hal_cortex.o(i.HAL_NVIC_SetPriorityGrouping)
    HAL_RCC_ClockConfig                      0x08001ad9   Thumb Code   288  stm32f4xx_hal_rcc.o(i.HAL_RCC_ClockConfig)
    HAL_RCC_GetPCLK1Freq                     0x08001c0d   Thumb Code    20  stm32f4xx_hal_rcc.o(i.HAL_RCC_GetPCLK1Freq)
    HAL_RCC_GetPCLK2Freq                     0x08001c2d   Thumb Code    20  stm32f4xx_hal_rcc.o(i.HAL_RCC_GetPCLK2Freq)
    HAL_RCC_GetSysClockFreq                  0x08001c4d   Thumb Code    88  stm32f4xx_hal_rcc.o(i.HAL_RCC_GetSysClockFreq)
    HAL_RCC_OscConfig                        0x08001cad   Thumb Code   856  stm32f4xx_hal_rcc.o(i.HAL_RCC_OscConfig)
    HAL_SPI_Init                             0x08002019   Thumb Code   188  stm32f4xx_hal_spi.o(i.HAL_SPI_Init)
    HAL_SPI_MspInit                          0x080020d5   Thumb Code     2  stm32f4xx_hal_spi.o(i.HAL_SPI_MspInit)
    HAL_SPI_Transmit                         0x080020d7   Thumb Code   358  stm32f4xx_hal_spi.o(i.HAL_SPI_Transmit)
    HAL_SYSTICK_Config                       0x0800223d   Thumb Code    40  stm32f4xx_hal_cortex.o(i.HAL_SYSTICK_Config)
    HAL_TIMEx_MasterConfigSynchronization    0x08002265   Thumb Code   116  stm32f4xx_hal_tim_ex.o(i.HAL_TIMEx_MasterConfigSynchronization)
    HAL_TIM_Base_Init                        0x080022f5   Thumb Code    90  stm32f4xx_hal_tim.o(i.HAL_TIM_Base_Init)
    HAL_TIM_Base_MspInit                     0x08002351   Thumb Code    30  tim.o(i.HAL_TIM_Base_MspInit)
    HAL_TIM_ConfigClockSource                0x08002379   Thumb Code   220  stm32f4xx_hal_tim.o(i.HAL_TIM_ConfigClockSource)
    HAL_UARTEx_RxEventCallback               0x08002455   Thumb Code     2  stm32f4xx_hal_uart.o(i.HAL_UARTEx_RxEventCallback)
    HAL_UART_ErrorCallback                   0x08002457   Thumb Code     2  stm32f4xx_hal_uart.o(i.HAL_UART_ErrorCallback)
    HAL_UART_IRQHandler                      0x08002459   Thumb Code   618  stm32f4xx_hal_uart.o(i.HAL_UART_IRQHandler)
    HAL_UART_Init                            0x080026c9   Thumb Code   100  stm32f4xx_hal_uart.o(i.HAL_UART_Init)
    HAL_UART_MspInit                         0x0800272d   Thumb Code   186  usart.o(i.HAL_UART_MspInit)
    HAL_UART_Receive_IT                      0x080027fd   Thumb Code    28  stm32f4xx_hal_uart.o(i.HAL_UART_Receive_IT)
    HAL_UART_RxCpltCallback                  0x08002819   Thumb Code    14  stm32f4xx_it.o(i.HAL_UART_RxCpltCallback)
    HAL_UART_Transmit                        0x0800282d   Thumb Code   160  stm32f4xx_hal_uart.o(i.HAL_UART_Transmit)
    HAL_UART_TxCpltCallback                  0x080028cd   Thumb Code     2  stm32f4xx_hal_uart.o(i.HAL_UART_TxCpltCallback)
    HardFault_Handler                        0x080028cf   Thumb Code     2  stm32f4xx_it.o(i.HardFault_Handler)
    MPU_Get_Accelerometer                    0x080028d1   Thumb Code    50  mpu6050.o(i.MPU_Get_Accelerometer)
    MPU_IIC_Init                             0x08002905   Thumb Code    94  mpu6050.o(i.MPU_IIC_Init)
    MPU_Init                                 0x08002b61   Thumb Code   132  mpu6050.o(i.MPU_Init)
    MPU_Read_Byte                            0x08002be5   Thumb Code    58  mpu6050.o(i.MPU_Read_Byte)
    MPU_Read_Len                             0x08002c21   Thumb Code   108  mpu6050.o(i.MPU_Read_Len)
    MPU_Set_Accel_Fsr                        0x08002c8d   Thumb Code    10  mpu6050.o(i.MPU_Set_Accel_Fsr)
    MPU_Set_Gyro_Fsr                         0x08002c97   Thumb Code    10  mpu6050.o(i.MPU_Set_Gyro_Fsr)
    MPU_Set_LPF                              0x08002ca1   Thumb Code    48  mpu6050.o(i.MPU_Set_LPF)
    MPU_Set_Rate                             0x08002cd1   Thumb Code    46  mpu6050.o(i.MPU_Set_Rate)
    MPU_Write_Byte                           0x08002cff   Thumb Code    60  mpu6050.o(i.MPU_Write_Byte)
    MX_GPIO_Init                             0x08002d3d   Thumb Code   286  gpio.o(i.MX_GPIO_Init)
    MX_TIM5_Init                             0x08002e6d   Thumb Code    90  tim.o(i.MX_TIM5_Init)
    MX_USART1_UART_Init                      0x08002ed1   Thumb Code    48  usart.o(i.MX_USART1_UART_Init)
    MX_USART3_UART_Init                      0x08002f09   Thumb Code    48  usart.o(i.MX_USART3_UART_Init)
    MemManage_Handler                        0x08002f41   Thumb Code     2  stm32f4xx_it.o(i.MemManage_Handler)
    NMI_Handler                              0x08002f43   Thumb Code     2  stm32f4xx_it.o(i.NMI_Handler)
    PMS7003_GetData                          0x08002f45   Thumb Code     4  pms7003.o(i.PMS7003_GetData)
    PMS7003_Init                             0x08002f4d   Thumb Code    32  pms7003.o(i.PMS7003_Init)
    PMS7003_UART_RxCallback                  0x08002ff9   Thumb Code    78  pms7003.o(i.PMS7003_UART_RxCallback)
    PendSV_Handler                           0x08003055   Thumb Code     2  stm32f4xx_it.o(i.PendSV_Handler)
    SVC_Handler                              0x08003169   Thumb Code     2  stm32f4xx_it.o(i.SVC_Handler)
    SysTick_Handler                          0x0800316b   Thumb Code     4  stm32f4xx_it.o(i.SysTick_Handler)
    SystemClock_Config                       0x08003171   Thumb Code   138  main.o(i.SystemClock_Config)
    SystemInit                               0x08003205   Thumb Code    12  system_stm32f4xx.o(i.SystemInit)
    TIM_Base_SetConfig                       0x08003215   Thumb Code   156  stm32f4xx_hal_tim.o(i.TIM_Base_SetConfig)
    TIM_ETR_SetConfig                        0x080032dd   Thumb Code    20  stm32f4xx_hal_tim.o(i.TIM_ETR_SetConfig)
    UART_Start_Receive_IT                    0x08003575   Thumb Code    54  stm32f4xx_hal_uart.o(i.UART_Start_Receive_IT)
    USART1_IRQHandler                        0x0800361d   Thumb Code     6  stm32f4xx_it.o(i.USART1_IRQHandler)
    USART3_IRQHandler                        0x08003629   Thumb Code    90  stm32f4xx_it.o(i.USART3_IRQHandler)
    UsageFault_Handler                       0x08003691   Thumb Code     2  stm32f4xx_it.o(i.UsageFault_Handler)
    __ARM_fpclassify                         0x08003693   Thumb Code    48  fpclassify.o(i.__ARM_fpclassify)
    __hardfp_sqrtf                           0x080036e3   Thumb Code    58  sqrtf.o(i.__hardfp_sqrtf)
    _is_digit                                0x0800371d   Thumb Code    14  __printf_wp.o(i._is_digit)
    beep_init                                0x0800372d   Thumb Code    70  beep.o(i.beep_init)
    beep_off                                 0x0800377d   Thumb Code    12  beep.o(i.beep_off)
    beep_on                                  0x0800378d   Thumb Code    10  beep.o(i.beep_on)
    beep_toggle                              0x0800379d   Thumb Code    10  beep.o(i.beep_toggle)
    delay_init                               0x080037ad   Thumb Code     6  delay.o(i.delay_init)
    delay_ms                                 0x080037b9   Thumb Code    10  delay.o(i.delay_ms)
    delay_us                                 0x080037c5   Thumb Code    48  delay.o(i.delay_us)
    esp8266_auto_connect                     0x080037f9   Thumb Code     8  esp8266.o(i.esp8266_auto_connect)
    esp8266_check                            0x08003805   Thumb Code    86  esp8266.o(i.esp8266_check)
    esp8266_clear_buf                        0x08003871   Thumb Code    20  esp8266.o(i.esp8266_clear_buf)
    esp8266_connect_ap                       0x0800388d   Thumb Code    92  esp8266.o(i.esp8266_connect_ap)
    esp8266_connect_atkcld                   0x0800392d   Thumb Code    38  esp8266.o(i.esp8266_connect_atkcld)
    esp8266_disconnect_ap                    0x08003981   Thumb Code    12  esp8266.o(i.esp8266_disconnect_ap)
    esp8266_disconnect_atkcld                0x0800399d   Thumb Code    22  esp8266.o(i.esp8266_disconnect_atkcld)
    esp8266_init                             0x080039d9   Thumb Code    68  esp8266.o(i.esp8266_init)
    esp8266_send_atkcld_data                 0x08003a25   Thumb Code    26  esp8266.o(i.esp8266_send_atkcld_data)
    esp8266_send_cmd                         0x08003a45   Thumb Code    72  esp8266.o(i.esp8266_send_cmd)
    esp8266_set_mode                         0x08003a95   Thumb Code    30  esp8266.o(i.esp8266_set_mode)
    esp8266_start_smartconfig                0x08003ac9   Thumb Code    30  esp8266.o(i.esp8266_start_smartconfig)
    esp8266_stop_smartconfig                 0x08003b01   Thumb Code    12  esp8266.o(i.esp8266_stop_smartconfig)
    fall_detect_get_state_string             0x08003b25   Thumb Code    38  fall_detect.o(i.fall_detect_get_state_string)
    fall_detect_init                         0x08003b81   Thumb Code    84  fall_detect.o(i.fall_detect_init)
    fall_detect_update                       0x08003bdd   Thumb Code   288  fall_detect.o(i.fall_detect_update)
    key_init                                 0x08003d09   Thumb Code   146  key.o(i.key_init)
    key_scan                                 0x08003da9   Thumb Code   220  key.o(i.key_scan)
    lcd_clear                                0x08003e91   Thumb Code    48  lcd_1.o(i.lcd_clear)
    lcd_display_dir                          0x08003ec5   Thumb Code    36  lcd_1.o(i.lcd_display_dir)
    lcd_draw_point                           0x08003eed   Thumb Code    22  lcd_1.o(i.lcd_draw_point)
    lcd_init                                 0x08003f9d   Thumb Code   114  lcd_1.o(i.lcd_init)
    lcd_show_char                            0x080041e1   Thumb Code   188  lcd_1.o(i.lcd_show_char)
    lcd_show_string                          0x080042b1   Thumb Code    86  lcd_1.o(i.lcd_show_string)
    lowpass_filter_init                      0x08004419   Thumb Code    18  filter.o(i.lowpass_filter_init)
    lowpass_filter_update                    0x08004431   Thumb Code    48  filter.o(i.lowpass_filter_update)
    main                                     0x08004461   Thumb Code  2122  main.o(i.main)
    _get_lc_numeric                          0x08004d25   Thumb Code    44  lc_numeric_c.o(locale$$code)
    __fpl_dretinf                            0x08004d51   Thumb Code    12  dretinf.o(x$fpl$dretinf)
    __aeabi_f2d                              0x08004d5d   Thumb Code     0  f2d.o(x$fpl$f2d)
    _f2d                                     0x08004d5d   Thumb Code    86  f2d.o(x$fpl$f2d)
    __fpl_fnaninf                            0x08004db3   Thumb Code   140  fnaninf.o(x$fpl$fnaninf)
    _fp_init                                 0x08004e3f   Thumb Code    10  fpinit.o(x$fpl$fpinit)
    __fplib_config_fpu_vfp                   0x08004e47   Thumb Code     0  fpinit.o(x$fpl$fpinit)
    __fplib_config_pureend_doubles           0x08004e47   Thumb Code     0  fpinit.o(x$fpl$fpinit)
    _printf_fp_dec                           0x08004e49   Thumb Code     4  printf1.o(x$fpl$printf1)
    AHBPrescTable                            0x08004e4c   Data          16  system_stm32f4xx.o(.constdata)
    __I$use$fp                               0x08004e4c   Number         0  usenofp.o(x$fpl$usenofp)
    APBPrescTable                            0x08004e5c   Data           8  system_stm32f4xx.o(.constdata)
    asc2_1206                                0x08004e70   Data        1140  lcd_1.o(.constdata)
    asc2_1608                                0x080052e4   Data        1520  lcd_1.o(.constdata)
    asc2_2412                                0x080058d4   Data        3420  lcd_1.o(.constdata)
    Region$$Table$$Base                      0x080066d8   Number         0  anon$$obj.o(Region$$Table)
    Region$$Table$$Limit                     0x080066f8   Number         0  anon$$obj.o(Region$$Table)
    beep_test_mode                           0x20000000   Data           1  main.o(.data)
    wifi_config_mode                         0x20000001   Data           1  main.o(.data)
    wifi_connected                           0x20000002   Data           1  main.o(.data)
    atkcld_connected                         0x20000003   Data           1  main.o(.data)
    system_time_ms                           0x20000004   Data           4  main.o(.data)
    uwTickFreq                               0x2000000c   Data           1  stm32f4xx_hal.o(.data)
    uwTickPrio                               0x20000010   Data           4  stm32f4xx_hal.o(.data)
    uwTick                                   0x20000014   Data           4  stm32f4xx_hal.o(.data)
    SystemCoreClock                          0x20000018   Data           4  system_stm32f4xx.o(.data)
    esp8266_rx_cnt                           0x20000020   Data           2  esp8266.o(.data)
    g_back_color                             0x20000024   Data           4  lcd_1.o(.data)
    display_buf                              0x20000028   Data          20  main.o(.bss)
    fall_detector                            0x2000003c   Data          60  main.o(.bss)
    htim5                                    0x20000078   Data          72  tim.o(.bss)
    huart1                                   0x200000c0   Data          72  usart.o(.bss)
    huart3                                   0x20000108   Data          72  usart.o(.bss)
    esp8266_rx_buf                           0x2000022b   Data        1024  esp8266.o(.bss)
    lcddev                                   0x20000684   Data          14  lcd_1.o(.bss)
    __libspace_start                         0x20000694   Data          96  libspace.o(.bss)
    __temporary_stack_top$libspace           0x200006f4   Data           0  libspace.o(.bss)



==============================================================================

Memory Map of the image

  Image Entry point : 0x08000189

  Load Region LR_IROM1 (Base: 0x08000000, Size: 0x0000673c, Max: 0x00100000, ABSOLUTE)

    Execution Region ER_IROM1 (Exec base: 0x08000000, Load base: 0x08000000, Size: 0x00006714, Max: 0x00100000, ABSOLUTE)

    Exec Addr    Load Addr    Size         Type   Attr      Idx    E Section Name        Object

    0x08000000   0x08000000   0x00000188   Data   RO            3    RESET               startup_stm32f407xx.o
    0x08000188   0x08000188   0x00000008   Code   RO         4648  * !!!main             c_w.l(__main.o)
    0x08000190   0x08000190   0x00000034   Code   RO         5012    !!!scatter          c_w.l(__scatter.o)
    0x080001c4   0x080001c4   0x0000001a   Code   RO         5014    !!handler_copy      c_w.l(__scatter_copy.o)
    0x080001de   0x080001de   0x00000002   PAD
    0x080001e0   0x080001e0   0x0000001c   Code   RO         5016    !!handler_zi        c_w.l(__scatter_zi.o)
    0x080001fc   0x080001fc   0x00000000   Code   RO         4629    .ARM.Collect$$_printf_percent$$00000000  c_w.l(_printf_percent.o)
    0x080001fc   0x080001fc   0x00000006   Code   RO         4628    .ARM.Collect$$_printf_percent$$00000003  c_w.l(_printf_f.o)
    0x08000202   0x08000202   0x00000006   Code   RO         4627    .ARM.Collect$$_printf_percent$$00000009  c_w.l(_printf_d.o)
    0x08000208   0x08000208   0x00000006   Code   RO         4626    .ARM.Collect$$_printf_percent$$00000014  c_w.l(_printf_s.o)
    0x0800020e   0x0800020e   0x00000004   Code   RO         4729    .ARM.Collect$$_printf_percent$$00000017  c_w.l(_printf_percent_end.o)
    0x08000212   0x08000212   0x00000002   Code   RO         4883    .ARM.Collect$$libinit$$00000000  c_w.l(libinit.o)
    0x08000214   0x08000214   0x00000004   Code   RO         4884    .ARM.Collect$$libinit$$00000001  c_w.l(libinit2.o)
    0x08000218   0x08000218   0x00000000   Code   RO         4887    .ARM.Collect$$libinit$$00000004  c_w.l(libinit2.o)
    0x08000218   0x08000218   0x00000000   Code   RO         4890    .ARM.Collect$$libinit$$0000000A  c_w.l(libinit2.o)
    0x08000218   0x08000218   0x00000000   Code   RO         4892    .ARM.Collect$$libinit$$0000000C  c_w.l(libinit2.o)
    0x08000218   0x08000218   0x00000000   Code   RO         4894    .ARM.Collect$$libinit$$0000000E  c_w.l(libinit2.o)
    0x08000218   0x08000218   0x00000006   Code   RO         4895    .ARM.Collect$$libinit$$0000000F  c_w.l(libinit2.o)
    0x0800021e   0x0800021e   0x00000000   Code   RO         4897    .ARM.Collect$$libinit$$00000011  c_w.l(libinit2.o)
    0x0800021e   0x0800021e   0x00000000   Code   RO         4899    .ARM.Collect$$libinit$$00000013  c_w.l(libinit2.o)
    0x0800021e   0x0800021e   0x00000000   Code   RO         4901    .ARM.Collect$$libinit$$00000015  c_w.l(libinit2.o)
    0x0800021e   0x0800021e   0x0000000a   Code   RO         4902    .ARM.Collect$$libinit$$00000016  c_w.l(libinit2.o)
    0x08000228   0x08000228   0x00000000   Code   RO         4903    .ARM.Collect$$libinit$$00000017  c_w.l(libinit2.o)
    0x08000228   0x08000228   0x00000000   Code   RO         4905    .ARM.Collect$$libinit$$00000019  c_w.l(libinit2.o)
    0x08000228   0x08000228   0x00000000   Code   RO         4907    .ARM.Collect$$libinit$$0000001B  c_w.l(libinit2.o)
    0x08000228   0x08000228   0x00000000   Code   RO         4909    .ARM.Collect$$libinit$$0000001D  c_w.l(libinit2.o)
    0x08000228   0x08000228   0x00000000   Code   RO         4911    .ARM.Collect$$libinit$$0000001F  c_w.l(libinit2.o)
    0x08000228   0x08000228   0x00000000   Code   RO         4913    .ARM.Collect$$libinit$$00000021  c_w.l(libinit2.o)
    0x08000228   0x08000228   0x00000000   Code   RO         4915    .ARM.Collect$$libinit$$00000023  c_w.l(libinit2.o)
    0x08000228   0x08000228   0x00000000   Code   RO         4917    .ARM.Collect$$libinit$$00000025  c_w.l(libinit2.o)
    0x08000228   0x08000228   0x00000000   Code   RO         4921    .ARM.Collect$$libinit$$0000002C  c_w.l(libinit2.o)
    0x08000228   0x08000228   0x00000000   Code   RO         4923    .ARM.Collect$$libinit$$0000002E  c_w.l(libinit2.o)
    0x08000228   0x08000228   0x00000000   Code   RO         4925    .ARM.Collect$$libinit$$00000030  c_w.l(libinit2.o)
    0x08000228   0x08000228   0x00000000   Code   RO         4927    .ARM.Collect$$libinit$$00000032  c_w.l(libinit2.o)
    0x08000228   0x08000228   0x00000002   Code   RO         4928    .ARM.Collect$$libinit$$00000033  c_w.l(libinit2.o)
    0x0800022a   0x0800022a   0x00000002   Code   RO         4975    .ARM.Collect$$libshutdown$$00000000  c_w.l(libshutdown.o)
    0x0800022c   0x0800022c   0x00000000   Code   RO         4993    .ARM.Collect$$libshutdown$$00000002  c_w.l(libshutdown2.o)
    0x0800022c   0x0800022c   0x00000000   Code   RO         4995    .ARM.Collect$$libshutdown$$00000004  c_w.l(libshutdown2.o)
    0x0800022c   0x0800022c   0x00000000   Code   RO         4997    .ARM.Collect$$libshutdown$$00000006  c_w.l(libshutdown2.o)
    0x0800022c   0x0800022c   0x00000000   Code   RO         5000    .ARM.Collect$$libshutdown$$00000009  c_w.l(libshutdown2.o)
    0x0800022c   0x0800022c   0x00000000   Code   RO         5003    .ARM.Collect$$libshutdown$$0000000C  c_w.l(libshutdown2.o)
    0x0800022c   0x0800022c   0x00000000   Code   RO         5005    .ARM.Collect$$libshutdown$$0000000E  c_w.l(libshutdown2.o)
    0x0800022c   0x0800022c   0x00000000   Code   RO         5008    .ARM.Collect$$libshutdown$$00000011  c_w.l(libshutdown2.o)
    0x0800022c   0x0800022c   0x00000002   Code   RO         5009    .ARM.Collect$$libshutdown$$00000012  c_w.l(libshutdown2.o)
    0x0800022e   0x0800022e   0x00000000   Code   RO         4712    .ARM.Collect$$rtentry$$00000000  c_w.l(__rtentry.o)
    0x0800022e   0x0800022e   0x00000000   Code   RO         4797    .ARM.Collect$$rtentry$$00000002  c_w.l(__rtentry2.o)
    0x0800022e   0x0800022e   0x00000006   Code   RO         4809    .ARM.Collect$$rtentry$$00000004  c_w.l(__rtentry4.o)
    0x08000234   0x08000234   0x00000000   Code   RO         4799    .ARM.Collect$$rtentry$$00000009  c_w.l(__rtentry2.o)
    0x08000234   0x08000234   0x00000004   Code   RO         4800    .ARM.Collect$$rtentry$$0000000A  c_w.l(__rtentry2.o)
    0x08000238   0x08000238   0x00000000   Code   RO         4802    .ARM.Collect$$rtentry$$0000000C  c_w.l(__rtentry2.o)
    0x08000238   0x08000238   0x00000008   Code   RO         4803    .ARM.Collect$$rtentry$$0000000D  c_w.l(__rtentry2.o)
    0x08000240   0x08000240   0x00000002   Code   RO         4929    .ARM.Collect$$rtexit$$00000000  c_w.l(rtexit.o)
    0x08000242   0x08000242   0x00000000   Code   RO         4944    .ARM.Collect$$rtexit$$00000002  c_w.l(rtexit2.o)
    0x08000242   0x08000242   0x00000004   Code   RO         4945    .ARM.Collect$$rtexit$$00000003  c_w.l(rtexit2.o)
    0x08000246   0x08000246   0x00000006   Code   RO         4946    .ARM.Collect$$rtexit$$00000004  c_w.l(rtexit2.o)
    0x0800024c   0x0800024c   0x00000040   Code   RO            4    .text               startup_stm32f407xx.o
    0x0800028c   0x0800028c   0x000000ee   Code   RO         4590    .text               c_w.l(lludivv7m.o)
    0x0800037a   0x0800037a   0x00000002   PAD
    0x0800037c   0x0800037c   0x00000028   Code   RO         4596    .text               c_w.l(noretval__2sprintf.o)
    0x080003a4   0x080003a4   0x0000004e   Code   RO         4600    .text               c_w.l(_printf_pad.o)
    0x080003f2   0x080003f2   0x00000052   Code   RO         4602    .text               c_w.l(_printf_str.o)
    0x08000444   0x08000444   0x00000078   Code   RO         4604    .text               c_w.l(_printf_dec.o)
    0x080004bc   0x080004bc   0x00000138   Code   RO         4618    .text               c_w.l(__printf_flags_wp.o)
    0x080005f4   0x080005f4   0x00000024   Code   RO         4630    .text               c_w.l(strstr.o)
    0x08000618   0x08000618   0x0000003e   Code   RO         4634    .text               c_w.l(strlen.o)
    0x08000656   0x08000656   0x00000044   Code   RO         4640    .text               c_w.l(rt_memclr.o)
    0x0800069a   0x0800069a   0x0000004e   Code   RO         4642    .text               c_w.l(rt_memclr_w.o)
    0x080006e8   0x080006e8   0x00000006   Code   RO         4646    .text               c_w.l(heapauxi.o)
    0x080006ee   0x080006ee   0x00000016   Code   RO         4717    .text               c_w.l(_rserrno.o)
    0x08000704   0x08000704   0x000000b2   Code   RO         4719    .text               c_w.l(_printf_intcommon.o)
    0x080007b6   0x080007b6   0x0000041e   Code   RO         4721    .text               c_w.l(_printf_fp_dec.o)
    0x08000bd4   0x08000bd4   0x00000030   Code   RO         4723    .text               c_w.l(_printf_char_common.o)
    0x08000c04   0x08000c04   0x0000000a   Code   RO         4725    .text               c_w.l(_sputc.o)
    0x08000c0e   0x08000c0e   0x0000002c   Code   RO         4727    .text               c_w.l(_printf_char.o)
    0x08000c3a   0x08000c3a   0x00000002   PAD
    0x08000c3c   0x08000c3c   0x00000008   Code   RO         4816    .text               c_w.l(rt_locale_intlibspace.o)
    0x08000c44   0x08000c44   0x00000008   Code   RO         4821    .text               c_w.l(rt_errno_addr_intlibspace.o)
    0x08000c4c   0x08000c4c   0x0000008a   Code   RO         4823    .text               c_w.l(lludiv10.o)
    0x08000cd6   0x08000cd6   0x00000002   PAD
    0x08000cd8   0x08000cd8   0x00000080   Code   RO         4825    .text               c_w.l(_printf_fp_infnan.o)
    0x08000d58   0x08000d58   0x000000e4   Code   RO         4829    .text               c_w.l(bigflt0.o)
    0x08000e3c   0x08000e3c   0x00000008   Code   RO         4865    .text               c_w.l(libspace.o)
    0x08000e44   0x08000e44   0x0000004a   Code   RO         4868    .text               c_w.l(sys_stackheap_outer.o)
    0x08000e8e   0x08000e8e   0x00000012   Code   RO         4870    .text               c_w.l(exit.o)
    0x08000ea0   0x08000ea0   0x00000080   Code   RO         4876    .text               c_w.l(strcmpv7m.o)
    0x08000f20   0x08000f20   0x0000000c   Code   RO         4941    .text               c_w.l(sys_exit.o)
    0x08000f2c   0x08000f2c   0x00000002   Code   RO         4962    .text               c_w.l(use_no_semi.o)
    0x08000f2e   0x08000f2e   0x00000000   Code   RO         4964    .text               c_w.l(indicate_semi.o)
    0x08000f2e   0x08000f2e   0x0000003e   Code   RO         4832    CL$$btod_d2e        c_w.l(btod.o)
    0x08000f6c   0x08000f6c   0x00000046   Code   RO         4834    CL$$btod_d2e_denorm_low  c_w.l(btod.o)
    0x08000fb2   0x08000fb2   0x00000060   Code   RO         4833    CL$$btod_d2e_norm_op1  c_w.l(btod.o)
    0x08001012   0x08001012   0x00000338   Code   RO         4842    CL$$btod_div_common  c_w.l(btod.o)
    0x0800134a   0x0800134a   0x000000dc   Code   RO         4839    CL$$btod_e2e        c_w.l(btod.o)
    0x08001426   0x08001426   0x0000002a   Code   RO         4836    CL$$btod_ediv       c_w.l(btod.o)
    0x08001450   0x08001450   0x0000002a   Code   RO         4835    CL$$btod_emul       c_w.l(btod.o)
    0x0800147a   0x0800147a   0x00000244   Code   RO         4841    CL$$btod_mult_common  c_w.l(btod.o)
    0x080016be   0x080016be   0x00000002   Code   RO          288    i.BusFault_Handler  stm32f4xx_it.o
    0x080016c0   0x080016c0   0x00000002   Code   RO          289    i.DebugMon_Handler  stm32f4xx_it.o
    0x080016c2   0x080016c2   0x00000004   Code   RO           13    i.Error_Handler     main.o
    0x080016c6   0x080016c6   0x00000092   Code   RO         1038    i.HAL_DMA_Abort     stm32f4xx_hal_dma.o
    0x08001758   0x08001758   0x00000024   Code   RO         1039    i.HAL_DMA_Abort_IT  stm32f4xx_hal_dma.o
    0x0800177c   0x0800177c   0x00000006   Code   RO          453    i.HAL_Delay         delay.o
    0x08001782   0x08001782   0x00000002   PAD
    0x08001784   0x08001784   0x000001f0   Code   RO          931    i.HAL_GPIO_Init     stm32f4xx_hal_gpio.o
    0x08001974   0x08001974   0x0000000a   Code   RO          933    i.HAL_GPIO_ReadPin  stm32f4xx_hal_gpio.o
    0x0800197e   0x0800197e   0x00000010   Code   RO          934    i.HAL_GPIO_TogglePin  stm32f4xx_hal_gpio.o
    0x0800198e   0x0800198e   0x0000000a   Code   RO          935    i.HAL_GPIO_WritePin  stm32f4xx_hal_gpio.o
    0x08001998   0x08001998   0x0000000c   Code   RO         1463    i.HAL_GetTick       stm32f4xx_hal.o
    0x080019a4   0x080019a4   0x00000010   Code   RO         1469    i.HAL_IncTick       stm32f4xx_hal.o
    0x080019b4   0x080019b4   0x00000034   Code   RO         1470    i.HAL_Init          stm32f4xx_hal.o
    0x080019e8   0x080019e8   0x00000040   Code   RO         1471    i.HAL_InitTick      stm32f4xx_hal.o
    0x08001a28   0x08001a28   0x00000030   Code   RO          381    i.HAL_MspInit       stm32f4xx_hal_msp.o
    0x08001a58   0x08001a58   0x0000001a   Code   RO         1320    i.HAL_NVIC_EnableIRQ  stm32f4xx_hal_cortex.o
    0x08001a72   0x08001a72   0x00000002   PAD
    0x08001a74   0x08001a74   0x00000040   Code   RO         1326    i.HAL_NVIC_SetPriority  stm32f4xx_hal_cortex.o
    0x08001ab4   0x08001ab4   0x00000024   Code   RO         1327    i.HAL_NVIC_SetPriorityGrouping  stm32f4xx_hal_cortex.o
    0x08001ad8   0x08001ad8   0x00000134   Code   RO          577    i.HAL_RCC_ClockConfig  stm32f4xx_hal_rcc.o
    0x08001c0c   0x08001c0c   0x00000020   Code   RO          584    i.HAL_RCC_GetPCLK1Freq  stm32f4xx_hal_rcc.o
    0x08001c2c   0x08001c2c   0x00000020   Code   RO          585    i.HAL_RCC_GetPCLK2Freq  stm32f4xx_hal_rcc.o
    0x08001c4c   0x08001c4c   0x00000060   Code   RO          586    i.HAL_RCC_GetSysClockFreq  stm32f4xx_hal_rcc.o
    0x08001cac   0x08001cac   0x0000036c   Code   RO          589    i.HAL_RCC_OscConfig  stm32f4xx_hal_rcc.o
    0x08002018   0x08002018   0x000000bc   Code   RO         3055    i.HAL_SPI_Init      stm32f4xx_hal_spi.o
    0x080020d4   0x080020d4   0x00000002   Code   RO         3057    i.HAL_SPI_MspInit   stm32f4xx_hal_spi.o
    0x080020d6   0x080020d6   0x00000166   Code   RO         3063    i.HAL_SPI_Transmit  stm32f4xx_hal_spi.o
    0x0800223c   0x0800223c   0x00000028   Code   RO         1331    i.HAL_SYSTICK_Config  stm32f4xx_hal_cortex.o
    0x08002264   0x08002264   0x00000090   Code   RO         2433    i.HAL_TIMEx_MasterConfigSynchronization  stm32f4xx_hal_tim_ex.o
    0x080022f4   0x080022f4   0x0000005a   Code   RO         1710    i.HAL_TIM_Base_Init  stm32f4xx_hal_tim.o
    0x0800234e   0x0800234e   0x00000002   PAD
    0x08002350   0x08002350   0x00000028   Code   RO          247    i.HAL_TIM_Base_MspInit  tim.o
    0x08002378   0x08002378   0x000000dc   Code   RO         1719    i.HAL_TIM_ConfigClockSource  stm32f4xx_hal_tim.o
    0x08002454   0x08002454   0x00000002   Code   RO         2693    i.HAL_UARTEx_RxEventCallback  stm32f4xx_hal_uart.o
    0x08002456   0x08002456   0x00000002   Code   RO         2707    i.HAL_UART_ErrorCallback  stm32f4xx_hal_uart.o
    0x08002458   0x08002458   0x00000270   Code   RO         2710    i.HAL_UART_IRQHandler  stm32f4xx_hal_uart.o
    0x080026c8   0x080026c8   0x00000064   Code   RO         2711    i.HAL_UART_Init     stm32f4xx_hal_uart.o
    0x0800272c   0x0800272c   0x000000d0   Code   RO          406    i.HAL_UART_MspInit  usart.o
    0x080027fc   0x080027fc   0x0000001c   Code   RO         2716    i.HAL_UART_Receive_IT  stm32f4xx_hal_uart.o
    0x08002818   0x08002818   0x00000014   Code   RO          290    i.HAL_UART_RxCpltCallback  stm32f4xx_it.o
    0x0800282c   0x0800282c   0x000000a0   Code   RO         2719    i.HAL_UART_Transmit  stm32f4xx_hal_uart.o
    0x080028cc   0x080028cc   0x00000002   Code   RO         2722    i.HAL_UART_TxCpltCallback  stm32f4xx_hal_uart.o
    0x080028ce   0x080028ce   0x00000002   Code   RO          291    i.HardFault_Handler  stm32f4xx_it.o
    0x080028d0   0x080028d0   0x00000032   Code   RO         3950    i.MPU_Get_Accelerometer  mpu6050.o
    0x08002902   0x08002902   0x00000002   PAD
    0x08002904   0x08002904   0x00000068   Code   RO         3953    i.MPU_IIC_Init      mpu6050.o
    0x0800296c   0x0800296c   0x000000b8   Code   RO         3954    i.MPU_IIC_Read_Byte  mpu6050.o
    0x08002a24   0x08002a24   0x00000058   Code   RO         3955    i.MPU_IIC_Send_Byte  mpu6050.o
    0x08002a7c   0x08002a7c   0x00000048   Code   RO         3956    i.MPU_IIC_Start     mpu6050.o
    0x08002ac4   0x08002ac4   0x0000003c   Code   RO         3957    i.MPU_IIC_Stop      mpu6050.o
    0x08002b00   0x08002b00   0x00000060   Code   RO         3958    i.MPU_IIC_Wait_Ack  mpu6050.o
    0x08002b60   0x08002b60   0x00000084   Code   RO         3959    i.MPU_Init          mpu6050.o
    0x08002be4   0x08002be4   0x0000003a   Code   RO         3960    i.MPU_Read_Byte     mpu6050.o
    0x08002c1e   0x08002c1e   0x00000002   PAD
    0x08002c20   0x08002c20   0x0000006c   Code   RO         3961    i.MPU_Read_Len      mpu6050.o
    0x08002c8c   0x08002c8c   0x0000000a   Code   RO         3962    i.MPU_Set_Accel_Fsr  mpu6050.o
    0x08002c96   0x08002c96   0x0000000a   Code   RO         3963    i.MPU_Set_Gyro_Fsr  mpu6050.o
    0x08002ca0   0x08002ca0   0x00000030   Code   RO         3964    i.MPU_Set_LPF       mpu6050.o
    0x08002cd0   0x08002cd0   0x0000002e   Code   RO         3965    i.MPU_Set_Rate      mpu6050.o
    0x08002cfe   0x08002cfe   0x0000003c   Code   RO         3966    i.MPU_Write_Byte    mpu6050.o
    0x08002d3a   0x08002d3a   0x00000002   PAD
    0x08002d3c   0x08002d3c   0x00000130   Code   RO          222    i.MX_GPIO_Init      gpio.o
    0x08002e6c   0x08002e6c   0x00000064   Code   RO          248    i.MX_TIM5_Init      tim.o
    0x08002ed0   0x08002ed0   0x00000038   Code   RO          407    i.MX_USART1_UART_Init  usart.o
    0x08002f08   0x08002f08   0x00000038   Code   RO          408    i.MX_USART3_UART_Init  usart.o
    0x08002f40   0x08002f40   0x00000002   Code   RO          292    i.MemManage_Handler  stm32f4xx_it.o
    0x08002f42   0x08002f42   0x00000002   Code   RO          293    i.NMI_Handler       stm32f4xx_it.o
    0x08002f44   0x08002f44   0x00000008   Code   RO         4212    i.PMS7003_GetData   pms7003.o
    0x08002f4c   0x08002f4c   0x0000002c   Code   RO         4213    i.PMS7003_Init      pms7003.o
    0x08002f78   0x08002f78   0x00000080   Code   RO         4214    i.PMS7003_ParseData  pms7003.o
    0x08002ff8   0x08002ff8   0x0000005c   Code   RO         4216    i.PMS7003_UART_RxCallback  pms7003.o
    0x08003054   0x08003054   0x00000002   Code   RO          294    i.PendSV_Handler    stm32f4xx_it.o
    0x08003056   0x08003056   0x00000002   PAD
    0x08003058   0x08003058   0x00000058   Code   RO         3093    i.SPI_EndRxTxTransaction  stm32f4xx_hal_spi.o
    0x080030b0   0x080030b0   0x000000b8   Code   RO         3098    i.SPI_WaitFlagStateUntilTimeout  stm32f4xx_hal_spi.o
    0x08003168   0x08003168   0x00000002   Code   RO          295    i.SVC_Handler       stm32f4xx_it.o
    0x0800316a   0x0800316a   0x00000004   Code   RO          296    i.SysTick_Handler   stm32f4xx_it.o
    0x0800316e   0x0800316e   0x00000002   PAD
    0x08003170   0x08003170   0x00000094   Code   RO           14    i.SystemClock_Config  main.o
    0x08003204   0x08003204   0x00000010   Code   RO         3367    i.SystemInit        system_stm32f4xx.o
    0x08003214   0x08003214   0x000000c8   Code   RO         1803    i.TIM_Base_SetConfig  stm32f4xx_hal_tim.o
    0x080032dc   0x080032dc   0x00000014   Code   RO         1814    i.TIM_ETR_SetConfig  stm32f4xx_hal_tim.o
    0x080032f0   0x080032f0   0x00000010   Code   RO         1815    i.TIM_ITRx_SetConfig  stm32f4xx_hal_tim.o
    0x08003300   0x08003300   0x00000022   Code   RO         1821    i.TIM_TI1_ConfigInputStage  stm32f4xx_hal_tim.o
    0x08003322   0x08003322   0x00000024   Code   RO         1823    i.TIM_TI2_ConfigInputStage  stm32f4xx_hal_tim.o
    0x08003346   0x08003346   0x00000010   Code   RO         2724    i.UART_DMAAbortOnError  stm32f4xx_hal_uart.o
    0x08003356   0x08003356   0x0000004e   Code   RO         2734    i.UART_EndRxTransfer  stm32f4xx_hal_uart.o
    0x080033a4   0x080033a4   0x000000c2   Code   RO         2736    i.UART_Receive_IT   stm32f4xx_hal_uart.o
    0x08003466   0x08003466   0x00000002   PAD
    0x08003468   0x08003468   0x0000010c   Code   RO         2737    i.UART_SetConfig    stm32f4xx_hal_uart.o
    0x08003574   0x08003574   0x00000036   Code   RO         2739    i.UART_Start_Receive_IT  stm32f4xx_hal_uart.o
    0x080035aa   0x080035aa   0x00000072   Code   RO         2740    i.UART_WaitOnFlagUntilTimeout  stm32f4xx_hal_uart.o
    0x0800361c   0x0800361c   0x0000000c   Code   RO          297    i.USART1_IRQHandler  stm32f4xx_it.o
    0x08003628   0x08003628   0x00000068   Code   RO          298    i.USART3_IRQHandler  stm32f4xx_it.o
    0x08003690   0x08003690   0x00000002   Code   RO          299    i.UsageFault_Handler  stm32f4xx_it.o
    0x08003692   0x08003692   0x00000030   Code   RO         4779    i.__ARM_fpclassify  m_wm.l(fpclassify.o)
    0x080036c2   0x080036c2   0x00000020   Code   RO         1333    i.__NVIC_SetPriority  stm32f4xx_hal_cortex.o
    0x080036e2   0x080036e2   0x0000003a   Code   RO         4700    i.__hardfp_sqrtf    m_wm.l(sqrtf.o)
    0x0800371c   0x0800371c   0x0000000e   Code   RO         4616    i._is_digit         c_w.l(__printf_wp.o)
    0x0800372a   0x0800372a   0x00000002   PAD
    0x0800372c   0x0800372c   0x00000050   Code   RO         4071    i.beep_init         beep.o
    0x0800377c   0x0800377c   0x00000010   Code   RO         4072    i.beep_off          beep.o
    0x0800378c   0x0800378c   0x00000010   Code   RO         4073    i.beep_on           beep.o
    0x0800379c   0x0800379c   0x00000010   Code   RO         4074    i.beep_toggle       beep.o
    0x080037ac   0x080037ac   0x0000000c   Code   RO          454    i.delay_init        delay.o
    0x080037b8   0x080037b8   0x0000000a   Code   RO          455    i.delay_ms          delay.o
    0x080037c2   0x080037c2   0x00000002   PAD
    0x080037c4   0x080037c4   0x00000034   Code   RO          456    i.delay_us          delay.o
    0x080037f8   0x080037f8   0x0000000c   Code   RO         4263    i.esp8266_auto_connect  esp8266.o
    0x08003804   0x08003804   0x0000006c   Code   RO         4264    i.esp8266_check     esp8266.o
    0x08003870   0x08003870   0x0000001c   Code   RO         4265    i.esp8266_clear_buf  esp8266.o
    0x0800388c   0x0800388c   0x000000a0   Code   RO         4266    i.esp8266_connect_ap  esp8266.o
    0x0800392c   0x0800392c   0x00000054   Code   RO         4267    i.esp8266_connect_atkcld  esp8266.o
    0x08003980   0x08003980   0x0000001c   Code   RO         4268    i.esp8266_disconnect_ap  esp8266.o
    0x0800399c   0x0800399c   0x0000003c   Code   RO         4269    i.esp8266_disconnect_atkcld  esp8266.o
    0x080039d8   0x080039d8   0x0000004c   Code   RO         4271    i.esp8266_init      esp8266.o
    0x08003a24   0x08003a24   0x00000020   Code   RO         4274    i.esp8266_send_atkcld_data  esp8266.o
    0x08003a44   0x08003a44   0x00000050   Code   RO         4275    i.esp8266_send_cmd  esp8266.o
    0x08003a94   0x08003a94   0x00000034   Code   RO         4277    i.esp8266_set_mode  esp8266.o
    0x08003ac8   0x08003ac8   0x00000038   Code   RO         4278    i.esp8266_start_smartconfig  esp8266.o
    0x08003b00   0x08003b00   0x00000024   Code   RO         4279    i.esp8266_stop_smartconfig  esp8266.o
    0x08003b24   0x08003b24   0x0000005c   Code   RO         4115    i.fall_detect_get_state_string  fall_detect.o
    0x08003b80   0x08003b80   0x0000005c   Code   RO         4116    i.fall_detect_init  fall_detect.o
    0x08003bdc   0x08003bdc   0x0000012c   Code   RO         4118    i.fall_detect_update  fall_detect.o
    0x08003d08   0x08003d08   0x000000a0   Code   RO         4181    i.key_init          key.o
    0x08003da8   0x08003da8   0x000000e8   Code   RO         4182    i.key_scan          key.o
    0x08003e90   0x08003e90   0x00000034   Code   RO         4395    i.lcd_clear         lcd_1.o
    0x08003ec4   0x08003ec4   0x00000028   Code   RO         4397    i.lcd_display_dir   lcd_1.o
    0x08003eec   0x08003eec   0x00000016   Code   RO         4402    i.lcd_draw_point    lcd_1.o
    0x08003f02   0x08003f02   0x00000002   PAD
    0x08003f04   0x08003f04   0x00000098   Code   RO         4405    i.lcd_hw_init       lcd_1.o
    0x08003f9c   0x08003f9c   0x0000007c   Code   RO         4406    i.lcd_init          lcd_1.o
    0x08004018   0x08004018   0x00000174   Code   RO         4409    i.lcd_reg_init      lcd_1.o
    0x0800418c   0x0800418c   0x00000052   Code   RO         4411    i.lcd_set_address   lcd_1.o
    0x080041de   0x080041de   0x00000002   PAD
    0x080041e0   0x080041e0   0x000000d0   Code   RO         4414    i.lcd_show_char     lcd_1.o
    0x080042b0   0x080042b0   0x00000056   Code   RO         4416    i.lcd_show_string   lcd_1.o
    0x08004306   0x08004306   0x00000002   PAD
    0x08004308   0x08004308   0x000000a0   Code   RO         4418    i.lcd_spi_init      lcd_1.o
    0x080043a8   0x080043a8   0x00000014   Code   RO         4419    i.lcd_spi_send      lcd_1.o
    0x080043bc   0x080043bc   0x0000001c   Code   RO         4420    i.lcd_write_cmd     lcd_1.o
    0x080043d8   0x080043d8   0x0000001c   Code   RO         4421    i.lcd_write_dat     lcd_1.o
    0x080043f4   0x080043f4   0x00000024   Code   RO         4422    i.lcd_write_dat_16b  lcd_1.o
    0x08004418   0x08004418   0x00000018   Code   RO         4148    i.lowpass_filter_init  filter.o
    0x08004430   0x08004430   0x00000030   Code   RO         4149    i.lowpass_filter_update  filter.o
    0x08004460   0x08004460   0x000008c4   Code   RO           15    i.main              main.o
    0x08004d24   0x08004d24   0x0000002c   Code   RO         4855    locale$$code        c_w.l(lc_numeric_c.o)
    0x08004d50   0x08004d50   0x0000000c   Code   RO         4738    x$fpl$dretinf       fz_wm.l(dretinf.o)
    0x08004d5c   0x08004d5c   0x00000056   Code   RO         4670    x$fpl$f2d           fz_wm.l(f2d.o)
    0x08004db2   0x08004db2   0x0000008c   Code   RO         4740    x$fpl$fnaninf       fz_wm.l(fnaninf.o)
    0x08004e3e   0x08004e3e   0x0000000a   Code   RO         4939    x$fpl$fpinit        fz_wm.l(fpinit.o)
    0x08004e48   0x08004e48   0x00000004   Code   RO         4672    x$fpl$printf1       fz_wm.l(printf1.o)
    0x08004e4c   0x08004e4c   0x00000000   Code   RO         4744    x$fpl$usenofp       fz_wm.l(usenofp.o)
    0x08004e4c   0x08004e4c   0x00000010   Data   RO         3368    .constdata          system_stm32f4xx.o
    0x08004e5c   0x08004e5c   0x00000008   Data   RO         3369    .constdata          system_stm32f4xx.o
    0x08004e64   0x08004e64   0x0000000c   Data   RO         4281    .constdata          esp8266.o
    0x08004e70   0x08004e70   0x000017c0   Data   RO         4425    .constdata          lcd_1.o
    0x08006630   0x08006630   0x00000011   Data   RO         4619    .constdata          c_w.l(__printf_flags_wp.o)
    0x08006641   0x08006641   0x00000003   PAD
    0x08006644   0x08006644   0x00000094   Data   RO         4830    .constdata          c_w.l(bigflt0.o)
    0x080066d8   0x080066d8   0x00000020   Data   RO         5010    Region$$Table       anon$$obj.o
    0x080066f8   0x080066f8   0x0000001c   Data   RO         4854    locale$$data        c_w.l(lc_numeric_c.o)


    Execution Region RW_IRAM2 (Exec base: 0x10000000, Load base: 0x0800673c, Size: 0x00000000, Max: 0x00010000, ABSOLUTE)

    **** No section assigned to this execution region ****


    Execution Region RW_IRAM1 (Exec base: 0x20000000, Load base: 0x08006714, Size: 0x00000cf8, Max: 0x00020000, ABSOLUTE)

    Exec Addr    Load Addr    Size         Type   Attr      Idx    E Section Name        Object

    0x20000000   0x08006714   0x00000008   Data   RW           17    .data               main.o
    0x20000008   0x0800671c   0x00000004   Data   RW          457    .data               delay.o
    0x2000000c   0x08006720   0x0000000c   Data   RW         1477    .data               stm32f4xx_hal.o
    0x20000018   0x0800672c   0x00000004   Data   RW         3370    .data               system_stm32f4xx.o
    0x2000001c   0x08006730   0x00000001   Data   RW         4183    .data               key.o
    0x2000001d   0x08006731   0x00000003   Data   RW         4218    .data               pms7003.o
    0x20000020   0x08006734   0x00000002   Data   RW         4282    .data               esp8266.o
    0x20000022   0x08006736   0x00000002   PAD
    0x20000024   0x08006738   0x00000004   Data   RW         4428    .data               lcd_1.o
    0x20000028        -       0x00000050   Zero   RW           16    .bss                main.o
    0x20000078        -       0x00000048   Zero   RW          249    .bss                tim.o
    0x200000c0        -       0x00000090   Zero   RW          409    .bss                usart.o
    0x20000150        -       0x0000007a   Zero   RW         4217    .bss                pms7003.o
    0x200001ca        -       0x00000461   Zero   RW         4280    .bss                esp8266.o
    0x2000062b   0x0800673c   0x00000001   PAD
    0x2000062c        -       0x00000066   Zero   RW         4424    .bss                lcd_1.o
    0x20000692   0x0800673c   0x00000002   PAD
    0x20000694        -       0x00000060   Zero   RW         4866    .bss                c_w.l(libspace.o)
    0x200006f4   0x0800673c   0x00000004   PAD
    0x200006f8        -       0x00000200   Zero   RW            2    HEAP                startup_stm32f407xx.o
    0x200008f8        -       0x00000400   Zero   RW            1    STACK               startup_stm32f407xx.o


==============================================================================

Image component sizes


      Code (inc. data)   RO Data    RW Data    ZI Data      Debug   Object Name

       128         26          0          0          0       2347   beep.o
        80         10          0          4          0       2751   delay.o
       812        296         12          2       1121       9715   esp8266.o
       484         86          0          0          0       3115   fall_detect.o
        72          6          0          0          0       1642   filter.o
       304         18          0          0          0       1163   gpio.o
       392         26          0          1          0       1842   key.o
      1410         90       6080          4        102      12200   lcd_1.o
      2396        694          0          8         80     703459   main.o
      1126         34          0          0          0      10088   mpu6050.o
       272         34          0          3        122       3396   pms7003.o
        64         26        392          0       1536        848   startup_stm32f407xx.o
       144         24          0         12          0       8801   stm32f4xx_hal.o
       198         14          0          0          0      33971   stm32f4xx_hal_cortex.o
       182          0          0          0          0       2111   stm32f4xx_hal_dma.o
       532         46          0          0          0       3516   stm32f4xx_hal_gpio.o
        48          6          0          0          0        862   stm32f4xx_hal_msp.o
      1344         72          0          0          0       5264   stm32f4xx_hal_rcc.o
       820         12          0          0          0       5168   stm32f4xx_hal_spi.o
       616         44          0          0          0       6307   stm32f4xx_hal_tim.o
       144         28          0          0          0       1352   stm32f4xx_hal_tim_ex.o
      1642         16          0          0          0      11500   stm32f4xx_hal_uart.o
       156         26          0          0          0       6248   stm32f4xx_it.o
        16          4         24          4          0       1139   system_stm32f4xx.o
       140         20          0          0         72       1674   tim.o
       320         38          0          0        144       2443   usart.o

    ----------------------------------------------------------------------
     13868       1696       6540         40       3180     842922   Object Totals
         0          0         32          0          0          0   (incl. Generated)
        26          0          0          2          3          0   (incl. Padding)

    ----------------------------------------------------------------------

      Code (inc. data)   RO Data    RW Data    ZI Data      Debug   Library Member Name

         8          0          0          0          0         68   __main.o
       312          4         17          0          0         92   __printf_flags_wp.o
        14          0          0          0          0         68   __printf_wp.o
         0          0          0          0          0          0   __rtentry.o
        12          0          0          0          0          0   __rtentry2.o
         6          0          0          0          0          0   __rtentry4.o
        52          8          0          0          0          0   __scatter.o
        26          0          0          0          0          0   __scatter_copy.o
        28          0          0          0          0          0   __scatter_zi.o
        44          0          0          0          0        108   _printf_char.o
        48          6          0          0          0         96   _printf_char_common.o
         6          0          0          0          0          0   _printf_d.o
       120         16          0          0          0         92   _printf_dec.o
         6          0          0          0          0          0   _printf_f.o
      1054          0          0          0          0        216   _printf_fp_dec.o
       128         16          0          0          0         84   _printf_fp_infnan.o
       178          0          0          0          0         88   _printf_intcommon.o
        78          0          0          0          0        108   _printf_pad.o
         0          0          0          0          0          0   _printf_percent.o
         4          0          0          0          0          0   _printf_percent_end.o
         6          0          0          0          0          0   _printf_s.o
        82          0          0          0          0         80   _printf_str.o
        22          0          0          0          0        100   _rserrno.o
        10          0          0          0          0         68   _sputc.o
       228          4        148          0          0         96   bigflt0.o
      1936        128          0          0          0        672   btod.o
        18          0          0          0          0         80   exit.o
         6          0          0          0          0        152   heapauxi.o
         0          0          0          0          0          0   indicate_semi.o
        44         10         28          0          0         76   lc_numeric_c.o
         2          0          0          0          0          0   libinit.o
        22          0          0          0          0          0   libinit2.o
         2          0          0          0          0          0   libshutdown.o
         2          0          0          0          0          0   libshutdown2.o
         8          4          0          0         96         68   libspace.o
       138          0          0          0          0         80   lludiv10.o
       238          0          0          0          0        100   lludivv7m.o
        40          6          0          0          0         84   noretval__2sprintf.o
         8          4          0          0          0         68   rt_errno_addr_intlibspace.o
         8          4          0          0          0         68   rt_locale_intlibspace.o
        68          0          0          0          0         68   rt_memclr.o
        78          0          0          0          0         80   rt_memclr_w.o
         2          0          0          0          0          0   rtexit.o
        10          0          0          0          0          0   rtexit2.o
       128          0          0          0          0         68   strcmpv7m.o
        62          0          0          0          0         76   strlen.o
        36          0          0          0          0         80   strstr.o
        12          4          0          0          0         68   sys_exit.o
        74          0          0          0          0         80   sys_stackheap_outer.o
         2          0          0          0          0         68   use_no_semi.o
        12          0          0          0          0        116   dretinf.o
        86          4          0          0          0        132   f2d.o
       140          4          0          0          0        132   fnaninf.o
        10          0          0          0          0        116   fpinit.o
         4          0          0          0          0        116   printf1.o
         0          0          0          0          0          0   usenofp.o
        48          0          0          0          0        124   fpclassify.o
        58          0          0          0          0        136   sqrtf.o

    ----------------------------------------------------------------------
      5784        222        196          0        100       4272   Library Totals
        10          0          3          0          4          0   (incl. Padding)

    ----------------------------------------------------------------------

      Code (inc. data)   RO Data    RW Data    ZI Data      Debug   Library Name

      5416        214        193          0         96       3400   c_w.l
       252          8          0          0          0        612   fz_wm.l
       106          0          0          0          0        260   m_wm.l

    ----------------------------------------------------------------------
      5784        222        196          0        100       4272   Library Totals

    ----------------------------------------------------------------------

==============================================================================


      Code (inc. data)   RO Data    RW Data    ZI Data      Debug   

     19652       1918       6736         40       3280     832722   Grand Totals
     19652       1918       6736         40       3280     832722   ELF Image Totals
     19652       1918       6736         40          0          0   ROM Totals

==============================================================================

    Total RO  Size (Code + RO Data)                26388 (  25.77kB)
    Total RW  Size (RW Data + ZI Data)              3320 (   3.24kB)
    Total ROM Size (Code + RO Data + RW Data)      26428 (  25.81kB)

==============================================================================

