Component: ARM Compiler 5.06 update 7 (build 960) Tool: armlink [4d3601]

==============================================================================

Section Cross References

    startup_stm32f407xx.o(STACK) refers (Special) to heapauxi.o(.text) for __use_two_region_memory
    startup_stm32f407xx.o(HEAP) refers (Special) to heapauxi.o(.text) for __use_two_region_memory
    startup_stm32f407xx.o(RESET) refers (Special) to heapauxi.o(.text) for __use_two_region_memory
    startup_stm32f407xx.o(RESET) refers to startup_stm32f407xx.o(STACK) for __initial_sp
    startup_stm32f407xx.o(RESET) refers to startup_stm32f407xx.o(.text) for Reset_Handler
    startup_stm32f407xx.o(RESET) refers to stm32f4xx_it.o(i.NMI_Handler) for NMI_Handler
    startup_stm32f407xx.o(RESET) refers to stm32f4xx_it.o(i.HardFault_Handler) for HardFault_Handler
    startup_stm32f407xx.o(RESET) refers to stm32f4xx_it.o(i.MemManage_Handler) for MemManage_Handler
    startup_stm32f407xx.o(RESET) refers to stm32f4xx_it.o(i.BusFault_Handler) for BusFault_Handler
    startup_stm32f407xx.o(RESET) refers to stm32f4xx_it.o(i.UsageFault_Handler) for UsageFault_Handler
    startup_stm32f407xx.o(RESET) refers to stm32f4xx_it.o(i.SVC_Handler) for SVC_Handler
    startup_stm32f407xx.o(RESET) refers to stm32f4xx_it.o(i.DebugMon_Handler) for DebugMon_Handler
    startup_stm32f407xx.o(RESET) refers to stm32f4xx_it.o(i.PendSV_Handler) for PendSV_Handler
    startup_stm32f407xx.o(RESET) refers to stm32f4xx_it.o(i.SysTick_Handler) for SysTick_Handler
    startup_stm32f407xx.o(RESET) refers to stm32f4xx_it.o(i.USART1_IRQHandler) for USART1_IRQHandler
    startup_stm32f407xx.o(RESET) refers to stm32f4xx_it.o(i.USART3_IRQHandler) for USART3_IRQHandler
    startup_stm32f407xx.o(.text) refers (Special) to heapauxi.o(.text) for __use_two_region_memory
    startup_stm32f407xx.o(.text) refers to system_stm32f4xx.o(i.SystemInit) for SystemInit
    startup_stm32f407xx.o(.text) refers to __main.o(!!!main) for __main
    startup_stm32f407xx.o(.text) refers to startup_stm32f407xx.o(HEAP) for Heap_Mem
    startup_stm32f407xx.o(.text) refers to startup_stm32f407xx.o(STACK) for Stack_Mem
    main.o(i.SystemClock_Config) refers to rt_memclr_w.o(.text) for __aeabi_memclr4
    main.o(i.SystemClock_Config) refers to stm32f4xx_hal_rcc.o(i.HAL_RCC_OscConfig) for HAL_RCC_OscConfig
    main.o(i.SystemClock_Config) refers to stm32f4xx_hal_rcc.o(i.HAL_RCC_ClockConfig) for HAL_RCC_ClockConfig
    main.o(i.main) refers to _printf_pad.o(.text) for _printf_pre_padding
    main.o(i.main) refers to _printf_percent.o(.ARM.Collect$$_printf_percent$$00000000) for _printf_percent
    main.o(i.main) refers to _printf_d.o(.ARM.Collect$$_printf_percent$$00000009) for _printf_d
    main.o(i.main) refers to _printf_dec.o(.text) for _printf_int_dec
    main.o(i.main) refers to _printf_f.o(.ARM.Collect$$_printf_percent$$00000003) for _printf_f
    main.o(i.main) refers to printf1.o(x$fpl$printf1) for _printf_fp_dec
    main.o(i.main) refers to _printf_s.o(.ARM.Collect$$_printf_percent$$00000014) for _printf_s
    main.o(i.main) refers to _printf_str.o(.text) for _printf_str
    main.o(i.main) refers to stm32f4xx_hal.o(i.HAL_Init) for HAL_Init
    main.o(i.main) refers to main.o(i.SystemClock_Config) for SystemClock_Config
    main.o(i.main) refers to gpio.o(i.MX_GPIO_Init) for MX_GPIO_Init
    main.o(i.main) refers to fsmc.o(i.MX_FSMC_Init) for MX_FSMC_Init
    main.o(i.main) refers to tim.o(i.MX_TIM5_Init) for MX_TIM5_Init
    main.o(i.main) refers to usart.o(i.MX_USART1_UART_Init) for MX_USART1_UART_Init
    main.o(i.main) refers to usart.o(i.MX_USART3_UART_Init) for MX_USART3_UART_Init
    main.o(i.main) refers to delay.o(i.delay_init) for delay_init
    main.o(i.main) refers to lcd_1.o(i.lcd_init) for lcd_init
    main.o(i.main) refers to beep.o(i.beep_init) for beep_init
    main.o(i.main) refers to key.o(i.key_init) for key_init
    main.o(i.main) refers to pms7003.o(i.PMS7003_Init) for PMS7003_Init
    main.o(i.main) refers to lcd_1.o(i.lcd_show_string) for lcd_show_string
    main.o(i.main) refers to mpu6050.o(i.MPU_Init) for MPU_Init
    main.o(i.main) refers to delay.o(i.HAL_Delay) for HAL_Delay
    main.o(i.main) refers to fall_detect.o(i.fall_detect_init) for fall_detect_init
    main.o(i.main) refers to esp8266.o(i.esp8266_init) for esp8266_init
    main.o(i.main) refers to esp8266.o(i.esp8266_check) for esp8266_check
    main.o(i.main) refers to key.o(i.key_scan) for key_scan
    main.o(i.main) refers to beep.o(i.beep_on) for beep_on
    main.o(i.main) refers to beep.o(i.beep_off) for beep_off
    main.o(i.main) refers to esp8266.o(i.esp8266_start_smartconfig) for esp8266_start_smartconfig
    main.o(i.main) refers to esp8266.o(i.esp8266_stop_smartconfig) for esp8266_stop_smartconfig
    main.o(i.main) refers to esp8266.o(i.esp8266_disconnect_atkcld) for esp8266_disconnect_atkcld
    main.o(i.main) refers to esp8266.o(i.esp8266_disconnect_ap) for esp8266_disconnect_ap
[...]
    i.beep_on                                0x080036cc   Section        0  beep.o(i.beep_on)
    i.beep_toggle                            0x080036dc   Section        0  beep.o(i.beep_toggle)
    i.delay_init                             0x080036ec   Section        0  delay.o(i.delay_init)
    i.delay_ms                               0x080036f8   Section        0  delay.o(i.delay_ms)
    i.delay_us                               0x08003704   Section        0  delay.o(i.delay_us)
    i.esp8266_auto_connect                   0x08003738   Section        0  esp8266.o(i.esp8266_auto_connect)
    i.esp8266_check                          0x08003744   Section        0  esp8266.o(i.esp8266_check)
    i.esp8266_clear_buf                      0x080037b0   Section        0  esp8266.o(i.esp8266_clear_buf)
    i.esp8266_connect_ap                     0x080037cc   Section        0  esp8266.o(i.esp8266_connect_ap)
    i.esp8266_connect_atkcld                 0x0800386c   Section        0  esp8266.o(i.esp8266_connect_atkcld)
    i.esp8266_disconnect_ap                  0x080038c0   Section        0  esp8266.o(i.esp8266_disconnect_ap)
    i.esp8266_disconnect_atkcld              0x080038dc   Section        0  esp8266.o(i.esp8266_disconnect_atkcld)
    i.esp8266_init                           0x08003918   Section        0  esp8266.o(i.esp8266_init)
    i.esp8266_send_atkcld_data               0x08003964   Section        0  esp8266.o(i.esp8266_send_atkcld_data)
    i.esp8266_send_cmd                       0x08003984   Section        0  esp8266.o(i.esp8266_send_cmd)
    i.esp8266_set_mode                       0x080039d4   Section        0  esp8266.o(i.esp8266_set_mode)
    i.esp8266_start_smartconfig              0x08003a08   Section        0  esp8266.o(i.esp8266_start_smartconfig)
    i.esp8266_stop_smartconfig               0x08003a40   Section        0  esp8266.o(i.esp8266_stop_smartconfig)
    i.fall_detect_get_state_string           0x08003a64   Section        0  fall_detect.o(i.fall_detect_get_state_string)
    i.fall_detect_init                       0x08003ac0   Section        0  fall_detect.o(i.fall_detect_init)
    i.fall_detect_update                     0x08003b1c   Section        0  fall_detect.o(i.fall_detect_update)
    i.key_init                               0x08003c48   Section        0  key.o(i.key_init)
    i.key_scan                               0x08003ce8   Section        0  key.o(i.key_scan)
    i.lcd_clear                              0x08003dd0   Section        0  lcd_1.o(i.lcd_clear)
    i.lcd_display_dir                        0x08003e00   Section        0  lcd_1.o(i.lcd_display_dir)
    i.lcd_draw_point                         0x08003eec   Section        0  lcd_1.o(i.lcd_draw_point)
    i.lcd_ex_ili9341_reginit                 0x08003f02   Section        0  lcd_1.o(i.lcd_ex_ili9341_reginit)
    i.lcd_ex_ili9806_reginit                 0x08004130   Section        0  lcd_1.o(i.lcd_ex_ili9806_reginit)
    i.lcd_ex_nt35310_reginit                 0x08004472   Section        0  lcd_1.o(i.lcd_ex_nt35310_reginit)
    i.lcd_ex_nt35510_reginit                 0x08005366   Section        0  lcd_1.o(i.lcd_ex_nt35510_reginit)
    i.lcd_ex_ssd1963_reginit                 0x080062d0   Section        0  lcd_1.o(i.lcd_ex_ssd1963_reginit)
    i.lcd_ex_st7789_reginit                  0x08006440   Section        0  lcd_1.o(i.lcd_ex_st7789_reginit)
    i.lcd_ex_st7796_reginit                  0x080065ea   Section        0  lcd_1.o(i.lcd_ex_st7796_reginit)
    i.lcd_init                               0x080067b4   Section        0  lcd_1.o(i.lcd_init)
    i.lcd_rd_data                            0x08006a20   Section        0  lcd_1.o(i.lcd_rd_data)
    lcd_rd_data                              0x08006a21   Thumb Code    26  lcd_1.o(i.lcd_rd_data)
    i.lcd_scan_dir                           0x08006a3c   Section        0  lcd_1.o(i.lcd_scan_dir)
    i.lcd_set_cursor                         0x08006bc0   Section        0  lcd_1.o(i.lcd_set_cursor)
    i.lcd_show_char                          0x08006cb4   Section        0  lcd_1.o(i.lcd_show_char)
    i.lcd_show_string                        0x08006d90   Section        0  lcd_1.o(i.lcd_show_string)
    i.lcd_ssd_backlight_set                  0x08006de8   Section        0  lcd_1.o(i.lcd_ssd_backlight_set)
    i.lcd_wr_data                            0x08006e38   Section        0  lcd_1.o(i.lcd_wr_data)
    i.lcd_wr_regno                           0x08006e50   Section        0  lcd_1.o(i.lcd_wr_regno)
    i.lcd_write_ram_prepare                  0x08006e68   Section        0  lcd_1.o(i.lcd_write_ram_prepare)
    i.lcd_write_reg                          0x08006e7c   Section        0  lcd_1.o(i.lcd_write_reg)
    i.lowpass_filter_init                    0x08006e88   Section        0  filter.o(i.lowpass_filter_init)
    i.lowpass_filter_update                  0x08006ea0   Section        0  filter.o(i.lowpass_filter_update)
    i.main                                   0x08006ed0   Section        0  main.o(i.main)
    locale$$code                             0x08007798   Section       44  lc_numeric_c.o(locale$$code)
    x$fpl$dfixu                              0x080077c4   Section       90  dfixu.o(x$fpl$dfixu)
    $v0                                      0x080077c4   Number         0  dfixu.o(x$fpl$dfixu)
    x$fpl$dfltu                              0x0800781e   Section       38  dflt_clz.o(x$fpl$dfltu)
    $v0                                      0x0800781e   Number         0  dflt_clz.o(x$fpl$dfltu)
    x$fpl$dmul                               0x08007844   Section      340  dmul.o(x$fpl$dmul)
    $v0                                      0x08007844   Number         0  dmul.o(x$fpl$dmul)
    x$fpl$dnaninf                            0x08007998   Section      156  dnaninf.o(x$fpl$dnaninf)
    $v0                                      0x08007998   Number         0  dnaninf.o(x$fpl$dnaninf)
    x$fpl$dretinf                            0x08007a34   Section       12  dretinf.o(x$fpl$dretinf)
    $v0                                      0x08007a34   Number         0  dretinf.o(x$fpl$dretinf)
    x$fpl$f2d                                0x08007a40   Section       86  f2d.o(x$fpl$f2d)
    $v0                                      0x08007a40   Number         0  f2d.o(x$fpl$f2d)
    x$fpl$fnaninf                            0x08007a96   Section      140  fnaninf.o(x$fpl$fnaninf)
    $v0                                      0x08007a96   Number         0  fnaninf.o(x$fpl$fnaninf)
    x$fpl$fpinit                             0x08007b22   Section       10  fpinit.o(x$fpl$fpinit)
    $v0                                      0x08007b22   Number         0  fpinit.o(x$fpl$fpinit)
    x$fpl$printf1                            0x08007b2c   Section        4  printf1.o(x$fpl$printf1)
    $v0                                      0x08007b2c   Number         0  printf1.o(x$fpl$printf1)
    .constdata                               0x08007b30   Section       16  system_stm32f4xx.o(.constdata)
    x$fpl$usenofp                            0x08007b30   Section        0  usenofp.o(x$fpl$usenofp)
    .constdata                               0x08007b40   Section        8  system_stm32f4xx.o(.constdata)
    .constdata                               0x08007b48   Section       12  esp8266.o(.constdata)
    .constdata                               0x08007b54   Section    12160  lcd_1.o(.constdata)
    .constdata                               0x0800aad4   Section       17  __printf_flags_wp.o(.constdata)
    maptable                                 0x0800aad4   Data          17  __printf_flags_wp.o(.constdata)
    .constdata                               0x0800aae8   Section      148  bigflt0.o(.constdata)
    tenpwrs_x                                0x0800aae8   Data          60  bigflt0.o(.constdata)
    tenpwrs_i                                0x0800ab24   Data          64  bigflt0.o(.constdata)
    locale$$data                             0x0800ab9c   Section       28  lc_numeric_c.o(locale$$data)
    __lcnum_c_name                           0x0800aba0   Data           2  lc_numeric_c.o(locale$$data)
    __lcnum_c_start                          0x0800aba8   Data           0  lc_numeric_c.o(locale$$data)
    __lcnum_c_point                          0x0800abb4   Data           0  lc_numeric_c.o(locale$$data)
    __lcnum_c_thousands                      0x0800abb6   Data           0  lc_numeric_c.o(locale$$data)
    __lcnum_c_grouping                       0x0800abb7   Data           0  lc_numeric_c.o(locale$$data)
    __lcnum_c_end                            0x0800abb8   Data           0  lc_numeric_c.o(locale$$data)
    .data                                    0x20000000   Section        8  main.o(.data)
    .data                                    0x20000008   Section        8  fsmc.o(.data)
    FSMC_Initialized                         0x20000008   Data           4  fsmc.o(.data)
    FSMC_DeInitialized                       0x2000000c   Data           4  fsmc.o(.data)
    .data                                    0x20000010   Section        4  delay.o(.data)
    g_fac_us                                 0x20000010   Data           4  delay.o(.data)
    .data                                    0x20000014   Section       12  stm32f4xx_hal.o(.data)
    .data                                    0x20000020   Section        4  system_stm32f4xx.o(.data)
    .data                                    0x20000024   Section        1  key.o(.data)
    key_state                                0x20000024   Data           1  key.o(.data)
    .data                                    0x20000025   Section        3  pms7003.o(.data)
    rx_index                                 0x20000025   Data           1  pms7003.o(.data)
    frame_index                              0x20000026   Data           1  pms7003.o(.data)
    rx_byte                                  0x20000027   Data           1  pms7003.o(.data)
    .data                                    0x20000028   Section        2  esp8266.o(.data)
    .data                                    0x2000002c   Section        4  lcd_1.o(.data)
    .bss                                     0x20000030   Section       80  main.o(.bss)
    .bss                                     0x20000080   Section       80  fsmc.o(.bss)
    .bss                                     0x200000d0   Section       72  tim.o(.bss)
    .bss                                     0x20000118   Section      144  usart.o(.bss)
    .bss                                     0x200001a8   Section      122  pms7003.o(.bss)
    pms_data                                 0x200001a8   Data          26  pms7003.o(.bss)
    rx_buffer                                0x200001c2   Data          64  pms7003.o(.bss)
    frame_buf                                0x20000202   Data          32  pms7003.o(.bss)
    .bss                                     0x20000222   Section     1121  esp8266.o(.bss)
    wifi_config                              0x20000222   Data          97  esp8266.o(.bss)
    .bss                                     0x20000684   Section       94  lcd_1.o(.bss)
    .bss                                     0x200006e4   Section       96  libspace.o(.bss)
    HEAP                                     0x20000748   Section      512  startup_stm32f407xx.o(HEAP)
    Heap_Mem                                 0x20000748   Data         512  startup_stm32f407xx.o(HEAP)
    STACK                                    0x20000948   Section     1024  startup_stm32f407xx.o(STACK)
    Stack_Mem                                0x20000948   Data        1024  startup_stm32f407xx.o(STACK)
    __initial_sp                             0x20000d48   Data           0  startup_stm32f407xx.o(STACK)

    Global Symbols

    Symbol Name                              Value     Ov Type        Size  Object(Section)

    BuildAttributes$$THM_ISAv4$E$P$D$K$B$S$7EM$VFPi3$EXTD16$VFPS$VFMA$PE$A:L22UL41UL21$X:L11$S22US41US21$IEEE1$IW$USESV6$~STKCKD$USESV7$~SHL$OTIME$ROPI$IEEEX$EBA8$UX$STANDARDLIB$REQ8$PRES8$EABIv2 0x00000000   Number         0  anon$$obj.o ABSOLUTE
    __ARM_use_no_argv                        0x00000000   Number         0  main.o ABSOLUTE
    _printf_flags                            0x00000000   Number         0  printf_stubs.o ABSOLUTE
    _printf_return_value                     0x00000000   Number         0  printf_stubs.o ABSOLUTE
    _printf_sizespec                         0x00000000   Number         0  printf_stubs.o ABSOLUTE
    _printf_widthprec                        0x00000000   Number         0  printf_stubs.o ABSOLUTE
    __ARM_exceptions_init                     - Undefined Weak Reference
    __alloca_initialize                       - Undefined Weak Reference
    __arm_fini_                               - Undefined Weak Reference
    __arm_preinit_                            - Undefined Weak Reference
    __cpp_initialize__aeabi_                  - Undefined Weak Reference
    __cxa_finalize                            - Undefined Weak Reference
    __sigvec_lookup                           - Undefined Weak Reference
    _atexit_init                              - Undefined Weak Reference
    _call_atexit_fns                          - Undefined Weak Reference
    _clock_init                               - Undefined Weak Reference
    _fp_trap_init                             - Undefined Weak Reference
    _fp_trap_shutdown                         - Undefined Weak Reference
    _get_lc_collate                           - Undefined Weak Reference
    _get_lc_ctype                             - Undefined Weak Reference
    _get_lc_monetary                          - Undefined Weak Reference
    _get_lc_time                              - Undefined Weak Reference
    _getenv_init                              - Undefined Weak Reference
    _handle_redirection                       - Undefined Weak Reference
    _init_alloc                               - Undefined Weak Reference
    _init_user_alloc                          - Undefined Weak Reference
    _initio                                   - Undefined Weak Reference
    _printf_mbtowc                            - Undefined Weak Reference
    _printf_truncate_signed                   - Undefined Weak Reference
    _printf_truncate_unsigned                 - Undefined Weak Reference
    _rand_init                                - Undefined Weak Reference
    _signal_finish                            - Undefined Weak Reference
    _signal_init                              - Undefined Weak Reference
    _terminate_alloc                          - Undefined Weak Reference
    _terminate_user_alloc                     - Undefined Weak Reference
    _terminateio                              - Undefined Weak Reference
    __Vectors_Size                           0x00000188   Number         0  startup_stm32f407xx.o ABSOLUTE
    __Vectors                                0x08000000   Data           4  startup_stm32f407xx.o(RESET)
    __Vectors_End                            0x08000188   Data           0  startup_stm32f407xx.o(RESET)
    __main                                   0x08000189   Thumb Code     8  __main.o(!!!main)
    __scatterload                            0x08000191   Thumb Code     0  __scatter.o(!!!scatter)
    __scatterload_rt2                        0x08000191   Thumb Code    44  __scatter.o(!!!scatter)
    __scatterload_rt2_thumb_only             0x08000191   Thumb Code     0  __scatter.o(!!!scatter)
    __scatterload_null                       0x0800019f   Thumb Code     0  __scatter.o(!!!scatter)
    __scatterload_copy                       0x080001c5   Thumb Code    26  __scatter_copy.o(!!handler_copy)
    __scatterload_zeroinit                   0x080001e1   Thumb Code    28  __scatter_zi.o(!!handler_zi)
    _printf_f                                0x080001fd   Thumb Code     0  _printf_f.o(.ARM.Collect$$_printf_percent$$00000003)
    _printf_percent                          0x080001fd   Thumb Code     0  _printf_percent.o(.ARM.Collect$$_printf_percent$$00000000)
    _printf_d                                0x08000203   Thumb Code     0  _printf_d.o(.ARM.Collect$$_printf_percent$$00000009)
    _printf_s                                0x08000209   Thumb Code     0  _printf_s.o(.ARM.Collect$$_printf_percent$$00000014)
    _printf_percent_end                      0x0800020f   Thumb Code     0  _printf_percent_end.o(.ARM.Collect$$_printf_percent$$00000017)
    __rt_lib_init                            0x08000213   Thumb Code     0  libinit.o(.ARM.Collect$$libinit$$00000000)
    __rt_lib_init_fp_1                       0x08000215   Thumb Code     0  libinit2.o(.ARM.Collect$$libinit$$00000001)
    __rt_lib_init_heap_1                     0x08000219   Thumb Code     0  libinit2.o(.ARM.Collect$$libinit$$0000000A)
    __rt_lib_init_lc_common                  0x08000219   Thumb Code     0  libinit2.o(.ARM.Collect$$libinit$$0000000F)
    __rt_lib_init_preinit_1                  0x08000219   Thumb Code     0  libinit2.o(.ARM.Collect$$libinit$$00000004)
    __rt_lib_init_rand_1                     0x08000219   Thumb Code     0  libinit2.o(.ARM.Collect$$libinit$$0000000E)
    __rt_lib_init_user_alloc_1               0x08000219   Thumb Code     0  libinit2.o(.ARM.Collect$$libinit$$0000000C)
    __rt_lib_init_lc_collate_1               0x0800021f   Thumb Code     0  libinit2.o(.ARM.Collect$$libinit$$00000011)
    __rt_lib_init_lc_ctype_1                 0x0800021f   Thumb Code     0  libinit2.o(.ARM.Collect$$libinit$$00000013)
    __rt_lib_init_lc_monetary_1              0x0800021f   Thumb Code     0  libinit2.o(.ARM.Collect$$libinit$$00000015)
    __rt_lib_init_lc_numeric_2               0x0800021f   Thumb Code     0  libinit2.o(.ARM.Collect$$libinit$$00000016)
    __rt_lib_init_alloca_1                   0x08000229   Thumb Code     0  libinit2.o(.ARM.Collect$$libinit$$0000002E)
    __rt_lib_init_argv_1                     0x08000229   Thumb Code     0  libinit2.o(.ARM.Collect$$libinit$$0000002C)
    __rt_lib_init_atexit_1                   0x08000229   Thumb Code     0  libinit2.o(.ARM.Collect$$libinit$$0000001B)
    __rt_lib_init_clock_1                    0x08000229   Thumb Code     0  libinit2.o(.ARM.Collect$$libinit$$00000021)
    __rt_lib_init_cpp_1                      0x08000229   Thumb Code     0  libinit2.o(.ARM.Collect$$libinit$$00000032)
    __rt_lib_init_exceptions_1               0x08000229   Thumb Code     0  libinit2.o(.ARM.Collect$$libinit$$00000030)
    __rt_lib_init_fp_trap_1                  0x08000229   Thumb Code     0  libinit2.o(.ARM.Collect$$libinit$$0000001F)
    __rt_lib_init_getenv_1                   0x08000229   Thumb Code     0  libinit2.o(.ARM.Collect$$libinit$$00000023)
    __rt_lib_init_lc_numeric_1               0x08000229   Thumb Code     0  libinit2.o(.ARM.Collect$$libinit$$00000017)
    __rt_lib_init_lc_time_1                  0x08000229   Thumb Code     0  libinit2.o(.ARM.Collect$$libinit$$00000019)
    __rt_lib_init_return                     0x08000229   Thumb Code     0  libinit2.o(.ARM.Collect$$libinit$$00000033)
    __rt_lib_init_signal_1                   0x08000229   Thumb Code     0  libinit2.o(.ARM.Collect$$libinit$$0000001D)
    __rt_lib_init_stdio_1                    0x08000229   Thumb Code     0  libinit2.o(.ARM.Collect$$libinit$$00000025)
    __rt_lib_shutdown                        0x0800022b   Thumb Code     0  libshutdown.o(.ARM.Collect$$libshutdown$$00000000)
    __rt_lib_shutdown_cpp_1                  0x0800022d   Thumb Code     0  libshutdown2.o(.ARM.Collect$$libshutdown$$00000004)
    __rt_lib_shutdown_fini_1                 0x0800022d   Thumb Code     0  libshutdown2.o(.ARM.Collect$$libshutdown$$00000002)
    __rt_lib_shutdown_fp_trap_1              0x0800022d   Thumb Code     0  libshutdown2.o(.ARM.Collect$$libshutdown$$00000009)
    __rt_lib_shutdown_heap_1                 0x0800022d   Thumb Code     0  libshutdown2.o(.ARM.Collect$$libshutdown$$00000011)
    __rt_lib_shutdown_return                 0x0800022d   Thumb Code     0  libshutdown2.o(.ARM.Collect$$libshutdown$$00000012)
    __rt_lib_shutdown_signal_1               0x0800022d   Thumb Code     0  libshutdown2.o(.ARM.Collect$$libshutdown$$0000000C)
    __rt_lib_shutdown_stdio_1                0x0800022d   Thumb Code     0  libshutdown2.o(.ARM.Collect$$libshutdown$$00000006)
    __rt_lib_shutdown_user_alloc_1           0x0800022d   Thumb Code     0  libshutdown2.o(.ARM.Collect$$libshutdown$$0000000E)
    __rt_entry                               0x0800022f   Thumb Code     0  __rtentry.o(.ARM.Collect$$rtentry$$00000000)
    __rt_entry_presh_1                       0x0800022f   Thumb Code     0  __rtentry2.o(.ARM.Collect$$rtentry$$00000002)
    __rt_entry_sh                            0x0800022f   Thumb Code     0  __rtentry4.o(.ARM.Collect$$rtentry$$00000004)
    __rt_entry_li                            0x08000235   Thumb Code     0  __rtentry2.o(.ARM.Collect$$rtentry$$0000000A)
    __rt_entry_postsh_1                      0x08000235   Thumb Code     0  __rtentry2.o(.ARM.Collect$$rtentry$$00000009)
    __rt_entry_main                          0x08000239   Thumb Code     0  __rtentry2.o(.ARM.Collect$$rtentry$$0000000D)
    __rt_entry_postli_1                      0x08000239   Thumb Code     0  __rtentry2.o(.ARM.Collect$$rtentry$$0000000C)
    __rt_exit                                0x08000241   Thumb Code     0  rtexit.o(.ARM.Collect$$rtexit$$00000000)
    __rt_exit_ls                             0x08000243   Thumb Code     0  rtexit2.o(.ARM.Collect$$rtexit$$00000003)
    __rt_exit_prels_1                        0x08000243   Thumb Code     0  rtexit2.o(.ARM.Collect$$rtexit$$00000002)
    __rt_exit_exit                           0x08000247   Thumb Code     0  rtexit2.o(.ARM.Collect$$rtexit$$00000004)
    Reset_Handler                            0x0800024d   Thumb Code     8  startup_stm32f407xx.o(.text)
    ADC_IRQHandler                           0x08000267   Thumb Code     0  startup_stm32f407xx.o(.text)
    CAN1_RX0_IRQHandler                      0x08000267   Thumb Code     0  startup_stm32f407xx.o(.text)
    CAN1_RX1_IRQHandler                      0x08000267   Thumb Code     0  startup_stm32f407xx.o(.text)
    CAN1_SCE_IRQHandler                      0x08000267   Thumb Code     0  startup_stm32f407xx.o(.text)
    CAN1_TX_IRQHandler                       0x08000267   Thumb Code     0  startup_stm32f407xx.o(.text)
    CAN2_RX0_IRQHandler                      0x08000267   Thumb Code     0  startup_stm32f407xx.o(.text)
    CAN2_RX1_IRQHandler                      0x08000267   Thumb Code     0  startup_stm32f407xx.o(.text)
    CAN2_SCE_IRQHandler                      0x08000267   Thumb Code     0  startup_stm32f407xx.o(.text)
    CAN2_TX_IRQHandler                       0x08000267   Thumb Code     0  startup_stm32f407xx.o(.text)
    DCMI_IRQHandler                          0x08000267   Thumb Code     0  startup_stm32f407xx.o(.text)
    DMA1_Stream0_IRQHandler                  0x08000267   Thumb Code     0  startup_stm32f407xx.o(.text)
    DMA1_Stream1_IRQHandler                  0x08000267   Thumb Code     0  startup_stm32f407xx.o(.text)
    DMA1_Stream2_IRQHandler                  0x08000267   Thumb Code     0  startup_stm32f407xx.o(.text)
    DMA1_Stream3_IRQHandler                  0x08000267   Thumb Code     0  startup_stm32f407xx.o(.text)
    DMA1_Stream4_IRQHandler                  0x08000267   Thumb Code     0  startup_stm32f407xx.o(.text)
    DMA1_Stream5_IRQHandler                  0x08000267   Thumb Code     0  startup_stm32f407xx.o(.text)
    DMA1_Stream6_IRQHandler                  0x08000267   Thumb Code     0  startup_stm32f407xx.o(.text)
    DMA1_Stream7_IRQHandler                  0x08000267   Thumb Code     0  startup_stm32f407xx.o(.text)
    DMA2_Stream0_IRQHandler                  0x08000267   Thumb Code     0  startup_stm32f407xx.o(.text)
    DMA2_Stream1_IRQHandler                  0x08000267   Thumb Code     0  startup_stm32f407xx.o(.text)
    DMA2_Stream2_IRQHandler                  0x08000267   Thumb Code     0  startup_stm32f407xx.o(.text)
    DMA2_Stream3_IRQHandler                  0x08000267   Thumb Code     0  startup_stm32f407xx.o(.text)
    DMA2_Stream4_IRQHandler                  0x08000267   Thumb Code     0  startup_stm32f407xx.o(.text)
    DMA2_Stream5_IRQHandler                  0x08000267   Thumb Code     0  startup_stm32f407xx.o(.text)
    DMA2_Stream6_IRQHandler                  0x08000267   Thumb Code     0  startup_stm32f407xx.o(.text)
    DMA2_Stream7_IRQHandler                  0x08000267   Thumb Code     0  startup_stm32f407xx.o(.text)
    ETH_IRQHandler                           0x08000267   Thumb Code     0  startup_stm32f407xx.o(.text)
    ETH_WKUP_IRQHandler                      0x08000267   Thumb Code     0  startup_stm32f407xx.o(.text)
    EXTI0_IRQHandler                         0x08000267   Thumb Code     0  startup_stm32f407xx.o(.text)
    EXTI15_10_IRQHandler                     0x08000267   Thumb Code     0  startup_stm32f407xx.o(.text)
    EXTI1_IRQHandler                         0x08000267   Thumb Code     0  startup_stm32f407xx.o(.text)
    EXTI2_IRQHandler                         0x08000267   Thumb Code     0  startup_stm32f407xx.o(.text)
    EXTI3_IRQHandler                         0x08000267   Thumb Code     0  startup_stm32f407xx.o(.text)
    EXTI4_IRQHandler                         0x08000267   Thumb Code     0  startup_stm32f407xx.o(.text)
    EXTI9_5_IRQHandler                       0x08000267   Thumb Code     0  startup_stm32f407xx.o(.text)
    FLASH_IRQHandler                         0x08000267   Thumb Code     0  startup_stm32f407xx.o(.text)
    FMC_IRQHandler                           0x08000267   Thumb Code     0  startup_stm32f407xx.o(.text)
    FPU_IRQHandler                           0x08000267   Thumb Code     0  startup_stm32f407xx.o(.text)
    HASH_RNG_IRQHandler                      0x08000267   Thumb Code     0  startup_stm32f407xx.o(.text)
    I2C1_ER_IRQHandler                       0x08000267   Thumb Code     0  startup_stm32f407xx.o(.text)
    I2C1_EV_IRQHandler                       0x08000267   Thumb Code     0  startup_stm32f407xx.o(.text)
    I2C2_ER_IRQHandler                       0x08000267   Thumb Code     0  startup_stm32f407xx.o(.text)
    I2C2_EV_IRQHandler                       0x08000267   Thumb Code     0  startup_stm32f407xx.o(.text)
    I2C3_ER_IRQHandler                       0x08000267   Thumb Code     0  startup_stm32f407xx.o(.text)
    I2C3_EV_IRQHandler                       0x08000267   Thumb Code     0  startup_stm32f407xx.o(.text)
    OTG_FS_IRQHandler                        0x08000267   Thumb Code     0  startup_stm32f407xx.o(.text)
    OTG_FS_WKUP_IRQHandler                   0x08000267   Thumb Code     0  startup_stm32f407xx.o(.text)
    OTG_HS_EP1_IN_IRQHandler                 0x08000267   Thumb Code     0  startup_stm32f407xx.o(.text)
    OTG_HS_EP1_OUT_IRQHandler                0x08000267   Thumb Code     0  startup_stm32f407xx.o(.text)
    OTG_HS_IRQHandler                        0x08000267   Thumb Code     0  startup_stm32f407xx.o(.text)
    OTG_HS_WKUP_IRQHandler                   0x08000267   Thumb Code     0  startup_stm32f407xx.o(.text)
    PVD_IRQHandler                           0x08000267   Thumb Code     0  startup_stm32f407xx.o(.text)
    RCC_IRQHandler                           0x08000267   Thumb Code     0  startup_stm32f407xx.o(.text)
    RTC_Alarm_IRQHandler                     0x08000267   Thumb Code     0  startup_stm32f407xx.o(.text)
    RTC_WKUP_IRQHandler                      0x08000267   Thumb Code     0  startup_stm32f407xx.o(.text)
    SDIO_IRQHandler                          0x08000267   Thumb Code     0  startup_stm32f407xx.o(.text)
    SPI1_IRQHandler                          0x08000267   Thumb Code     0  startup_stm32f407xx.o(.text)
    SPI2_IRQHandler                          0x08000267   Thumb Code     0  startup_stm32f407xx.o(.text)
    SPI3_IRQHandler                          0x08000267   Thumb Code     0  startup_stm32f407xx.o(.text)
    TAMP_STAMP_IRQHandler                    0x08000267   Thumb Code     0  startup_stm32f407xx.o(.text)
    TIM1_BRK_TIM9_IRQHandler                 0x08000267   Thumb Code     0  startup_stm32f407xx.o(.text)
    TIM1_CC_IRQHandler                       0x08000267   Thumb Code     0  startup_stm32f407xx.o(.text)
    TIM1_TRG_COM_TIM11_IRQHandler            0x08000267   Thumb Code     0  startup_stm32f407xx.o(.text)
    TIM1_UP_TIM10_IRQHandler                 0x08000267   Thumb Code     0  startup_stm32f407xx.o(.text)
    TIM2_IRQHandler                          0x08000267   Thumb Code     0  startup_stm32f407xx.o(.text)
    TIM3_IRQHandler                          0x08000267   Thumb Code     0  startup_stm32f407xx.o(.text)
    TIM4_IRQHandler                          0x08000267   Thumb Code     0  startup_stm32f407xx.o(.text)
    TIM5_IRQHandler                          0x08000267   Thumb Code     0  startup_stm32f407xx.o(.text)
    TIM6_DAC_IRQHandler                      0x08000267   Thumb Code     0  startup_stm32f407xx.o(.text)
    TIM7_IRQHandler                          0x08000267   Thumb Code     0  startup_stm32f407xx.o(.text)
    TIM8_BRK_TIM12_IRQHandler                0x08000267   Thumb Code     0  startup_stm32f407xx.o(.text)
    TIM8_CC_IRQHandler                       0x08000267   Thumb Code     0  startup_stm32f407xx.o(.text)
    TIM8_TRG_COM_TIM14_IRQHandler            0x08000267   Thumb Code     0  startup_stm32f407xx.o(.text)
    TIM8_UP_TIM13_IRQHandler                 0x08000267   Thumb Code     0  startup_stm32f407xx.o(.text)
    UART4_IRQHandler                         0x08000267   Thumb Code     0  startup_stm32f407xx.o(.text)
    UART5_IRQHandler                         0x08000267   Thumb Code     0  startup_stm32f407xx.o(.text)
    USART2_IRQHandler                        0x08000267   Thumb Code     0  startup_stm32f407xx.o(.text)
    USART6_IRQHandler                        0x08000267   Thumb Code     0  startup_stm32f407xx.o(.text)
    WWDG_IRQHandler                          0x08000267   Thumb Code     0  startup_stm32f407xx.o(.text)
    __user_initial_stackheap                 0x08000269   Thumb Code     0  startup_stm32f407xx.o(.text)
    __aeabi_uldivmod                         0x0800028d   Thumb Code     0  lludivv7m.o(.text)
    _ll_udiv                                 0x0800028d   Thumb Code   238  lludivv7m.o(.text)
    __2sprintf                               0x0800037d   Thumb Code    34  noretval__2sprintf.o(.text)
    _printf_pre_padding                      0x080003a5   Thumb Code    44  _printf_pad.o(.text)
    _printf_post_padding                     0x080003d1   Thumb Code    34  _printf_pad.o(.text)
    _printf_str                              0x080003f3   Thumb Code    82  _printf_str.o(.text)
    _printf_int_dec                          0x08000445   Thumb Code   104  _printf_dec.o(.text)
    __printf                                 0x080004bd   Thumb Code   308  __printf_flags_wp.o(.text)
    strstr                                   0x080005f5   Thumb Code    36  strstr.o(.text)
    strlen                                   0x08000619   Thumb Code    62  strlen.o(.text)
    __aeabi_memclr                           0x08000657   Thumb Code     0  rt_memclr.o(.text)
    __rt_memclr                              0x08000657   Thumb Code    68  rt_memclr.o(.text)
    _memset                                  0x0800065b   Thumb Code     0  rt_memclr.o(.text)
    __aeabi_memclr4                          0x0800069b   Thumb Code     0  rt_memclr_w.o(.text)
    __aeabi_memclr8                          0x0800069b   Thumb Code     0  rt_memclr_w.o(.text)
    __rt_memclr_w                            0x0800069b   Thumb Code    78  rt_memclr_w.o(.text)
    _memset_w                                0x0800069f   Thumb Code     0  rt_memclr_w.o(.text)
    __use_two_region_memory                  0x080006e9   Thumb Code     2  heapauxi.o(.text)
    __rt_heap_escrow$2region                 0x080006eb   Thumb Code     2  heapauxi.o(.text)
    __rt_heap_expand$2region                 0x080006ed   Thumb Code     2  heapauxi.o(.text)
    __read_errno                             0x080006ef   Thumb Code    10  _rserrno.o(.text)
    __set_errno                              0x080006f9   Thumb Code    12  _rserrno.o(.text)
    _printf_int_common                       0x08000705   Thumb Code   178  _printf_intcommon.o(.text)
    __lib_sel_fp_printf                      0x080007b7   Thumb Code     2  _printf_fp_dec.o(.text)
    _printf_fp_dec_real                      0x08000969   Thumb Code   620  _printf_fp_dec.o(.text)
    _printf_char_common                      0x08000bdf   Thumb Code    32  _printf_char_common.o(.text)
    _sputc                                   0x08000c05   Thumb Code    10  _sputc.o(.text)
    _printf_cs_common                        0x08000c0f   Thumb Code    20  _printf_char.o(.text)
    _printf_char                             0x08000c23   Thumb Code    16  _printf_char.o(.text)
    _printf_string                           0x08000c33   Thumb Code     8  _printf_char.o(.text)
    __rt_locale                              0x08000c3d   Thumb Code     8  rt_locale_intlibspace.o(.text)
    __aeabi_errno_addr                       0x08000c45   Thumb Code     8  rt_errno_addr_intlibspace.o(.text)
    __errno$intlibspace                      0x08000c45   Thumb Code     0  rt_errno_addr_intlibspace.o(.text)
    __rt_errno_addr$intlibspace              0x08000c45   Thumb Code     0  rt_errno_addr_intlibspace.o(.text)
    _ll_udiv10                               0x08000c4d   Thumb Code   138  lludiv10.o(.text)
    _printf_fp_infnan                        0x08000cd9   Thumb Code   112  _printf_fp_infnan.o(.text)
    _btod_etento                             0x08000d59   Thumb Code   224  bigflt0.o(.text)
    __user_libspace                          0x08000e3d   Thumb Code     8  libspace.o(.text)
    __user_perproc_libspace                  0x08000e3d   Thumb Code     0  libspace.o(.text)
    __user_perthread_libspace                0x08000e3d   Thumb Code     0  libspace.o(.text)
    __user_setup_stackheap                   0x08000e45   Thumb Code    74  sys_stackheap_outer.o(.text)
    exit                                     0x08000e8f   Thumb Code    18  exit.o(.text)
    strcmp                                   0x08000ea1   Thumb Code   128  strcmpv7m.o(.text)
    _sys_exit                                0x08000f21   Thumb Code     8  sys_exit.o(.text)
    __I$use$semihosting                      0x08000f2d   Thumb Code     0  use_no_semi.o(.text)
    __use_no_semihosting_swi                 0x08000f2d   Thumb Code     2  use_no_semi.o(.text)
    __semihosting_library_function           0x08000f2f   Thumb Code     0  indicate_semi.o(.text)
    _btod_d2e                                0x08000f2f   Thumb Code    62  btod.o(CL$$btod_d2e)
    _d2e_denorm_low                          0x08000f6d   Thumb Code    70  btod.o(CL$$btod_d2e_denorm_low)
    _d2e_norm_op1                            0x08000fb3   Thumb Code    96  btod.o(CL$$btod_d2e_norm_op1)
    __btod_div_common                        0x08001013   Thumb Code   696  btod.o(CL$$btod_div_common)
    _e2e                                     0x0800134b   Thumb Code   220  btod.o(CL$$btod_e2e)
    _btod_ediv                               0x08001427   Thumb Code    42  btod.o(CL$$btod_ediv)
    _btod_emul                               0x08001451   Thumb Code    42  btod.o(CL$$btod_emul)
    __btod_mult_common                       0x0800147b   Thumb Code   580  btod.o(CL$$btod_mult_common)
    BusFault_Handler                         0x080016bf   Thumb Code     2  stm32f4xx_it.o(i.BusFault_Handler)
    DebugMon_Handler                         0x080016c1   Thumb Code     2  stm32f4xx_it.o(i.DebugMon_Handler)
    Error_Handler                            0x080016c3   Thumb Code     4  main.o(i.Error_Handler)
    FSMC_NORSRAM_Extended_Timing_Init        0x080016c9   Thumb Code    60  stm32f4xx_ll_fsmc.o(i.FSMC_NORSRAM_Extended_Timing_Init)
    FSMC_NORSRAM_Init                        0x08001709   Thumb Code    80  stm32f4xx_ll_fsmc.o(i.FSMC_NORSRAM_Init)
    FSMC_NORSRAM_Timing_Init                 0x0800175d   Thumb Code    64  stm32f4xx_ll_fsmc.o(i.FSMC_NORSRAM_Timing_Init)
    HAL_DMA_Abort                            0x080017a1   Thumb Code   146  stm32f4xx_hal_dma.o(i.HAL_DMA_Abort)
    HAL_DMA_Abort_IT                         0x08001833   Thumb Code    36  stm32f4xx_hal_dma.o(i.HAL_DMA_Abort_IT)
    HAL_Delay                                0x08001857   Thumb Code     6  delay.o(i.HAL_Delay)
    HAL_GPIO_Init                            0x08001905   Thumb Code   450  stm32f4xx_hal_gpio.o(i.HAL_GPIO_Init)
    HAL_GPIO_ReadPin                         0x08001af5   Thumb Code    10  stm32f4xx_hal_gpio.o(i.HAL_GPIO_ReadPin)
    HAL_GPIO_TogglePin                       0x08001aff   Thumb Code    16  stm32f4xx_hal_gpio.o(i.HAL_GPIO_TogglePin)
    HAL_GPIO_WritePin                        0x08001b0f   Thumb Code    10  stm32f4xx_hal_gpio.o(i.HAL_GPIO_WritePin)
    HAL_GetTick                              0x08001b19   Thumb Code     6  stm32f4xx_hal.o(i.HAL_GetTick)
    HAL_IncTick                              0x08001b25   Thumb Code    12  stm32f4xx_hal.o(i.HAL_IncTick)
    HAL_Init                                 0x08001b35   Thumb Code    48  stm32f4xx_hal.o(i.HAL_Init)
    HAL_InitTick                             0x08001b69   Thumb Code    54  stm32f4xx_hal.o(i.HAL_InitTick)
    HAL_MspInit                              0x08001ba9   Thumb Code    42  stm32f4xx_hal_msp.o(i.HAL_MspInit)
    HAL_NVIC_EnableIRQ                       0x08001bd9   Thumb Code    26  stm32f4xx_hal_cortex.o(i.HAL_NVIC_EnableIRQ)
    HAL_NVIC_SetPriority                     0x08001bf5   Thumb Code    60  stm32f4xx_hal_cortex.o(i.HAL_NVIC_SetPriority)
    HAL_NVIC_SetPriorityGrouping             0x08001c35   Thumb Code    26  stm32f4xx_hal_cortex.o(i.HAL_NVIC_SetPriorityGrouping)
    HAL_RCC_ClockConfig                      0x08001c59   Thumb Code   288  stm32f4xx_hal_rcc.o(i.HAL_RCC_ClockConfig)
    HAL_RCC_GetPCLK1Freq                     0x08001d8d   Thumb Code    20  stm32f4xx_hal_rcc.o(i.HAL_RCC_GetPCLK1Freq)
    HAL_RCC_GetPCLK2Freq                     0x08001dad   Thumb Code    20  stm32f4xx_hal_rcc.o(i.HAL_RCC_GetPCLK2Freq)
    HAL_RCC_GetSysClockFreq                  0x08001dcd   Thumb Code    88  stm32f4xx_hal_rcc.o(i.HAL_RCC_GetSysClockFreq)
    HAL_RCC_OscConfig                        0x08001e2d   Thumb Code   856  stm32f4xx_hal_rcc.o(i.HAL_RCC_OscConfig)
    HAL_SRAM_Init                            0x08002199   Thumb Code    86  stm32f4xx_hal_sram.o(i.HAL_SRAM_Init)
    HAL_SRAM_MspInit                         0x080021ef   Thumb Code     4  fsmc.o(i.HAL_SRAM_MspInit)
    HAL_SYSTICK_Config                       0x080021f3   Thumb Code    40  stm32f4xx_hal_cortex.o(i.HAL_SYSTICK_Config)
    HAL_TIMEx_MasterConfigSynchronization    0x0800221d   Thumb Code   116  stm32f4xx_hal_tim_ex.o(i.HAL_TIMEx_MasterConfigSynchronization)
    HAL_TIM_Base_Init                        0x080022ad   Thumb Code    90  stm32f4xx_hal_tim.o(i.HAL_TIM_Base_Init)
    HAL_TIM_Base_MspInit                     0x08002309   Thumb Code    30  tim.o(i.HAL_TIM_Base_MspInit)
    HAL_TIM_ConfigClockSource                0x08002331   Thumb Code   220  stm32f4xx_hal_tim.o(i.HAL_TIM_ConfigClockSource)
    HAL_UARTEx_RxEventCallback               0x0800240d   Thumb Code     2  stm32f4xx_hal_uart.o(i.HAL_UARTEx_RxEventCallback)
    HAL_UART_ErrorCallback                   0x0800240f   Thumb Code     2  stm32f4xx_hal_uart.o(i.HAL_UART_ErrorCallback)
    HAL_UART_IRQHandler                      0x08002411   Thumb Code   618  stm32f4xx_hal_uart.o(i.HAL_UART_IRQHandler)
    HAL_UART_Init                            0x08002681   Thumb Code   100  stm32f4xx_hal_uart.o(i.HAL_UART_Init)
    HAL_UART_MspInit                         0x080026e5   Thumb Code   186  usart.o(i.HAL_UART_MspInit)
    HAL_UART_Receive_IT                      0x080027b5   Thumb Code    28  stm32f4xx_hal_uart.o(i.HAL_UART_Receive_IT)
    HAL_UART_RxCpltCallback                  0x080027d1   Thumb Code    14  stm32f4xx_it.o(i.HAL_UART_RxCpltCallback)
    HAL_UART_Transmit                        0x080027e5   Thumb Code   160  stm32f4xx_hal_uart.o(i.HAL_UART_Transmit)
    HAL_UART_TxCpltCallback                  0x08002885   Thumb Code     2  stm32f4xx_hal_uart.o(i.HAL_UART_TxCpltCallback)
    HardFault_Handler                        0x08002887   Thumb Code     2  stm32f4xx_it.o(i.HardFault_Handler)
    MPU_Get_Accelerometer                    0x08002889   Thumb Code    50  mpu6050.o(i.MPU_Get_Accelerometer)
    MPU_IIC_Init                             0x080028bd   Thumb Code    94  mpu6050.o(i.MPU_IIC_Init)
    MPU_Init                                 0x08002b19   Thumb Code   132  mpu6050.o(i.MPU_Init)
    MPU_Read_Byte                            0x08002b9d   Thumb Code    58  mpu6050.o(i.MPU_Read_Byte)
    MPU_Read_Len                             0x08002bd9   Thumb Code   108  mpu6050.o(i.MPU_Read_Len)
    MPU_Set_Accel_Fsr                        0x08002c45   Thumb Code    10  mpu6050.o(i.MPU_Set_Accel_Fsr)
    MPU_Set_Gyro_Fsr                         0x08002c4f   Thumb Code    10  mpu6050.o(i.MPU_Set_Gyro_Fsr)
    MPU_Set_LPF                              0x08002c59   Thumb Code    48  mpu6050.o(i.MPU_Set_LPF)
    MPU_Set_Rate                             0x08002c89   Thumb Code    46  mpu6050.o(i.MPU_Set_Rate)
    MPU_Write_Byte                           0x08002cb7   Thumb Code    60  mpu6050.o(i.MPU_Write_Byte)
    MX_FSMC_Init                             0x08002cf5   Thumb Code   128  fsmc.o(i.MX_FSMC_Init)
    MX_GPIO_Init                             0x08002d7d   Thumb Code   306  gpio.o(i.MX_GPIO_Init)
    MX_TIM5_Init                             0x08002ec1   Thumb Code    90  tim.o(i.MX_TIM5_Init)
    MX_USART1_UART_Init                      0x08002f25   Thumb Code    48  usart.o(i.MX_USART1_UART_Init)
    MX_USART3_UART_Init                      0x08002f5d   Thumb Code    48  usart.o(i.MX_USART3_UART_Init)
    MemManage_Handler                        0x08002f95   Thumb Code     2  stm32f4xx_it.o(i.MemManage_Handler)
    NMI_Handler                              0x08002f97   Thumb Code     2  stm32f4xx_it.o(i.NMI_Handler)
    PMS7003_GetData                          0x08002f99   Thumb Code     4  pms7003.o(i.PMS7003_GetData)
    PMS7003_Init                             0x08002fa1   Thumb Code    32  pms7003.o(i.PMS7003_Init)
    PMS7003_UART_RxCallback                  0x0800304d   Thumb Code    78  pms7003.o(i.PMS7003_UART_RxCallback)
    PendSV_Handler                           0x080030a9   Thumb Code     2  stm32f4xx_it.o(i.PendSV_Handler)
    SVC_Handler                              0x080030ab   Thumb Code     2  stm32f4xx_it.o(i.SVC_Handler)
    SysTick_Handler                          0x080030ad   Thumb Code     4  stm32f4xx_it.o(i.SysTick_Handler)
    SystemClock_Config                       0x080030b1   Thumb Code   138  main.o(i.SystemClock_Config)
    SystemInit                               0x08003145   Thumb Code    12  system_stm32f4xx.o(i.SystemInit)
    TIM_Base_SetConfig                       0x08003155   Thumb Code   156  stm32f4xx_hal_tim.o(i.TIM_Base_SetConfig)
    TIM_ETR_SetConfig                        0x0800321d   Thumb Code    20  stm32f4xx_hal_tim.o(i.TIM_ETR_SetConfig)
    UART_Start_Receive_IT                    0x080034b5   Thumb Code    54  stm32f4xx_hal_uart.o(i.UART_Start_Receive_IT)
    USART1_IRQHandler                        0x0800355d   Thumb Code     6  stm32f4xx_it.o(i.USART1_IRQHandler)
    USART3_IRQHandler                        0x08003569   Thumb Code    90  stm32f4xx_it.o(i.USART3_IRQHandler)
    UsageFault_Handler                       0x080035d1   Thumb Code     2  stm32f4xx_it.o(i.UsageFault_Handler)
    __ARM_fpclassify                         0x080035d3   Thumb Code    48  fpclassify.o(i.__ARM_fpclassify)
    __hardfp_sqrtf                           0x08003623   Thumb Code    58  sqrtf.o(i.__hardfp_sqrtf)
    _is_digit                                0x0800365d   Thumb Code    14  __printf_wp.o(i._is_digit)
    beep_init                                0x0800366d   Thumb Code    70  beep.o(i.beep_init)
    beep_off                                 0x080036bd   Thumb Code    12  beep.o(i.beep_off)
    beep_on                                  0x080036cd   Thumb Code    10  beep.o(i.beep_on)
    beep_toggle                              0x080036dd   Thumb Code    10  beep.o(i.beep_toggle)
    delay_init                               0x080036ed   Thumb Code     6  delay.o(i.delay_init)
    delay_ms                                 0x080036f9   Thumb Code    10  delay.o(i.delay_ms)
    delay_us                                 0x08003705   Thumb Code    48  delay.o(i.delay_us)
    esp8266_auto_connect                     0x08003739   Thumb Code     8  esp8266.o(i.esp8266_auto_connect)
    esp8266_check                            0x08003745   Thumb Code    86  esp8266.o(i.esp8266_check)
    esp8266_clear_buf                        0x080037b1   Thumb Code    20  esp8266.o(i.esp8266_clear_buf)
    esp8266_connect_ap                       0x080037cd   Thumb Code    92  esp8266.o(i.esp8266_connect_ap)
    esp8266_connect_atkcld                   0x0800386d   Thumb Code    38  esp8266.o(i.esp8266_connect_atkcld)
    esp8266_disconnect_ap                    0x080038c1   Thumb Code    12  esp8266.o(i.esp8266_disconnect_ap)
    esp8266_disconnect_atkcld                0x080038dd   Thumb Code    22  esp8266.o(i.esp8266_disconnect_atkcld)
    esp8266_init                             0x08003919   Thumb Code    68  esp8266.o(i.esp8266_init)
    esp8266_send_atkcld_data                 0x08003965   Thumb Code    26  esp8266.o(i.esp8266_send_atkcld_data)
    esp8266_send_cmd                         0x08003985   Thumb Code    72  esp8266.o(i.esp8266_send_cmd)
    esp8266_set_mode                         0x080039d5   Thumb Code    30  esp8266.o(i.esp8266_set_mode)
    esp8266_start_smartconfig                0x08003a09   Thumb Code    30  esp8266.o(i.esp8266_start_smartconfig)
    esp8266_stop_smartconfig                 0x08003a41   Thumb Code    12  esp8266.o(i.esp8266_stop_smartconfig)
    fall_detect_get_state_string             0x08003a65   Thumb Code    38  fall_detect.o(i.fall_detect_get_state_string)
    fall_detect_init                         0x08003ac1   Thumb Code    84  fall_detect.o(i.fall_detect_init)
    fall_detect_update                       0x08003b1d   Thumb Code   288  fall_detect.o(i.fall_detect_update)
    key_init                                 0x08003c49   Thumb Code   146  key.o(i.key_init)
    key_scan                                 0x08003ce9   Thumb Code   220  key.o(i.key_scan)
    lcd_clear                                0x08003dd1   Thumb Code    44  lcd_1.o(i.lcd_clear)
    lcd_display_dir                          0x08003e01   Thumb Code   230  lcd_1.o(i.lcd_display_dir)
    lcd_draw_point                           0x08003eed   Thumb Code    22  lcd_1.o(i.lcd_draw_point)
    lcd_ex_ili9341_reginit                   0x08003f03   Thumb Code   558  lcd_1.o(i.lcd_ex_ili9341_reginit)
    lcd_ex_ili9806_reginit                   0x08004131   Thumb Code   834  lcd_1.o(i.lcd_ex_ili9806_reginit)
    lcd_ex_nt35310_reginit                   0x08004473   Thumb Code  3828  lcd_1.o(i.lcd_ex_nt35310_reginit)
    lcd_ex_nt35510_reginit                   0x08005367   Thumb Code  3946  lcd_1.o(i.lcd_ex_nt35510_reginit)
    lcd_ex_ssd1963_reginit                   0x080062d1   Thumb Code   368  lcd_1.o(i.lcd_ex_ssd1963_reginit)
    lcd_ex_st7789_reginit                    0x08006441   Thumb Code   426  lcd_1.o(i.lcd_ex_st7789_reginit)
    lcd_ex_st7796_reginit                    0x080065eb   Thumb Code   456  lcd_1.o(i.lcd_ex_st7796_reginit)
    lcd_init                                 0x080067b5   Thumb Code   610  lcd_1.o(i.lcd_init)
    lcd_scan_dir                             0x08006a3d   Thumb Code   384  lcd_1.o(i.lcd_scan_dir)
    lcd_set_cursor                           0x08006bc1   Thumb Code   238  lcd_1.o(i.lcd_set_cursor)
    lcd_show_char                            0x08006cb5   Thumb Code   196  lcd_1.o(i.lcd_show_char)
    lcd_show_string                          0x08006d91   Thumb Code    86  lcd_1.o(i.lcd_show_string)
    lcd_ssd_backlight_set                    0x08006de9   Thumb Code    72  lcd_1.o(i.lcd_ssd_backlight_set)
    lcd_wr_data                              0x08006e39   Thumb Code    24  lcd_1.o(i.lcd_wr_data)
    lcd_wr_regno                             0x08006e51   Thumb Code    24  lcd_1.o(i.lcd_wr_regno)
    lcd_write_ram_prepare                    0x08006e69   Thumb Code    14  lcd_1.o(i.lcd_write_ram_prepare)
    lcd_write_reg                            0x08006e7d   Thumb Code    12  lcd_1.o(i.lcd_write_reg)
    lowpass_filter_init                      0x08006e89   Thumb Code    18  filter.o(i.lowpass_filter_init)
    lowpass_filter_update                    0x08006ea1   Thumb Code    48  filter.o(i.lowpass_filter_update)
    main                                     0x08006ed1   Thumb Code  2126  main.o(i.main)
    _get_lc_numeric                          0x08007799   Thumb Code    44  lc_numeric_c.o(locale$$code)
    __aeabi_d2uiz                            0x080077c5   Thumb Code     0  dfixu.o(x$fpl$dfixu)
    _dfixu                                   0x080077c5   Thumb Code    90  dfixu.o(x$fpl$dfixu)
    __aeabi_ui2d                             0x0800781f   Thumb Code     0  dflt_clz.o(x$fpl$dfltu)
    _dfltu                                   0x0800781f   Thumb Code    38  dflt_clz.o(x$fpl$dfltu)
    __aeabi_dmul                             0x08007845   Thumb Code     0  dmul.o(x$fpl$dmul)
    _dmul                                    0x08007845   Thumb Code   332  dmul.o(x$fpl$dmul)
    __fpl_dnaninf                            0x08007999   Thumb Code   156  dnaninf.o(x$fpl$dnaninf)
    __fpl_dretinf                            0x08007a35   Thumb Code    12  dretinf.o(x$fpl$dretinf)
    __aeabi_f2d                              0x08007a41   Thumb Code     0  f2d.o(x$fpl$f2d)
    _f2d                                     0x08007a41   Thumb Code    86  f2d.o(x$fpl$f2d)
    __fpl_fnaninf                            0x08007a97   Thumb Code   140  fnaninf.o(x$fpl$fnaninf)
    _fp_init                                 0x08007b23   Thumb Code    10  fpinit.o(x$fpl$fpinit)
    __fplib_config_fpu_vfp                   0x08007b2b   Thumb Code     0  fpinit.o(x$fpl$fpinit)
    __fplib_config_pureend_doubles           0x08007b2b   Thumb Code     0  fpinit.o(x$fpl$fpinit)
    _printf_fp_dec                           0x08007b2d   Thumb Code     4  printf1.o(x$fpl$printf1)
    AHBPrescTable                            0x08007b30   Data          16  system_stm32f4xx.o(.constdata)
    __I$use$fp                               0x08007b30   Number         0  usenofp.o(x$fpl$usenofp)
    APBPrescTable                            0x08007b40   Data           8  system_stm32f4xx.o(.constdata)
    asc2_1206                                0x08007b54   Data        1140  lcd_1.o(.constdata)
    asc2_1608                                0x08007fc8   Data        1520  lcd_1.o(.constdata)
    asc2_2412                                0x080085b8   Data        3420  lcd_1.o(.constdata)
    asc2_3216                                0x08009314   Data        6080  lcd_1.o(.constdata)
    Region$$Table$$Base                      0x0800ab7c   Number         0  anon$$obj.o(Region$$Table)
    Region$$Table$$Limit                     0x0800ab9c   Number         0  anon$$obj.o(Region$$Table)
    beep_test_mode                           0x20000000   Data           1  main.o(.data)
    wifi_config_mode                         0x20000001   Data           1  main.o(.data)
    wifi_connected                           0x20000002   Data           1  main.o(.data)
    atkcld_connected                         0x20000003   Data           1  main.o(.data)
    system_time_ms                           0x20000004   Data           4  main.o(.data)
    uwTickFreq                               0x20000014   Data           1  stm32f4xx_hal.o(.data)
    uwTickPrio                               0x20000018   Data           4  stm32f4xx_hal.o(.data)
    uwTick                                   0x2000001c   Data           4  stm32f4xx_hal.o(.data)
    SystemCoreClock                          0x20000020   Data           4  system_stm32f4xx.o(.data)
    esp8266_rx_cnt                           0x20000028   Data           2  esp8266.o(.data)
    g_back_color                             0x2000002c   Data           4  lcd_1.o(.data)
    display_buf                              0x20000030   Data          20  main.o(.bss)
    fall_detector                            0x20000044   Data          60  main.o(.bss)
    hsram4                                   0x20000080   Data          80  fsmc.o(.bss)
    htim5                                    0x200000d0   Data          72  tim.o(.bss)
    huart1                                   0x20000118   Data          72  usart.o(.bss)
    huart3                                   0x20000160   Data          72  usart.o(.bss)
    esp8266_rx_buf                           0x20000283   Data        1024  esp8266.o(.bss)
    g_sram_handle                            0x20000684   Data          80  lcd_1.o(.bss)
    lcddev                                   0x200006d4   Data          14  lcd_1.o(.bss)
    __libspace_start                         0x200006e4   Data          96  libspace.o(.bss)
    __temporary_stack_top$libspace           0x20000744   Data           0  libspace.o(.bss)



==============================================================================

Memory Map of the image

  Image Entry point : 0x08000189

  Load Region LR_IROM1 (Base: 0x08000000, Size: 0x0000abe8, Max: 0x00100000, ABSOLUTE)

    Execution Region ER_IROM1 (Exec base: 0x08000000, Load base: 0x08000000, Size: 0x0000abb8, Max: 0x00100000, ABSOLUTE)

    Exec Addr    Load Addr    Size         Type   Attr      Idx    E Section Name        Object

    0x08000000   0x08000000   0x00000188   Data   RO            3    RESET               startup_stm32f407xx.o
    0x08000188   0x08000188   0x00000008   Code   RO         4727  * !!!main             c_w.l(__main.o)
    0x08000190   0x08000190   0x00000034   Code   RO         5095    !!!scatter          c_w.l(__scatter.o)
    0x080001c4   0x080001c4   0x0000001a   Code   RO         5097    !!handler_copy      c_w.l(__scatter_copy.o)
    0x080001de   0x080001de   0x00000002   PAD
    0x080001e0   0x080001e0   0x0000001c   Code   RO         5099    !!handler_zi        c_w.l(__scatter_zi.o)
    0x080001fc   0x080001fc   0x00000000   Code   RO         4708    .ARM.Collect$$_printf_percent$$00000000  c_w.l(_printf_percent.o)
    0x080001fc   0x080001fc   0x00000006   Code   RO         4707    .ARM.Collect$$_printf_percent$$00000003  c_w.l(_printf_f.o)
    0x08000202   0x08000202   0x00000006   Code   RO         4706    .ARM.Collect$$_printf_percent$$00000009  c_w.l(_printf_d.o)
    0x08000208   0x08000208   0x00000006   Code   RO         4705    .ARM.Collect$$_printf_percent$$00000014  c_w.l(_printf_s.o)
    0x0800020e   0x0800020e   0x00000004   Code   RO         4812    .ARM.Collect$$_printf_percent$$00000017  c_w.l(_printf_percent_end.o)
    0x08000212   0x08000212   0x00000002   Code   RO         4966    .ARM.Collect$$libinit$$00000000  c_w.l(libinit.o)
    0x08000214   0x08000214   0x00000004   Code   RO         4967    .ARM.Collect$$libinit$$00000001  c_w.l(libinit2.o)
    0x08000218   0x08000218   0x00000000   Code   RO         4970    .ARM.Collect$$libinit$$00000004  c_w.l(libinit2.o)
    0x08000218   0x08000218   0x00000000   Code   RO         4973    .ARM.Collect$$libinit$$0000000A  c_w.l(libinit2.o)
    0x08000218   0x08000218   0x00000000   Code   RO         4975    .ARM.Collect$$libinit$$0000000C  c_w.l(libinit2.o)
    0x08000218   0x08000218   0x00000000   Code   RO         4977    .ARM.Collect$$libinit$$0000000E  c_w.l(libinit2.o)
    0x08000218   0x08000218   0x00000006   Code   RO         4978    .ARM.Collect$$libinit$$0000000F  c_w.l(libinit2.o)
    0x0800021e   0x0800021e   0x00000000   Code   RO         4980    .ARM.Collect$$libinit$$00000011  c_w.l(libinit2.o)
    0x0800021e   0x0800021e   0x00000000   Code   RO         4982    .ARM.Collect$$libinit$$00000013  c_w.l(libinit2.o)
    0x0800021e   0x0800021e   0x00000000   Code   RO         4984    .ARM.Collect$$libinit$$00000015  c_w.l(libinit2.o)
    0x0800021e   0x0800021e   0x0000000a   Code   RO         4985    .ARM.Collect$$libinit$$00000016  c_w.l(libinit2.o)
    0x08000228   0x08000228   0x00000000   Code   RO         4986    .ARM.Collect$$libinit$$00000017  c_w.l(libinit2.o)
    0x08000228   0x08000228   0x00000000   Code   RO         4988    .ARM.Collect$$libinit$$00000019  c_w.l(libinit2.o)
    0x08000228   0x08000228   0x00000000   Code   RO         4990    .ARM.Collect$$libinit$$0000001B  c_w.l(libinit2.o)
    0x08000228   0x08000228   0x00000000   Code   RO         4992    .ARM.Collect$$libinit$$0000001D  c_w.l(libinit2.o)
    0x08000228   0x08000228   0x00000000   Code   RO         4994    .ARM.Collect$$libinit$$0000001F  c_w.l(libinit2.o)
    0x08000228   0x08000228   0x00000000   Code   RO         4996    .ARM.Collect$$libinit$$00000021  c_w.l(libinit2.o)
    0x08000228   0x08000228   0x00000000   Code   RO         4998    .ARM.Collect$$libinit$$00000023  c_w.l(libinit2.o)
    0x08000228   0x08000228   0x00000000   Code   RO         5000    .ARM.Collect$$libinit$$00000025  c_w.l(libinit2.o)
    0x08000228   0x08000228   0x00000000   Code   RO         5004    .ARM.Collect$$libinit$$0000002C  c_w.l(libinit2.o)
    0x08000228   0x08000228   0x00000000   Code   RO         5006    .ARM.Collect$$libinit$$0000002E  c_w.l(libinit2.o)
    0x08000228   0x08000228   0x00000000   Code   RO         5008    .ARM.Collect$$libinit$$00000030  c_w.l(libinit2.o)
    0x08000228   0x08000228   0x00000000   Code   RO         5010    .ARM.Collect$$libinit$$00000032  c_w.l(libinit2.o)
    0x08000228   0x08000228   0x00000002   Code   RO         5011    .ARM.Collect$$libinit$$00000033  c_w.l(libinit2.o)
    0x0800022a   0x0800022a   0x00000002   Code   RO         5058    .ARM.Collect$$libshutdown$$00000000  c_w.l(libshutdown.o)
    0x0800022c   0x0800022c   0x00000000   Code   RO         5076    .ARM.Collect$$libshutdown$$00000002  c_w.l(libshutdown2.o)
    0x0800022c   0x0800022c   0x00000000   Code   RO         5078    .ARM.Collect$$libshutdown$$00000004  c_w.l(libshutdown2.o)
    0x0800022c   0x0800022c   0x00000000   Code   RO         5080    .ARM.Collect$$libshutdown$$00000006  c_w.l(libshutdown2.o)
    0x0800022c   0x0800022c   0x00000000   Code   RO         5083    .ARM.Collect$$libshutdown$$00000009  c_w.l(libshutdown2.o)
    0x0800022c   0x0800022c   0x00000000   Code   RO         5086    .ARM.Collect$$libshutdown$$0000000C  c_w.l(libshutdown2.o)
    0x0800022c   0x0800022c   0x00000000   Code   RO         5088    .ARM.Collect$$libshutdown$$0000000E  c_w.l(libshutdown2.o)
    0x0800022c   0x0800022c   0x00000000   Code   RO         5091    .ARM.Collect$$libshutdown$$00000011  c_w.l(libshutdown2.o)
    0x0800022c   0x0800022c   0x00000002   Code   RO         5092    .ARM.Collect$$libshutdown$$00000012  c_w.l(libshutdown2.o)
    0x0800022e   0x0800022e   0x00000000   Code   RO         4795    .ARM.Collect$$rtentry$$00000000  c_w.l(__rtentry.o)
    0x0800022e   0x0800022e   0x00000000   Code   RO         4880    .ARM.Collect$$rtentry$$00000002  c_w.l(__rtentry2.o)
    0x0800022e   0x0800022e   0x00000006   Code   RO         4892    .ARM.Collect$$rtentry$$00000004  c_w.l(__rtentry4.o)
    0x08000234   0x08000234   0x00000000   Code   RO         4882    .ARM.Collect$$rtentry$$00000009  c_w.l(__rtentry2.o)
    0x08000234   0x08000234   0x00000004   Code   RO         4883    .ARM.Collect$$rtentry$$0000000A  c_w.l(__rtentry2.o)
    0x08000238   0x08000238   0x00000000   Code   RO         4885    .ARM.Collect$$rtentry$$0000000C  c_w.l(__rtentry2.o)
    0x08000238   0x08000238   0x00000008   Code   RO         4886    .ARM.Collect$$rtentry$$0000000D  c_w.l(__rtentry2.o)
    0x08000240   0x08000240   0x00000002   Code   RO         5012    .ARM.Collect$$rtexit$$00000000  c_w.l(rtexit.o)
    0x08000242   0x08000242   0x00000000   Code   RO         5027    .ARM.Collect$$rtexit$$00000002  c_w.l(rtexit2.o)
    0x08000242   0x08000242   0x00000004   Code   RO         5028    .ARM.Collect$$rtexit$$00000003  c_w.l(rtexit2.o)
    0x08000246   0x08000246   0x00000006   Code   RO         5029    .ARM.Collect$$rtexit$$00000004  c_w.l(rtexit2.o)
    0x0800024c   0x0800024c   0x00000040   Code   RO            4    .text               startup_stm32f407xx.o
    0x0800028c   0x0800028c   0x000000ee   Code   RO         4669    .text               c_w.l(lludivv7m.o)
    0x0800037a   0x0800037a   0x00000002   PAD
    0x0800037c   0x0800037c   0x00000028   Code   RO         4675    .text               c_w.l(noretval__2sprintf.o)
    0x080003a4   0x080003a4   0x0000004e   Code   RO         4679    .text               c_w.l(_printf_pad.o)
    0x080003f2   0x080003f2   0x00000052   Code   RO         4681    .text               c_w.l(_printf_str.o)
    0x08000444   0x08000444   0x00000078   Code   RO         4683    .text               c_w.l(_printf_dec.o)
    0x080004bc   0x080004bc   0x00000138   Code   RO         4697    .text               c_w.l(__printf_flags_wp.o)
    0x080005f4   0x080005f4   0x00000024   Code   RO         4709    .text               c_w.l(strstr.o)
    0x08000618   0x08000618   0x0000003e   Code   RO         4713    .text               c_w.l(strlen.o)
    0x08000656   0x08000656   0x00000044   Code   RO         4719    .text               c_w.l(rt_memclr.o)
    0x0800069a   0x0800069a   0x0000004e   Code   RO         4721    .text               c_w.l(rt_memclr_w.o)
    0x080006e8   0x080006e8   0x00000006   Code   RO         4725    .text               c_w.l(heapauxi.o)
    0x080006ee   0x080006ee   0x00000016   Code   RO         4800    .text               c_w.l(_rserrno.o)
    0x08000704   0x08000704   0x000000b2   Code   RO         4802    .text               c_w.l(_printf_intcommon.o)
    0x080007b6   0x080007b6   0x0000041e   Code   RO         4804    .text               c_w.l(_printf_fp_dec.o)
    0x08000bd4   0x08000bd4   0x00000030   Code   RO         4806    .text               c_w.l(_printf_char_common.o)
    0x08000c04   0x08000c04   0x0000000a   Code   RO         4808    .text               c_w.l(_sputc.o)
    0x08000c0e   0x08000c0e   0x0000002c   Code   RO         4810    .text               c_w.l(_printf_char.o)
    0x08000c3a   0x08000c3a   0x00000002   PAD
    0x08000c3c   0x08000c3c   0x00000008   Code   RO         4899    .text               c_w.l(rt_locale_intlibspace.o)
    0x08000c44   0x08000c44   0x00000008   Code   RO         4904    .text               c_w.l(rt_errno_addr_intlibspace.o)
    0x08000c4c   0x08000c4c   0x0000008a   Code   RO         4906    .text               c_w.l(lludiv10.o)
    0x08000cd6   0x08000cd6   0x00000002   PAD
    0x08000cd8   0x08000cd8   0x00000080   Code   RO         4908    .text               c_w.l(_printf_fp_infnan.o)
    0x08000d58   0x08000d58   0x000000e4   Code   RO         4912    .text               c_w.l(bigflt0.o)
    0x08000e3c   0x08000e3c   0x00000008   Code   RO         4948    .text               c_w.l(libspace.o)
    0x08000e44   0x08000e44   0x0000004a   Code   RO         4951    .text               c_w.l(sys_stackheap_outer.o)
    0x08000e8e   0x08000e8e   0x00000012   Code   RO         4953    .text               c_w.l(exit.o)
    0x08000ea0   0x08000ea0   0x00000080   Code   RO         4959    .text               c_w.l(strcmpv7m.o)
    0x08000f20   0x08000f20   0x0000000c   Code   RO         5024    .text               c_w.l(sys_exit.o)
    0x08000f2c   0x08000f2c   0x00000002   Code   RO         5045    .text               c_w.l(use_no_semi.o)
    0x08000f2e   0x08000f2e   0x00000000   Code   RO         5047    .text               c_w.l(indicate_semi.o)
    0x08000f2e   0x08000f2e   0x0000003e   Code   RO         4915    CL$$btod_d2e        c_w.l(btod.o)
    0x08000f6c   0x08000f6c   0x00000046   Code   RO         4917    CL$$btod_d2e_denorm_low  c_w.l(btod.o)
    0x08000fb2   0x08000fb2   0x00000060   Code   RO         4916    CL$$btod_d2e_norm_op1  c_w.l(btod.o)
    0x08001012   0x08001012   0x00000338   Code   RO         4925    CL$$btod_div_common  c_w.l(btod.o)
    0x0800134a   0x0800134a   0x000000dc   Code   RO         4922    CL$$btod_e2e        c_w.l(btod.o)
    0x08001426   0x08001426   0x0000002a   Code   RO         4919    CL$$btod_ediv       c_w.l(btod.o)
    0x08001450   0x08001450   0x0000002a   Code   RO         4918    CL$$btod_emul       c_w.l(btod.o)
    0x0800147a   0x0800147a   0x00000244   Code   RO         4924    CL$$btod_mult_common  c_w.l(btod.o)
    0x080016be   0x080016be   0x00000002   Code   RO          343    i.BusFault_Handler  stm32f4xx_it.o
    0x080016c0   0x080016c0   0x00000002   Code   RO          344    i.DebugMon_Handler  stm32f4xx_it.o
    0x080016c2   0x080016c2   0x00000004   Code   RO           13    i.Error_Handler     main.o
    0x080016c6   0x080016c6   0x00000002   PAD
    0x080016c8   0x080016c8   0x00000040   Code   RO          639    i.FSMC_NORSRAM_Extended_Timing_Init  stm32f4xx_ll_fsmc.o
    0x08001708   0x08001708   0x00000054   Code   RO          640    i.FSMC_NORSRAM_Init  stm32f4xx_ll_fsmc.o
    0x0800175c   0x0800175c   0x00000044   Code   RO          641    i.FSMC_NORSRAM_Timing_Init  stm32f4xx_ll_fsmc.o
    0x080017a0   0x080017a0   0x00000092   Code   RO         1393    i.HAL_DMA_Abort     stm32f4xx_hal_dma.o
    0x08001832   0x08001832   0x00000024   Code   RO         1394    i.HAL_DMA_Abort_IT  stm32f4xx_hal_dma.o
    0x08001856   0x08001856   0x00000006   Code   RO          508    i.HAL_Delay         delay.o
    0x0800185c   0x0800185c   0x000000a8   Code   RO          253    i.HAL_FSMC_MspInit  fsmc.o
    0x08001904   0x08001904   0x000001f0   Code   RO         1286    i.HAL_GPIO_Init     stm32f4xx_hal_gpio.o
    0x08001af4   0x08001af4   0x0000000a   Code   RO         1288    i.HAL_GPIO_ReadPin  stm32f4xx_hal_gpio.o
    0x08001afe   0x08001afe   0x00000010   Code   RO         1289    i.HAL_GPIO_TogglePin  stm32f4xx_hal_gpio.o
    0x08001b0e   0x08001b0e   0x0000000a   Code   RO         1290    i.HAL_GPIO_WritePin  stm32f4xx_hal_gpio.o
    0x08001b18   0x08001b18   0x0000000c   Code   RO         1818    i.HAL_GetTick       stm32f4xx_hal.o
    0x08001b24   0x08001b24   0x00000010   Code   RO         1824    i.HAL_IncTick       stm32f4xx_hal.o
    0x08001b34   0x08001b34   0x00000034   Code   RO         1825    i.HAL_Init          stm32f4xx_hal.o
    0x08001b68   0x08001b68   0x00000040   Code   RO         1826    i.HAL_InitTick      stm32f4xx_hal.o
    0x08001ba8   0x08001ba8   0x00000030   Code   RO          436    i.HAL_MspInit       stm32f4xx_hal_msp.o
    0x08001bd8   0x08001bd8   0x0000001a   Code   RO         1675    i.HAL_NVIC_EnableIRQ  stm32f4xx_hal_cortex.o
    0x08001bf2   0x08001bf2   0x00000002   PAD
    0x08001bf4   0x08001bf4   0x00000040   Code   RO         1681    i.HAL_NVIC_SetPriority  stm32f4xx_hal_cortex.o
    0x08001c34   0x08001c34   0x00000024   Code   RO         1682    i.HAL_NVIC_SetPriorityGrouping  stm32f4xx_hal_cortex.o
    0x08001c58   0x08001c58   0x00000134   Code   RO          932    i.HAL_RCC_ClockConfig  stm32f4xx_hal_rcc.o
    0x08001d8c   0x08001d8c   0x00000020   Code   RO          939    i.HAL_RCC_GetPCLK1Freq  stm32f4xx_hal_rcc.o
    0x08001dac   0x08001dac   0x00000020   Code   RO          940    i.HAL_RCC_GetPCLK2Freq  stm32f4xx_hal_rcc.o
    0x08001dcc   0x08001dcc   0x00000060   Code   RO          941    i.HAL_RCC_GetSysClockFreq  stm32f4xx_hal_rcc.o
    0x08001e2c   0x08001e2c   0x0000036c   Code   RO          944    i.HAL_RCC_OscConfig  stm32f4xx_hal_rcc.o
    0x08002198   0x08002198   0x00000056   Code   RO          779    i.HAL_SRAM_Init     stm32f4xx_hal_sram.o
    0x080021ee   0x080021ee   0x00000004   Code   RO          255    i.HAL_SRAM_MspInit  fsmc.o
    0x080021f2   0x080021f2   0x00000028   Code   RO         1686    i.HAL_SYSTICK_Config  stm32f4xx_hal_cortex.o
    0x0800221a   0x0800221a   0x00000002   PAD
    0x0800221c   0x0800221c   0x00000090   Code   RO         2788    i.HAL_TIMEx_MasterConfigSynchronization  stm32f4xx_hal_tim_ex.o
    0x080022ac   0x080022ac   0x0000005a   Code   RO         2065    i.HAL_TIM_Base_Init  stm32f4xx_hal_tim.o
    0x08002306   0x08002306   0x00000002   PAD
    0x08002308   0x08002308   0x00000028   Code   RO          302    i.HAL_TIM_Base_MspInit  tim.o
    0x08002330   0x08002330   0x000000dc   Code   RO         2074    i.HAL_TIM_ConfigClockSource  stm32f4xx_hal_tim.o
    0x0800240c   0x0800240c   0x00000002   Code   RO         3048    i.HAL_UARTEx_RxEventCallback  stm32f4xx_hal_uart.o
    0x0800240e   0x0800240e   0x00000002   Code   RO         3062    i.HAL_UART_ErrorCallback  stm32f4xx_hal_uart.o
    0x08002410   0x08002410   0x00000270   Code   RO         3065    i.HAL_UART_IRQHandler  stm32f4xx_hal_uart.o
    0x08002680   0x08002680   0x00000064   Code   RO         3066    i.HAL_UART_Init     stm32f4xx_hal_uart.o
    0x080026e4   0x080026e4   0x000000d0   Code   RO          461    i.HAL_UART_MspInit  usart.o
    0x080027b4   0x080027b4   0x0000001c   Code   RO         3071    i.HAL_UART_Receive_IT  stm32f4xx_hal_uart.o
    0x080027d0   0x080027d0   0x00000014   Code   RO          345    i.HAL_UART_RxCpltCallback  stm32f4xx_it.o
    0x080027e4   0x080027e4   0x000000a0   Code   RO         3074    i.HAL_UART_Transmit  stm32f4xx_hal_uart.o
    0x08002884   0x08002884   0x00000002   Code   RO         3077    i.HAL_UART_TxCpltCallback  stm32f4xx_hal_uart.o
    0x08002886   0x08002886   0x00000002   Code   RO          346    i.HardFault_Handler  stm32f4xx_it.o
    0x08002888   0x08002888   0x00000032   Code   RO         3983    i.MPU_Get_Accelerometer  mpu6050.o
    0x080028ba   0x080028ba   0x00000002   PAD
    0x080028bc   0x080028bc   0x00000068   Code   RO         3986    i.MPU_IIC_Init      mpu6050.o
    0x08002924   0x08002924   0x000000b8   Code   RO         3987    i.MPU_IIC_Read_Byte  mpu6050.o
    0x080029dc   0x080029dc   0x00000058   Code   RO         3988    i.MPU_IIC_Send_Byte  mpu6050.o
    0x08002a34   0x08002a34   0x00000048   Code   RO         3989    i.MPU_IIC_Start     mpu6050.o
    0x08002a7c   0x08002a7c   0x0000003c   Code   RO         3990    i.MPU_IIC_Stop      mpu6050.o
    0x08002ab8   0x08002ab8   0x00000060   Code   RO         3991    i.MPU_IIC_Wait_Ack  mpu6050.o
    0x08002b18   0x08002b18   0x00000084   Code   RO         3992    i.MPU_Init          mpu6050.o
    0x08002b9c   0x08002b9c   0x0000003a   Code   RO         3993    i.MPU_Read_Byte     mpu6050.o
    0x08002bd6   0x08002bd6   0x00000002   PAD
    0x08002bd8   0x08002bd8   0x0000006c   Code   RO         3994    i.MPU_Read_Len      mpu6050.o
    0x08002c44   0x08002c44   0x0000000a   Code   RO         3995    i.MPU_Set_Accel_Fsr  mpu6050.o
    0x08002c4e   0x08002c4e   0x0000000a   Code   RO         3996    i.MPU_Set_Gyro_Fsr  mpu6050.o
    0x08002c58   0x08002c58   0x00000030   Code   RO         3997    i.MPU_Set_LPF       mpu6050.o
    0x08002c88   0x08002c88   0x0000002e   Code   RO         3998    i.MPU_Set_Rate      mpu6050.o
    0x08002cb6   0x08002cb6   0x0000003c   Code   RO         3999    i.MPU_Write_Byte    mpu6050.o
    0x08002cf2   0x08002cf2   0x00000002   PAD
    0x08002cf4   0x08002cf4   0x00000088   Code   RO          256    i.MX_FSMC_Init      fsmc.o
    0x08002d7c   0x08002d7c   0x00000144   Code   RO          229    i.MX_GPIO_Init      gpio.o
    0x08002ec0   0x08002ec0   0x00000064   Code   RO          303    i.MX_TIM5_Init      tim.o
    0x08002f24   0x08002f24   0x00000038   Code   RO          462    i.MX_USART1_UART_Init  usart.o
    0x08002f5c   0x08002f5c   0x00000038   Code   RO          463    i.MX_USART3_UART_Init  usart.o
    0x08002f94   0x08002f94   0x00000002   Code   RO          347    i.MemManage_Handler  stm32f4xx_it.o
    0x08002f96   0x08002f96   0x00000002   Code   RO          348    i.NMI_Handler       stm32f4xx_it.o
    0x08002f98   0x08002f98   0x00000008   Code   RO         4245    i.PMS7003_GetData   pms7003.o
    0x08002fa0   0x08002fa0   0x0000002c   Code   RO         4246    i.PMS7003_Init      pms7003.o
    0x08002fcc   0x08002fcc   0x00000080   Code   RO         4247    i.PMS7003_ParseData  pms7003.o
    0x0800304c   0x0800304c   0x0000005c   Code   RO         4249    i.PMS7003_UART_RxCallback  pms7003.o
    0x080030a8   0x080030a8   0x00000002   Code   RO          349    i.PendSV_Handler    stm32f4xx_it.o
    0x080030aa   0x080030aa   0x00000002   Code   RO          350    i.SVC_Handler       stm32f4xx_it.o
    0x080030ac   0x080030ac   0x00000004   Code   RO          351    i.SysTick_Handler   stm32f4xx_it.o
    0x080030b0   0x080030b0   0x00000094   Code   RO           14    i.SystemClock_Config  main.o
    0x08003144   0x08003144   0x00000010   Code   RO         3400    i.SystemInit        system_stm32f4xx.o
    0x08003154   0x08003154   0x000000c8   Code   RO         2158    i.TIM_Base_SetConfig  stm32f4xx_hal_tim.o
    0x0800321c   0x0800321c   0x00000014   Code   RO         2169    i.TIM_ETR_SetConfig  stm32f4xx_hal_tim.o
    0x08003230   0x08003230   0x00000010   Code   RO         2170    i.TIM_ITRx_SetConfig  stm32f4xx_hal_tim.o
    0x08003240   0x08003240   0x00000022   Code   RO         2176    i.TIM_TI1_ConfigInputStage  stm32f4xx_hal_tim.o
    0x08003262   0x08003262   0x00000024   Code   RO         2178    i.TIM_TI2_ConfigInputStage  stm32f4xx_hal_tim.o
    0x08003286   0x08003286   0x00000010   Code   RO         3079    i.UART_DMAAbortOnError  stm32f4xx_hal_uart.o
    0x08003296   0x08003296   0x0000004e   Code   RO         3089    i.UART_EndRxTransfer  stm32f4xx_hal_uart.o
    0x080032e4   0x080032e4   0x000000c2   Code   RO         3091    i.UART_Receive_IT   stm32f4xx_hal_uart.o
    0x080033a6   0x080033a6   0x00000002   PAD
    0x080033a8   0x080033a8   0x0000010c   Code   RO         3092    i.UART_SetConfig    stm32f4xx_hal_uart.o
    0x080034b4   0x080034b4   0x00000036   Code   RO         3094    i.UART_Start_Receive_IT  stm32f4xx_hal_uart.o
    0x080034ea   0x080034ea   0x00000072   Code   RO         3095    i.UART_WaitOnFlagUntilTimeout  stm32f4xx_hal_uart.o
    0x0800355c   0x0800355c   0x0000000c   Code   RO          352    i.USART1_IRQHandler  stm32f4xx_it.o
    0x08003568   0x08003568   0x00000068   Code   RO          353    i.USART3_IRQHandler  stm32f4xx_it.o
    0x080035d0   0x080035d0   0x00000002   Code   RO          354    i.UsageFault_Handler  stm32f4xx_it.o
    0x080035d2   0x080035d2   0x00000030   Code   RO         4862    i.__ARM_fpclassify  m_wm.l(fpclassify.o)
    0x08003602   0x08003602   0x00000020   Code   RO         1688    i.__NVIC_SetPriority  stm32f4xx_hal_cortex.o
    0x08003622   0x08003622   0x0000003a   Code   RO         4783    i.__hardfp_sqrtf    m_wm.l(sqrtf.o)
    0x0800365c   0x0800365c   0x0000000e   Code   RO         4695    i._is_digit         c_w.l(__printf_wp.o)
    0x0800366a   0x0800366a   0x00000002   PAD
    0x0800366c   0x0800366c   0x00000050   Code   RO         4104    i.beep_init         beep.o
    0x080036bc   0x080036bc   0x00000010   Code   RO         4105    i.beep_off          beep.o
    0x080036cc   0x080036cc   0x00000010   Code   RO         4106    i.beep_on           beep.o
    0x080036dc   0x080036dc   0x00000010   Code   RO         4107    i.beep_toggle       beep.o
    0x080036ec   0x080036ec   0x0000000c   Code   RO          509    i.delay_init        delay.o
    0x080036f8   0x080036f8   0x0000000a   Code   RO          510    i.delay_ms          delay.o
    0x08003702   0x08003702   0x00000002   PAD
    0x08003704   0x08003704   0x00000034   Code   RO          511    i.delay_us          delay.o
    0x08003738   0x08003738   0x0000000c   Code   RO         4296    i.esp8266_auto_connect  esp8266.o
    0x08003744   0x08003744   0x0000006c   Code   RO         4297    i.esp8266_check     esp8266.o
    0x080037b0   0x080037b0   0x0000001c   Code   RO         4298    i.esp8266_clear_buf  esp8266.o
    0x080037cc   0x080037cc   0x000000a0   Code   RO         4299    i.esp8266_connect_ap  esp8266.o
    0x0800386c   0x0800386c   0x00000054   Code   RO         4300    i.esp8266_connect_atkcld  esp8266.o
    0x080038c0   0x080038c0   0x0000001c   Code   RO         4301    i.esp8266_disconnect_ap  esp8266.o
    0x080038dc   0x080038dc   0x0000003c   Code   RO         4302    i.esp8266_disconnect_atkcld  esp8266.o
    0x08003918   0x08003918   0x0000004c   Code   RO         4304    i.esp8266_init      esp8266.o
    0x08003964   0x08003964   0x00000020   Code   RO         4307    i.esp8266_send_atkcld_data  esp8266.o
    0x08003984   0x08003984   0x00000050   Code   RO         4308    i.esp8266_send_cmd  esp8266.o
    0x080039d4   0x080039d4   0x00000034   Code   RO         4310    i.esp8266_set_mode  esp8266.o
    0x08003a08   0x08003a08   0x00000038   Code   RO         4311    i.esp8266_start_smartconfig  esp8266.o
    0x08003a40   0x08003a40   0x00000024   Code   RO         4312    i.esp8266_stop_smartconfig  esp8266.o
    0x08003a64   0x08003a64   0x0000005c   Code   RO         4148    i.fall_detect_get_state_string  fall_detect.o
    0x08003ac0   0x08003ac0   0x0000005c   Code   RO         4149    i.fall_detect_init  fall_detect.o
    0x08003b1c   0x08003b1c   0x0000012c   Code   RO         4151    i.fall_detect_update  fall_detect.o
    0x08003c48   0x08003c48   0x000000a0   Code   RO         4214    i.key_init          key.o
    0x08003ce8   0x08003ce8   0x000000e8   Code   RO         4215    i.key_scan          key.o
    0x08003dd0   0x08003dd0   0x00000030   Code   RO         4428    i.lcd_clear         lcd_1.o
    0x08003e00   0x08003e00   0x000000ec   Code   RO         4430    i.lcd_display_dir   lcd_1.o
    0x08003eec   0x08003eec   0x00000016   Code   RO         4436    i.lcd_draw_point    lcd_1.o
    0x08003f02   0x08003f02   0x0000022e   Code   RO         4438    i.lcd_ex_ili9341_reginit  lcd_1.o
    0x08004130   0x08004130   0x00000342   Code   RO         4439    i.lcd_ex_ili9806_reginit  lcd_1.o
    0x08004472   0x08004472   0x00000ef4   Code   RO         4440    i.lcd_ex_nt35310_reginit  lcd_1.o
    0x08005366   0x08005366   0x00000f6a   Code   RO         4441    i.lcd_ex_nt35510_reginit  lcd_1.o
    0x080062d0   0x080062d0   0x00000170   Code   RO         4442    i.lcd_ex_ssd1963_reginit  lcd_1.o
    0x08006440   0x08006440   0x000001aa   Code   RO         4443    i.lcd_ex_st7789_reginit  lcd_1.o
    0x080065ea   0x080065ea   0x000001c8   Code   RO         4444    i.lcd_ex_st7796_reginit  lcd_1.o
    0x080067b2   0x080067b2   0x00000002   PAD
    0x080067b4   0x080067b4   0x0000026c   Code   RO         4447    i.lcd_init          lcd_1.o
    0x08006a20   0x08006a20   0x0000001a   Code   RO         4449    i.lcd_rd_data       lcd_1.o
    0x08006a3a   0x08006a3a   0x00000002   PAD
    0x08006a3c   0x08006a3c   0x00000184   Code   RO         4451    i.lcd_scan_dir      lcd_1.o
    0x08006bc0   0x08006bc0   0x000000f4   Code   RO         4452    i.lcd_set_cursor    lcd_1.o
    0x08006cb4   0x08006cb4   0x000000dc   Code   RO         4454    i.lcd_show_char     lcd_1.o
    0x08006d90   0x08006d90   0x00000056   Code   RO         4456    i.lcd_show_string   lcd_1.o
    0x08006de6   0x08006de6   0x00000002   PAD
    0x08006de8   0x08006de8   0x00000050   Code   RO         4458    i.lcd_ssd_backlight_set  lcd_1.o
    0x08006e38   0x08006e38   0x00000018   Code   RO         4459    i.lcd_wr_data       lcd_1.o
    0x08006e50   0x08006e50   0x00000018   Code   RO         4460    i.lcd_wr_regno      lcd_1.o
    0x08006e68   0x08006e68   0x00000014   Code   RO         4461    i.lcd_write_ram_prepare  lcd_1.o
    0x08006e7c   0x08006e7c   0x0000000c   Code   RO         4462    i.lcd_write_reg     lcd_1.o
    0x08006e88   0x08006e88   0x00000018   Code   RO         4181    i.lowpass_filter_init  filter.o
    0x08006ea0   0x08006ea0   0x00000030   Code   RO         4182    i.lowpass_filter_update  filter.o
    0x08006ed0   0x08006ed0   0x000008c8   Code   RO           15    i.main              main.o
    0x08007798   0x08007798   0x0000002c   Code   RO         4938    locale$$code        c_w.l(lc_numeric_c.o)
    0x080077c4   0x080077c4   0x0000005a   Code   RO         4741    x$fpl$dfixu         fz_wm.l(dfixu.o)
    0x0800781e   0x0800781e   0x00000026   Code   RO         4745    x$fpl$dfltu         fz_wm.l(dflt_clz.o)
    0x08007844   0x08007844   0x00000154   Code   RO         4751    x$fpl$dmul          fz_wm.l(dmul.o)
    0x08007998   0x08007998   0x0000009c   Code   RO         4819    x$fpl$dnaninf       fz_wm.l(dnaninf.o)
    0x08007a34   0x08007a34   0x0000000c   Code   RO         4821    x$fpl$dretinf       fz_wm.l(dretinf.o)
    0x08007a40   0x08007a40   0x00000056   Code   RO         4753    x$fpl$f2d           fz_wm.l(f2d.o)
    0x08007a96   0x08007a96   0x0000008c   Code   RO         4823    x$fpl$fnaninf       fz_wm.l(fnaninf.o)
    0x08007b22   0x08007b22   0x0000000a   Code   RO         5022    x$fpl$fpinit        fz_wm.l(fpinit.o)
    0x08007b2c   0x08007b2c   0x00000004   Code   RO         4755    x$fpl$printf1       fz_wm.l(printf1.o)
    0x08007b30   0x08007b30   0x00000000   Code   RO         4827    x$fpl$usenofp       fz_wm.l(usenofp.o)
    0x08007b30   0x08007b30   0x00000010   Data   RO         3401    .constdata          system_stm32f4xx.o
    0x08007b40   0x08007b40   0x00000008   Data   RO         3402    .constdata          system_stm32f4xx.o
    0x08007b48   0x08007b48   0x0000000c   Data   RO         4314    .constdata          esp8266.o
    0x08007b54   0x08007b54   0x00002f80   Data   RO         4464    .constdata          lcd_1.o
    0x0800aad4   0x0800aad4   0x00000011   Data   RO         4698    .constdata          c_w.l(__printf_flags_wp.o)
    0x0800aae5   0x0800aae5   0x00000003   PAD
    0x0800aae8   0x0800aae8   0x00000094   Data   RO         4913    .constdata          c_w.l(bigflt0.o)
    0x0800ab7c   0x0800ab7c   0x00000020   Data   RO         5093    Region$$Table       anon$$obj.o
    0x0800ab9c   0x0800ab9c   0x0000001c   Data   RO         4937    locale$$data        c_w.l(lc_numeric_c.o)


    Execution Region RW_IRAM2 (Exec base: 0x10000000, Load base: 0x0800abe8, Size: 0x00000000, Max: 0x00010000, ABSOLUTE)

    **** No section assigned to this execution region ****


    Execution Region RW_IRAM1 (Exec base: 0x20000000, Load base: 0x0800abb8, Size: 0x00000d48, Max: 0x00020000, ABSOLUTE)

    Exec Addr    Load Addr    Size         Type   Attr      Idx    E Section Name        Object

    0x20000000   0x0800abb8   0x00000008   Data   RW           17    .data               main.o
    0x20000008   0x0800abc0   0x00000008   Data   RW          258    .data               fsmc.o
    0x20000010   0x0800abc8   0x00000004   Data   RW          512    .data               delay.o
    0x20000014   0x0800abcc   0x0000000c   Data   RW         1832    .data               stm32f4xx_hal.o
    0x20000020   0x0800abd8   0x00000004   Data   RW         3403    .data               system_stm32f4xx.o
    0x20000024   0x0800abdc   0x00000001   Data   RW         4216    .data               key.o
    0x20000025   0x0800abdd   0x00000003   Data   RW         4251    .data               pms7003.o
    0x20000028   0x0800abe0   0x00000002   Data   RW         4315    .data               esp8266.o
    0x2000002a   0x0800abe2   0x00000002   PAD
    0x2000002c   0x0800abe4   0x00000004   Data   RW         4466    .data               lcd_1.o
    0x20000030        -       0x00000050   Zero   RW           16    .bss                main.o
    0x20000080        -       0x00000050   Zero   RW          257    .bss                fsmc.o
    0x200000d0        -       0x00000048   Zero   RW          304    .bss                tim.o
    0x20000118        -       0x00000090   Zero   RW          464    .bss                usart.o
    0x200001a8        -       0x0000007a   Zero   RW         4250    .bss                pms7003.o
    0x20000222        -       0x00000461   Zero   RW         4313    .bss                esp8266.o
    0x20000683   0x0800abe8   0x00000001   PAD
    0x20000684        -       0x0000005e   Zero   RW         4463    .bss                lcd_1.o
    0x200006e2   0x0800abe8   0x00000002   PAD
    0x200006e4        -       0x00000060   Zero   RW         4949    .bss                c_w.l(libspace.o)
    0x20000744   0x0800abe8   0x00000004   PAD
    0x20000748        -       0x00000200   Zero   RW            2    HEAP                startup_stm32f407xx.o
    0x20000948        -       0x00000400   Zero   RW            1    STACK               startup_stm32f407xx.o


==============================================================================

Image component sizes


      Code (inc. data)   RO Data    RW Data    ZI Data      Debug   Object Name

       128         26          0          0          0       2359   beep.o
        80         10          0          4          0       2759   delay.o
       812        296         12          2       1121       9743   esp8266.o
       484         86          0          0          0       3119   fall_detect.o
        72          6          0          0          0       1650   filter.o
       308         32          0          8         80       2319   fsmc.o
       324         18          0          0          0       1171   gpio.o
       392         26          0          1          0       1850   key.o
     12466         84      12160          4         94      23787   lcd_1.o
      2400        694          0          8         80     711131   main.o
      1126         34          0          0          0      10112   mpu6050.o
       272         34          0          3        122       3408   pms7003.o
        64         26        392          0       1536        848   startup_stm32f407xx.o
       144         24          0         12          0       8809   stm32f4xx_hal.o
       198         14          0          0          0      33983   stm32f4xx_hal_cortex.o
       182          0          0          0          0       2115   stm32f4xx_hal_dma.o
       532         46          0          0          0       3528   stm32f4xx_hal_gpio.o
        48          6          0          0          0        866   stm32f4xx_hal_msp.o
      1344         72          0          0          0       5276   stm32f4xx_hal_rcc.o
        86          0          0          0          0       1224   stm32f4xx_hal_sram.o
       616         44          0          0          0       6335   stm32f4xx_hal_tim.o
       144         28          0          0          0       1356   stm32f4xx_hal_tim_ex.o
      1642         16          0          0          0      11508   stm32f4xx_hal_uart.o
       156         26          0          0          0       6280   stm32f4xx_it.o
       216         12          0          0          0       2727   stm32f4xx_ll_fsmc.o
        16          4         24          4          0       1147   system_stm32f4xx.o
       140         20          0          0         72       1678   tim.o
       320         38          0          0        144       2463   usart.o

    ----------------------------------------------------------------------
     24736       1722      12620         48       3252     863551   Object Totals
         0          0         32          0          0          0   (incl. Generated)
        24          0          0          2          3          0   (incl. Padding)

    ----------------------------------------------------------------------

      Code (inc. data)   RO Data    RW Data    ZI Data      Debug   Library Member Name

         8          0          0          0          0         68   __main.o
       312          4         17          0          0         92   __printf_flags_wp.o
        14          0          0          0          0         68   __printf_wp.o
         0          0          0          0          0          0   __rtentry.o
        12          0          0          0          0          0   __rtentry2.o
         6          0          0          0          0          0   __rtentry4.o
        52          8          0          0          0          0   __scatter.o
        26          0          0          0          0          0   __scatter_copy.o
        28          0          0          0          0          0   __scatter_zi.o
        44          0          0          0          0        108   _printf_char.o
        48          6          0          0          0         96   _printf_char_common.o
         6          0          0          0          0          0   _printf_d.o
       120         16          0          0          0         92   _printf_dec.o
         6          0          0          0          0          0   _printf_f.o
      1054          0          0          0          0        216   _printf_fp_dec.o
       128         16          0          0          0         84   _printf_fp_infnan.o
       178          0          0          0          0         88   _printf_intcommon.o
        78          0          0          0          0        108   _printf_pad.o
         0          0          0          0          0          0   _printf_percent.o
         4          0          0          0          0          0   _printf_percent_end.o
         6          0          0          0          0          0   _printf_s.o
        82          0          0          0          0         80   _printf_str.o
        22          0          0          0          0        100   _rserrno.o
        10          0          0          0          0         68   _sputc.o
       228          4        148          0          0         96   bigflt0.o
      1936        128          0          0          0        672   btod.o
        18          0          0          0          0         80   exit.o
         6          0          0          0          0        152   heapauxi.o
         0          0          0          0          0          0   indicate_semi.o
        44         10         28          0          0         76   lc_numeric_c.o
         2          0          0          0          0          0   libinit.o
        22          0          0          0          0          0   libinit2.o
         2          0          0          0          0          0   libshutdown.o
         2          0          0          0          0          0   libshutdown2.o
         8          4          0          0         96         68   libspace.o
       138          0          0          0          0         80   lludiv10.o
       238          0          0          0          0        100   lludivv7m.o
        40          6          0          0          0         84   noretval__2sprintf.o
         8          4          0          0          0         68   rt_errno_addr_intlibspace.o
         8          4          0          0          0         68   rt_locale_intlibspace.o
        68          0          0          0          0         68   rt_memclr.o
        78          0          0          0          0         80   rt_memclr_w.o
         2          0          0          0          0          0   rtexit.o
        10          0          0          0          0          0   rtexit2.o
       128          0          0          0          0         68   strcmpv7m.o
        62          0          0          0          0         76   strlen.o
        36          0          0          0          0         80   strstr.o
        12          4          0          0          0         68   sys_exit.o
        74          0          0          0          0         80   sys_stackheap_outer.o
         2          0          0          0          0         68   use_no_semi.o
        90          4          0          0          0        140   dfixu.o
        38          0          0          0          0        116   dflt_clz.o
       340         12          0          0          0        152   dmul.o
       156          4          0          0          0        140   dnaninf.o
        12          0          0          0          0        116   dretinf.o
        86          4          0          0          0        132   f2d.o
       140          4          0          0          0        132   fnaninf.o
        10          0          0          0          0        116   fpinit.o
         4          0          0          0          0        116   printf1.o
         0          0          0          0          0          0   usenofp.o
        48          0          0          0          0        124   fpclassify.o
        58          0          0          0          0        136   sqrtf.o

    ----------------------------------------------------------------------
      6408        242        196          0        100       4820   Library Totals
        10          0          3          0          4          0   (incl. Padding)

    ----------------------------------------------------------------------

      Code (inc. data)   RO Data    RW Data    ZI Data      Debug   Library Name

      5416        214        193          0         96       3400   c_w.l
       876         28          0          0          0       1160   fz_wm.l
       106          0          0          0          0        260   m_wm.l

    ----------------------------------------------------------------------
      6408        242        196          0        100       4820   Library Totals

    ----------------------------------------------------------------------

==============================================================================


      Code (inc. data)   RO Data    RW Data    ZI Data      Debug   

     31144       1964      12816         48       3352     852599   Grand Totals
     31144       1964      12816         48       3352     852599   ELF Image Totals
     31144       1964      12816         48          0          0   ROM Totals

==============================================================================

    Total RO  Size (Code + RO Data)                43960 (  42.93kB)
    Total RW  Size (RW Data + ZI Data)              3400 (   3.32kB)
    Total ROM Size (Code + RO Data + RW Data)      44008 (  42.98kB)

==============================================================================

