<html>
<body>
<pre>
<h1>礦ision Build Log</h1>
<h2>Tool Versions:</h2>
IDE-Version: μVision V5.36.0.0
Copyright (C) 2021 ARM Ltd and ARM Germany GmbH. All rights reserved.
License Information: a1 a1, a1, LIC=32B1Q-N43J3-HL6CL-0B4NI-EGB9N-387AC
 
Tool Versions:
Toolchain:       MDK-ARM Plus  Version: 5.36.0.0
Toolchain Path:  D:\Keil_v5\ARM\ARMCC\Bin
C Compiler:      Armcc.exe V5.06 update 7 (build 960)
Assembler:       Armasm.exe V5.06 update 7 (build 960)
Linker/Locator:  ArmLink.exe V5.06 update 7 (build 960)
Library Manager: ArmAr.exe V5.06 update 7 (build 960)
Hex Converter:   FromElf.exe V5.06 update 7 (build 960)
CPU DLL:         SARMCM3.DLL V5.36.0.0
Dialog DLL:      DCM.DLL V1.17.3.0
Target DLL:      STLink\ST-LINKIII-KEIL_SWO.dll V3.0.9.0
Dialog DLL:      TCM.DLL V1.53.0.0
 
<h2>Project:</h2>
D:\BaiduNetdiskDownload\【正点原子】2.4寸TFT LCD液晶屏模块320240\2，程序源码\ATK-MD0240模块测试实验（SPI接口）\探索者STM32F407开发板\Projects\MDK-ARM\atk_f407.uvprojx
Project File Date:  04/12/2026

<h2>Output:</h2>
*** Using Compiler 'V5.06 update 7 (build 960)', folder: 'D:\Keil_v5\ARM\ARMCC\Bin'
Rebuild target 'ATK_MD0130'
assembling startup_stm32f407xx.s...
compiling demo.c...
compiling main.c...
compiling stm32f4xx_hal_rcc_ex.c...
compiling stm32f4xx_hal_pwr_ex.c...
compiling stm32f4xx_it.c...
compiling delay.c...
compiling stm32f4xx_hal.c...
compiling stm32f4xx_hal_pwr.c...
compiling sys.c...
compiling system_stm32f4xx.c...
compiling usart.c...
compiling stm32f4xx_hal_gpio.c...
compiling stm32f4xx_hal_cortex.c...
compiling stm32f4xx_hal_rcc.c...
compiling stm32f4xx_hal_usart.c...
compiling stm32f4xx_hal_uart.c...
compiling stm32f4xx_hal_dma_ex.c...
compiling stm32f4xx_hal_sram.c...
compiling stm32f4xx_ll_fsmc.c...
compiling stm32f4xx_hal_tim_ex.c...
compiling stm32f4xx_hal_flash_ex.c...
compiling stm32f4xx_hal_dma.c...
compiling stm32f4xx_hal_flash.c...
compiling led.c...
compiling key.c...
compiling atk_md0240_spi.c...
compiling atk_md0240.c...
compiling stm32f4xx_hal_tim.c...
compiling stm32f4xx_hal_spi.c...
compiling lcd.c...
linking...
Program Size: Code=31258 RO-data=25102 RW-data=156 ZI-data=16932  
FromELF: creating hex file...
"..\..\Output\atk_f407.axf" - 0 Error(s), 0 Warning(s).

<h2>Software Packages used:</h2>

Package Vendor: Keil
                https://www.keil.com/pack/Keil.STM32F4xx_DFP.3.0.0.pack
                Keil.STM32F4xx_DFP.3.0.0
                STMicroelectronics STM32F4 Series Device Support

<h2>Collection of Component include folders:</h2>

<h2>Collection of Component Files used:</h2>
Build Time Elapsed:  00:00:02
</pre>
</body>
</html>
