Component: ARM Compiler 5.06 update 7 (build 960) Tool: armlink [4d3601]

==============================================================================

Section Cross References

    startup_stm32f407xx.o(STACK) refers (Special) to heapauxi.o(.text) for __use_two_region_memory
    startup_stm32f407xx.o(HEAP) refers (Special) to heapauxi.o(.text) for __use_two_region_memory
    startup_stm32f407xx.o(RESET) refers (Special) to heapauxi.o(.text) for __use_two_region_memory
    startup_stm32f407xx.o(RESET) refers to startup_stm32f407xx.o(STACK) for __initial_sp
    startup_stm32f407xx.o(RESET) refers to startup_stm32f407xx.o(.text) for Reset_Handler
    startup_stm32f407xx.o(RESET) refers to stm32f4xx_it.o(i.NMI_Handler) for NMI_Handler
    startup_stm32f407xx.o(RESET) refers to stm32f4xx_it.o(i.HardFault_Handler) for HardFault_Handler
    startup_stm32f407xx.o(RESET) refers to stm32f4xx_it.o(i.MemManage_Handler) for MemManage_Handler
    startup_stm32f407xx.o(RESET) refers to stm32f4xx_it.o(i.BusFault_Handler) for BusFault_Handler
    startup_stm32f407xx.o(RESET) refers to stm32f4xx_it.o(i.UsageFault_Handler) for UsageFault_Handler
    startup_stm32f407xx.o(RESET) refers to stm32f4xx_it.o(i.SVC_Handler) for SVC_Handler
    startup_stm32f407xx.o(RESET) refers to stm32f4xx_it.o(i.DebugMon_Handler) for DebugMon_Handler
    startup_stm32f407xx.o(RESET) refers to stm32f4xx_it.o(i.PendSV_Handler) for PendSV_Handler
    startup_stm32f407xx.o(RESET) refers to stm32f4xx_it.o(i.SysTick_Handler) for SysTick_Handler
    startup_stm32f407xx.o(RESET) refers to usart.o(i.USART1_IRQHandler) for USART1_IRQHandler
    startup_stm32f407xx.o(.text) refers (Special) to heapauxi.o(.text) for __use_two_region_memory
    startup_stm32f407xx.o(.text) refers to system_stm32f4xx.o(i.SystemInit) for SystemInit
    startup_stm32f407xx.o(.text) refers to __main.o(!!!main) for __main
    startup_stm32f407xx.o(.text) refers to startup_stm32f407xx.o(HEAP) for Heap_Mem
    startup_stm32f407xx.o(.text) refers to startup_stm32f407xx.o(STACK) for Stack_Mem
    main.o(i.main) refers to stm32f4xx_hal.o(i.HAL_Init) for HAL_Init
    main.o(i.main) refers to sys.o(i.sys_stm32_clock_init) for sys_stm32_clock_init
    main.o(i.main) refers to delay.o(i.delay_init) for delay_init
    main.o(i.main) refers to usart.o(i.usart_init) for usart_init
    main.o(i.main) refers to led.o(i.led_init) for led_init
    main.o(i.main) refers to key.o(i.key_init) for key_init
    main.o(i.main) refers to lcd.o(i.lcd_init) for lcd_init
    main.o(i.main) refers to main.o(i.show_mesg) for show_mesg
    main.o(i.main) refers to demo.o(i.demo_run) for demo_run
    main.o(i.show_mesg) refers to lcd.o(i.lcd_show_string) for lcd_show_string
    main.o(i.show_mesg) refers to noretval__2printf.o(.text) for __2printf
    stm32f4xx_it.o(i.SysTick_Handler) refers to stm32f4xx_hal.o(i.HAL_IncTick) for HAL_IncTick
    system_stm32f4xx.o(i.SystemCoreClockUpdate) refers to system_stm32f4xx.o(.data) for SystemCoreClock
    system_stm32f4xx.o(i.SystemCoreClockUpdate) refers to system_stm32f4xx.o(.constdata) for AHBPrescTable
    demo.o(i.demo_rotate) refers to f2d.o(x$fpl$f2d) for __aeabi_f2d
    demo.o(i.demo_rotate) refers to cos.o(i.__hardfp_cos) for __hardfp_cos
    demo.o(i.demo_rotate) refers to d2f.o(x$fpl$d2f) for __aeabi_d2f
    demo.o(i.demo_rotate) refers to sin.o(i.__hardfp_sin) for __hardfp_sin
    demo.o(i.demo_rotate) refers to basic.o(x$fpl$basic) for __aeabi_dneg
    demo.o(i.demo_rotate) refers to demo.o(i.demo_matconv) for demo_matconv
    demo.o(i.demo_run) refers to atk_md0240.o(i.atk_md0240_init) for atk_md0240_init
    demo.o(i.demo_run) refers to atk_md0240.o(i.atk_md0240_clear) for atk_md0240_clear
    demo.o(i.demo_run) refers to atk_md0240.o(i.atk_md0240_show_string) for atk_md0240_show_string
    demo.o(i.demo_run) refers to demo.o(i.demo_show_cube) for demo_show_cube
    demo.o(i.demo_show_cube) refers to demo.o(i.demo_rotate) for demo_rotate
    demo.o(i.demo_show_cube) refers to atk_md0240.o(i.atk_md0240_draw_line) for atk_md0240_draw_line
    demo.o(i.demo_show_cube) refers to delay.o(i.delay_ms) for delay_ms
    demo.o(i.demo_show_cube) refers to atk_md0240.o(i.atk_md0240_fill) for atk_md0240_fill
    demo.o(i.demo_show_cube) refers to demo.o(.data) for cube
    delay.o(i.HAL_Delay) refers to delay.o(i.delay_ms) for delay_ms
    delay.o(i.delay_init) refers to stm32f4xx_hal_cortex.o(i.HAL_SYSTICK_CLKSourceConfig) for HAL_SYSTICK_CLKSourceConfig
    delay.o(i.delay_init) refers to delay.o(.data) for g_fac_us
    delay.o(i.delay_ms) refers to delay.o(i.delay_us) for delay_us
    delay.o(i.delay_us) refers to delay.o(.data) for g_fac_us
    sys.o(i.sys_stm32_clock_init) refers to stm32f4xx_hal_rcc.o(i.HAL_RCC_OscConfig) for HAL_RCC_OscConfig
    sys.o(i.sys_stm32_clock_init) refers to stm32f4xx_hal_rcc.o(i.HAL_RCC_ClockConfig) for HAL_RCC_ClockConfig
    sys.o(i.sys_stm32_clock_init) refers to stm32f4xx_hal.o(i.HAL_GetREVID) for HAL_GetREVID
[...]
    i.HAL_SPI_Init                           0x08001290   Section        0  stm32f4xx_hal_spi.o(i.HAL_SPI_Init)
    i.HAL_SPI_MspInit                        0x0800136e   Section        0  stm32f4xx_hal_spi.o(i.HAL_SPI_MspInit)
    i.HAL_SPI_Transmit                       0x08001370   Section        0  stm32f4xx_hal_spi.o(i.HAL_SPI_Transmit)
    i.HAL_SRAM_Init                          0x08001556   Section        0  stm32f4xx_hal_sram.o(i.HAL_SRAM_Init)
    i.HAL_SRAM_MspInit                       0x080015b0   Section        0  lcd.o(i.HAL_SRAM_MspInit)
    i.HAL_SYSTICK_CLKSourceConfig            0x08001654   Section        0  stm32f4xx_hal_cortex.o(i.HAL_SYSTICK_CLKSourceConfig)
    i.HAL_SYSTICK_Config                     0x0800167c   Section        0  stm32f4xx_hal_cortex.o(i.HAL_SYSTICK_Config)
    i.HAL_UARTEx_RxEventCallback             0x080016b0   Section        0  stm32f4xx_hal_uart.o(i.HAL_UARTEx_RxEventCallback)
    i.HAL_UART_ErrorCallback                 0x080016b2   Section        0  stm32f4xx_hal_uart.o(i.HAL_UART_ErrorCallback)
    i.HAL_UART_GetState                      0x080016b4   Section        0  stm32f4xx_hal_uart.o(i.HAL_UART_GetState)
    i.HAL_UART_IRQHandler                    0x080016c8   Section        0  stm32f4xx_hal_uart.o(i.HAL_UART_IRQHandler)
    i.HAL_UART_Init                          0x08001918   Section        0  stm32f4xx_hal_uart.o(i.HAL_UART_Init)
    i.HAL_UART_MspInit                       0x0800198c   Section        0  usart.o(i.HAL_UART_MspInit)
    i.HAL_UART_Receive_IT                    0x08001a58   Section        0  stm32f4xx_hal_uart.o(i.HAL_UART_Receive_IT)
    i.HAL_UART_RxCpltCallback                0x08001a9c   Section        0  usart.o(i.HAL_UART_RxCpltCallback)
    i.HAL_UART_TxCpltCallback                0x08001b24   Section        0  stm32f4xx_hal_uart.o(i.HAL_UART_TxCpltCallback)
    i.HardFault_Handler                      0x08001b26   Section        0  stm32f4xx_it.o(i.HardFault_Handler)
    i.MemManage_Handler                      0x08001b2a   Section        0  stm32f4xx_it.o(i.MemManage_Handler)
    i.NMI_Handler                            0x08001b2e   Section        0  stm32f4xx_it.o(i.NMI_Handler)
    i.PendSV_Handler                         0x08001b30   Section        0  stm32f4xx_it.o(i.PendSV_Handler)
    i.SPI_EndRxTxTransaction                 0x08001b34   Section        0  stm32f4xx_hal_spi.o(i.SPI_EndRxTxTransaction)
    SPI_EndRxTxTransaction                   0x08001b35   Thumb Code   100  stm32f4xx_hal_spi.o(i.SPI_EndRxTxTransaction)
    i.SPI_WaitFlagStateUntilTimeout          0x08001ba0   Section        0  stm32f4xx_hal_spi.o(i.SPI_WaitFlagStateUntilTimeout)
    SPI_WaitFlagStateUntilTimeout            0x08001ba1   Thumb Code   210  stm32f4xx_hal_spi.o(i.SPI_WaitFlagStateUntilTimeout)
    i.SVC_Handler                            0x08001c78   Section        0  stm32f4xx_it.o(i.SVC_Handler)
    i.SysTick_Handler                        0x08001c7a   Section        0  stm32f4xx_it.o(i.SysTick_Handler)
    i.SystemInit                             0x08001c84   Section        0  system_stm32f4xx.o(i.SystemInit)
    i.UART_DMAAbortOnError                   0x08001c98   Section        0  stm32f4xx_hal_uart.o(i.UART_DMAAbortOnError)
    UART_DMAAbortOnError                     0x08001c99   Thumb Code    20  stm32f4xx_hal_uart.o(i.UART_DMAAbortOnError)
    i.UART_EndRxTransfer                     0x08001cac   Section        0  stm32f4xx_hal_uart.o(i.UART_EndRxTransfer)
    UART_EndRxTransfer                       0x08001cad   Thumb Code    54  stm32f4xx_hal_uart.o(i.UART_EndRxTransfer)
    i.UART_EndTransmit_IT                    0x08001ce2   Section        0  stm32f4xx_hal_uart.o(i.UART_EndTransmit_IT)
    UART_EndTransmit_IT                      0x08001ce3   Thumb Code    32  stm32f4xx_hal_uart.o(i.UART_EndTransmit_IT)
    i.UART_Receive_IT                        0x08001d02   Section        0  stm32f4xx_hal_uart.o(i.UART_Receive_IT)
    UART_Receive_IT                          0x08001d03   Thumb Code   190  stm32f4xx_hal_uart.o(i.UART_Receive_IT)
    i.UART_SetConfig                         0x08001dc0   Section        0  stm32f4xx_hal_uart.o(i.UART_SetConfig)
    UART_SetConfig                           0x08001dc1   Thumb Code   546  stm32f4xx_hal_uart.o(i.UART_SetConfig)
    i.UART_Start_Receive_IT                  0x08001fec   Section        0  stm32f4xx_hal_uart.o(i.UART_Start_Receive_IT)
    i.UART_Transmit_IT                       0x08002032   Section        0  stm32f4xx_hal_uart.o(i.UART_Transmit_IT)
    UART_Transmit_IT                         0x08002033   Thumb Code    96  stm32f4xx_hal_uart.o(i.UART_Transmit_IT)
    i.USART1_IRQHandler                      0x08002094   Section        0  usart.o(i.USART1_IRQHandler)
    i.UsageFault_Handler                     0x080020e4   Section        0  stm32f4xx_it.o(i.UsageFault_Handler)
    i.__ARM_fpclassify                       0x080020e8   Section        0  fpclassify.o(i.__ARM_fpclassify)
    i.__NVIC_GetPriorityGrouping             0x08002118   Section        0  stm32f4xx_hal_cortex.o(i.__NVIC_GetPriorityGrouping)
    __NVIC_GetPriorityGrouping               0x08002119   Thumb Code    10  stm32f4xx_hal_cortex.o(i.__NVIC_GetPriorityGrouping)
    i.__NVIC_SetPriority                     0x08002128   Section        0  stm32f4xx_hal_cortex.o(i.__NVIC_SetPriority)
    __NVIC_SetPriority                       0x08002129   Thumb Code    32  stm32f4xx_hal_cortex.o(i.__NVIC_SetPriority)
    i.__hardfp_cos                           0x08002150   Section        0  cos.o(i.__hardfp_cos)
    i.__hardfp_sin                           0x08002218   Section        0  sin.o(i.__hardfp_sin)
    i.__ieee754_rem_pio2                     0x080022e0   Section        0  rred.o(i.__ieee754_rem_pio2)
    i.__kernel_cos                           0x08002718   Section        0  cos_i.o(i.__kernel_cos)
    i.__kernel_poly                          0x08002888   Section        0  poly.o(i.__kernel_poly)
    i.__kernel_sin                           0x08002980   Section        0  sin_i.o(i.__kernel_sin)
    i.__mathlib_dbl_infnan                   0x08002ab0   Section        0  dunder.o(i.__mathlib_dbl_infnan)
    i.__mathlib_dbl_invalid                  0x08002ac8   Section        0  dunder.o(i.__mathlib_dbl_invalid)
    i.__mathlib_dbl_underflow                0x08002ae8   Section        0  dunder.o(i.__mathlib_dbl_underflow)
    i._sys_exit                              0x08002b08   Section        0  usart.o(i._sys_exit)
    i.atk_md0240_clear                       0x08002b0c   Section        0  atk_md0240.o(i.atk_md0240_clear)
    i.atk_md0240_display_on                  0x08002b24   Section        0  atk_md0240.o(i.atk_md0240_display_on)
    i.atk_md0240_draw_line                   0x08002b3c   Section        0  atk_md0240.o(i.atk_md0240_draw_line)
    i.atk_md0240_draw_point                  0x08002bda   Section        0  atk_md0240.o(i.atk_md0240_draw_point)
    i.atk_md0240_fill                        0x08002bf8   Section        0  atk_md0240.o(i.atk_md0240_fill)
    i.atk_md0240_hw_init                     0x08002c94   Section        0  atk_md0240.o(i.atk_md0240_hw_init)
    atk_md0240_hw_init                       0x08002c95   Thumb Code   258  atk_md0240.o(i.atk_md0240_hw_init)
    i.atk_md0240_hw_reset                    0x08002da4   Section        0  atk_md0240.o(i.atk_md0240_hw_reset)
    atk_md0240_hw_reset                      0x08002da5   Thumb Code    46  atk_md0240.o(i.atk_md0240_hw_reset)
    i.atk_md0240_init                        0x08002dd8   Section        0  atk_md0240.o(i.atk_md0240_init)
    i.atk_md0240_reg_init                    0x08002e06   Section        0  atk_md0240.o(i.atk_md0240_reg_init)
    atk_md0240_reg_init                      0x08002e07   Thumb Code   370  atk_md0240.o(i.atk_md0240_reg_init)
    i.atk_md0240_set_address                 0x08002f78   Section        0  atk_md0240.o(i.atk_md0240_set_address)
    i.atk_md0240_show_char                   0x08002fcc   Section        0  atk_md0240.o(i.atk_md0240_show_char)
    i.atk_md0240_show_string                 0x080030d4   Section        0  atk_md0240.o(i.atk_md0240_show_string)
    i.atk_md0240_spi_init                    0x08003164   Section        0  atk_md0240_spi.o(i.atk_md0240_spi_init)
    i.atk_md0240_spi_send                    0x0800325c   Section        0  atk_md0240_spi.o(i.atk_md0240_spi_send)
    i.atk_md0240_write_cmd                   0x08003278   Section        0  atk_md0240.o(i.atk_md0240_write_cmd)
    atk_md0240_write_cmd                     0x08003279   Thumb Code    26  atk_md0240.o(i.atk_md0240_write_cmd)
    i.atk_md0240_write_dat                   0x08003298   Section        0  atk_md0240.o(i.atk_md0240_write_dat)
    atk_md0240_write_dat                     0x08003299   Thumb Code    26  atk_md0240.o(i.atk_md0240_write_dat)
    i.atk_md0240_write_dat_16b               0x080032b8   Section        0  atk_md0240.o(i.atk_md0240_write_dat_16b)
    atk_md0240_write_dat_16b                 0x080032b9   Thumb Code    40  atk_md0240.o(i.atk_md0240_write_dat_16b)
    i.delay_init                             0x080032e4   Section        0  delay.o(i.delay_init)
    i.delay_ms                               0x080032f8   Section        0  delay.o(i.delay_ms)
    i.delay_us                               0x0800332c   Section        0  delay.o(i.delay_us)
    i.demo_matconv                           0x08003374   Section        0  demo.o(i.demo_matconv)
    demo_matconv                             0x08003375   Thumb Code   118  demo.o(i.demo_matconv)
    i.demo_rotate                            0x080033ec   Section        0  demo.o(i.demo_rotate)
    demo_rotate                              0x080033ed   Thumb Code   738  demo.o(i.demo_rotate)
    i.demo_run                               0x080036d8   Section        0  demo.o(i.demo_run)
    i.demo_show_cube                         0x08003748   Section        0  demo.o(i.demo_show_cube)
    demo_show_cube                           0x08003749   Thumb Code   238  demo.o(i.demo_show_cube)
    i.fabs                                   0x08003850   Section        0  fabs.o(i.fabs)
    i.fputc                                  0x08003868   Section        0  usart.o(i.fputc)
    i.key_init                               0x08003884   Section        0  key.o(i.key_init)
    i.lcd_clear                              0x08003980   Section        0  lcd.o(i.lcd_clear)
    i.lcd_display_dir                        0x080039b4   Section        0  lcd.o(i.lcd_display_dir)
    i.lcd_draw_point                         0x08003b20   Section        0  lcd.o(i.lcd_draw_point)
    i.lcd_ex_ili9341_reginit                 0x08003b40   Section        0  lcd.o(i.lcd_ex_ili9341_reginit)
    i.lcd_ex_ili9806_reginit                 0x08003d6c   Section        0  lcd.o(i.lcd_ex_ili9806_reginit)
    i.lcd_ex_nt35310_reginit                 0x080040ac   Section        0  lcd.o(i.lcd_ex_nt35310_reginit)
    i.lcd_ex_nt35510_reginit                 0x08004f9e   Section        0  lcd.o(i.lcd_ex_nt35510_reginit)
    i.lcd_ex_ssd1963_reginit                 0x08005e9a   Section        0  lcd.o(i.lcd_ex_ssd1963_reginit)
    i.lcd_ex_st7789_reginit                  0x08006008   Section        0  lcd.o(i.lcd_ex_st7789_reginit)
    i.lcd_ex_st7796_reginit                  0x080061b0   Section        0  lcd.o(i.lcd_ex_st7796_reginit)
    i.lcd_init                               0x08006378   Section        0  lcd.o(i.lcd_init)
    i.lcd_opt_delay                          0x0800688c   Section        0  lcd.o(i.lcd_opt_delay)
    lcd_opt_delay                            0x0800688d   Thumb Code    12  lcd.o(i.lcd_opt_delay)
    i.lcd_rd_data                            0x08006898   Section        0  lcd.o(i.lcd_rd_data)
    lcd_rd_data                              0x08006899   Thumb Code    20  lcd.o(i.lcd_rd_data)
    i.lcd_scan_dir                           0x080068b0   Section        0  lcd.o(i.lcd_scan_dir)
    i.lcd_set_cursor                         0x08006aec   Section        0  lcd.o(i.lcd_set_cursor)
    i.lcd_show_char                          0x08006c0c   Section        0  lcd.o(i.lcd_show_char)
    i.lcd_show_string                        0x08006d4c   Section        0  lcd.o(i.lcd_show_string)
    i.lcd_ssd_backlight_set                  0x08006db8   Section        0  lcd.o(i.lcd_ssd_backlight_set)
    i.lcd_wr_data                            0x08006e18   Section        0  lcd.o(i.lcd_wr_data)
    i.lcd_wr_regno                           0x08006e30   Section        0  lcd.o(i.lcd_wr_regno)
    i.lcd_write_ram_prepare                  0x08006e48   Section        0  lcd.o(i.lcd_write_ram_prepare)
    i.lcd_write_reg                          0x08006e5c   Section        0  lcd.o(i.lcd_write_reg)
    i.led_init                               0x08006e70   Section        0  led.o(i.led_init)
    i.main                                   0x08006f08   Section        0  main.o(i.main)
    i.show_mesg                              0x08006f44   Section        0  main.o(i.show_mesg)
    i.sys_stm32_clock_init                   0x08007034   Section        0  sys.o(i.sys_stm32_clock_init)
    i.usart_init                             0x08007100   Section        0  usart.o(i.usart_init)
    x$fpl$basic                              0x08007138   Section       24  basic.o(x$fpl$basic)
    $v0                                      0x08007138   Number         0  basic.o(x$fpl$basic)
    x$fpl$d2f                                0x08007150   Section       98  d2f.o(x$fpl$d2f)
    $v0                                      0x08007150   Number         0  d2f.o(x$fpl$d2f)
    x$fpl$dadd                               0x080071b4   Section      336  daddsub_clz.o(x$fpl$dadd)
    $v0                                      0x080071b4   Number         0  daddsub_clz.o(x$fpl$dadd)
    _dadd1                                   0x080071c5   Thumb Code     0  daddsub_clz.o(x$fpl$dadd)
    x$fpl$ddiv                               0x08007304   Section      688  ddiv.o(x$fpl$ddiv)
    $v0                                      0x08007304   Number         0  ddiv.o(x$fpl$ddiv)
    ddiv_entry                               0x0800730b   Thumb Code     0  ddiv.o(x$fpl$ddiv)
    x$fpl$dfix                               0x080075b4   Section       94  dfix.o(x$fpl$dfix)
    $v0                                      0x080075b4   Number         0  dfix.o(x$fpl$dfix)
    x$fpl$dfixu                              0x08007614   Section       90  dfixu.o(x$fpl$dfixu)
    $v0                                      0x08007614   Number         0  dfixu.o(x$fpl$dfixu)
    x$fpl$dflt                               0x0800766e   Section       46  dflt_clz.o(x$fpl$dflt)
    $v0                                      0x0800766e   Number         0  dflt_clz.o(x$fpl$dflt)
    x$fpl$dfltu                              0x0800769c   Section       38  dflt_clz.o(x$fpl$dfltu)
    $v0                                      0x0800769c   Number         0  dflt_clz.o(x$fpl$dfltu)
    x$fpl$dmul                               0x080076c4   Section      340  dmul.o(x$fpl$dmul)
    $v0                                      0x080076c4   Number         0  dmul.o(x$fpl$dmul)
    x$fpl$dnaninf                            0x08007818   Section      156  dnaninf.o(x$fpl$dnaninf)
    $v0                                      0x08007818   Number         0  dnaninf.o(x$fpl$dnaninf)
    x$fpl$dretinf                            0x080078b4   Section       12  dretinf.o(x$fpl$dretinf)
    $v0                                      0x080078b4   Number         0  dretinf.o(x$fpl$dretinf)
    x$fpl$drsb                               0x080078c0   Section       22  daddsub_clz.o(x$fpl$drsb)
    $v0                                      0x080078c0   Number         0  daddsub_clz.o(x$fpl$drsb)
    x$fpl$dsub                               0x080078d8   Section      468  daddsub_clz.o(x$fpl$dsub)
    $v0                                      0x080078d8   Number         0  daddsub_clz.o(x$fpl$dsub)
    _dsub1                                   0x080078e9   Thumb Code     0  daddsub_clz.o(x$fpl$dsub)
    x$fpl$f2d                                0x08007aac   Section       86  f2d.o(x$fpl$f2d)
    $v0                                      0x08007aac   Number         0  f2d.o(x$fpl$f2d)
    x$fpl$fnaninf                            0x08007b02   Section      140  fnaninf.o(x$fpl$fnaninf)
    $v0                                      0x08007b02   Number         0  fnaninf.o(x$fpl$fnaninf)
    x$fpl$fpinit                             0x08007b8e   Section       10  fpinit.o(x$fpl$fpinit)
    $v0                                      0x08007b8e   Number         0  fpinit.o(x$fpl$fpinit)
    x$fpl$fretinf                            0x08007b98   Section       10  fretinf.o(x$fpl$fretinf)
    $v0                                      0x08007b98   Number         0  fretinf.o(x$fpl$fretinf)
    .constdata                               0x08007ba2   Section       24  system_stm32f4xx.o(.constdata)
    x$fpl$usenofp                            0x08007ba2   Section        0  usenofp.o(x$fpl$usenofp)
    .constdata                               0x08007bba   Section    12160  lcd.o(.constdata)
    .constdata                               0x0800ab3a   Section    12160  atk_md0240.o(.constdata)
    .constdata                               0x0800daba   Section       40  _printf_hex_int.o(.constdata)
    uc_hextab                                0x0800daba   Data          20  _printf_hex_int.o(.constdata)
    lc_hextab                                0x0800dace   Data          20  _printf_hex_int.o(.constdata)
    .constdata                               0x0800dae8   Section       48  cos_i.o(.constdata)
    C                                        0x0800dae8   Data          48  cos_i.o(.constdata)
    .constdata                               0x0800db18   Section      200  rred.o(.constdata)
    pio2s                                    0x0800db18   Data          48  rred.o(.constdata)
    twooverpi                                0x0800db48   Data         152  rred.o(.constdata)
    .constdata                               0x0800dbe0   Section       40  sin_i.o(.constdata)
    S                                        0x0800dbe0   Data          40  sin_i.o(.constdata)
    .data                                    0x20000000   Section        4  system_stm32f4xx.o(.data)
    .data                                    0x20000004   Section      120  demo.o(.data)
    cube                                     0x20000004   Data          96  demo.o(.data)
    line_id                                  0x20000064   Data          24  demo.o(.data)
    .data                                    0x2000007c   Section        4  delay.o(.data)
    g_fac_us                                 0x2000007c   Data           4  delay.o(.data)
    .data                                    0x20000080   Section        7  usart.o(.data)
    .data                                    0x20000088   Section        9  stm32f4xx_hal.o(.data)
    .data                                    0x20000094   Section        8  lcd.o(.data)
    .bss                                     0x2000009c   Section      268  usart.o(.bss)
    .bss                                     0x200001a8   Section       94  lcd.o(.bss)
    .bss                                     0x20000206   Section    15360  atk_md0240.o(.bss)
    g_atk_md0240_lcd_buf                     0x20000206   Data       15360  atk_md0240.o(.bss)
    .bss                                     0x20003e08   Section       88  atk_md0240_spi.o(.bss)
    g_spi_handle                             0x20003e08   Data          88  atk_md0240_spi.o(.bss)
    .bss                                     0x20003e60   Section       96  libspace.o(.bss)
    HEAP                                     0x20003ec0   Section        0  startup_stm32f407xx.o(HEAP)
    STACK                                    0x20003ec0   Section     1024  startup_stm32f407xx.o(STACK)
    Heap_Mem                                 0x20003ec0   Data           0  startup_stm32f407xx.o(HEAP)
    Stack_Mem                                0x20003ec0   Data        1024  startup_stm32f407xx.o(STACK)
    __initial_sp                             0x200042c0   Data           0  startup_stm32f407xx.o(STACK)

    Global Symbols

    Symbol Name                              Value     Ov Type        Size  Object(Section)

    BuildAttributes$$THM_ISAv4$E$P$D$K$B$S$7EM$VFPi3$EXTD16$VFPS$VFMA$PE$A:L22UL41UL21$X:L11$S22US41US21$IEEE1$IW$USESV6$~STKCKD$USESV7$~SHL$OTIME$ROPI$IEEEX$EBA8$UX$STANDARDLIB$REQ8$PRES8$EABIv2 0x00000000   Number         0  anon$$obj.o ABSOLUTE
    __ARM_use_no_argv                        0x00000000   Number         0  main.o ABSOLUTE
    __ARM_exceptions_init                     - Undefined Weak Reference
    __alloca_initialize                       - Undefined Weak Reference
    __arm_fini_                               - Undefined Weak Reference
    __arm_preinit_                            - Undefined Weak Reference
    __cpp_initialize__aeabi_                  - Undefined Weak Reference
    __cxa_finalize                            - Undefined Weak Reference
    __rt_locale                               - Undefined Weak Reference
    __sigvec_lookup                           - Undefined Weak Reference
    _atexit_init                              - Undefined Weak Reference
    _call_atexit_fns                          - Undefined Weak Reference
    _clock_init                               - Undefined Weak Reference
    _fp_trap_init                             - Undefined Weak Reference
    _fp_trap_shutdown                         - Undefined Weak Reference
    _get_lc_collate                           - Undefined Weak Reference
    _get_lc_ctype                             - Undefined Weak Reference
    _get_lc_monetary                          - Undefined Weak Reference
    _get_lc_numeric                           - Undefined Weak Reference
    _get_lc_time                              - Undefined Weak Reference
    _getenv_init                              - Undefined Weak Reference
    _handle_redirection                       - Undefined Weak Reference
    _init_alloc                               - Undefined Weak Reference
    _init_user_alloc                          - Undefined Weak Reference
    _initio                                   - Undefined Weak Reference
    _mutex_acquire                            - Undefined Weak Reference
    _mutex_release                            - Undefined Weak Reference
    _printf_post_padding                      - Undefined Weak Reference
    _printf_pre_padding                       - Undefined Weak Reference
    _printf_truncate_unsigned                 - Undefined Weak Reference
    _rand_init                                - Undefined Weak Reference
    _signal_finish                            - Undefined Weak Reference
    _signal_init                              - Undefined Weak Reference
    _terminate_alloc                          - Undefined Weak Reference
    _terminate_user_alloc                     - Undefined Weak Reference
    _terminateio                              - Undefined Weak Reference
    __Vectors_Size                           0x00000188   Number         0  startup_stm32f407xx.o ABSOLUTE
    __Vectors                                0x08000000   Data           4  startup_stm32f407xx.o(RESET)
    __Vectors_End                            0x08000188   Data           0  startup_stm32f407xx.o(RESET)
    __main                                   0x08000189   Thumb Code     8  __main.o(!!!main)
    __scatterload                            0x08000191   Thumb Code     0  __scatter.o(!!!scatter)
    __scatterload_rt2                        0x08000191   Thumb Code    44  __scatter.o(!!!scatter)
    __scatterload_rt2_thumb_only             0x08000191   Thumb Code     0  __scatter.o(!!!scatter)
    __scatterload_null                       0x0800019f   Thumb Code     0  __scatter.o(!!!scatter)
    __scatterload_copy                       0x080001c5   Thumb Code    26  __scatter_copy.o(!!handler_copy)
    __scatterload_zeroinit                   0x080001e1   Thumb Code    28  __scatter_zi.o(!!handler_zi)
    _printf_percent                          0x080001fd   Thumb Code     0  _printf_percent.o(.ARM.Collect$$_printf_percent$$00000000)
    _printf_x                                0x080001fd   Thumb Code     0  _printf_x.o(.ARM.Collect$$_printf_percent$$0000000C)
    _printf_percent_end                      0x08000203   Thumb Code     0  _printf_percent_end.o(.ARM.Collect$$_printf_percent$$00000017)
    __rt_lib_init                            0x08000207   Thumb Code     0  libinit.o(.ARM.Collect$$libinit$$00000000)
    __rt_lib_init_fp_1                       0x08000209   Thumb Code     0  libinit2.o(.ARM.Collect$$libinit$$00000001)
    __rt_lib_init_alloca_1                   0x0800020d   Thumb Code     0  libinit2.o(.ARM.Collect$$libinit$$0000002E)
    __rt_lib_init_argv_1                     0x0800020d   Thumb Code     0  libinit2.o(.ARM.Collect$$libinit$$0000002C)
    __rt_lib_init_atexit_1                   0x0800020d   Thumb Code     0  libinit2.o(.ARM.Collect$$libinit$$0000001B)
    __rt_lib_init_clock_1                    0x0800020d   Thumb Code     0  libinit2.o(.ARM.Collect$$libinit$$00000021)
    __rt_lib_init_cpp_1                      0x0800020d   Thumb Code     0  libinit2.o(.ARM.Collect$$libinit$$00000032)
    __rt_lib_init_exceptions_1               0x0800020d   Thumb Code     0  libinit2.o(.ARM.Collect$$libinit$$00000030)
    __rt_lib_init_fp_trap_1                  0x0800020d   Thumb Code     0  libinit2.o(.ARM.Collect$$libinit$$0000001F)
    __rt_lib_init_getenv_1                   0x0800020d   Thumb Code     0  libinit2.o(.ARM.Collect$$libinit$$00000023)
    __rt_lib_init_heap_1                     0x0800020d   Thumb Code     0  libinit2.o(.ARM.Collect$$libinit$$0000000A)
    __rt_lib_init_lc_collate_1               0x0800020d   Thumb Code     0  libinit2.o(.ARM.Collect$$libinit$$00000011)
    __rt_lib_init_lc_ctype_1                 0x0800020d   Thumb Code     0  libinit2.o(.ARM.Collect$$libinit$$00000013)
    __rt_lib_init_lc_monetary_1              0x0800020d   Thumb Code     0  libinit2.o(.ARM.Collect$$libinit$$00000015)
    __rt_lib_init_lc_numeric_1               0x0800020d   Thumb Code     0  libinit2.o(.ARM.Collect$$libinit$$00000017)
    __rt_lib_init_lc_time_1                  0x0800020d   Thumb Code     0  libinit2.o(.ARM.Collect$$libinit$$00000019)
    __rt_lib_init_preinit_1                  0x0800020d   Thumb Code     0  libinit2.o(.ARM.Collect$$libinit$$00000004)
    __rt_lib_init_rand_1                     0x0800020d   Thumb Code     0  libinit2.o(.ARM.Collect$$libinit$$0000000E)
    __rt_lib_init_return                     0x0800020d   Thumb Code     0  libinit2.o(.ARM.Collect$$libinit$$00000033)
    __rt_lib_init_signal_1                   0x0800020d   Thumb Code     0  libinit2.o(.ARM.Collect$$libinit$$0000001D)
    __rt_lib_init_stdio_1                    0x0800020d   Thumb Code     0  libinit2.o(.ARM.Collect$$libinit$$00000025)
    __rt_lib_init_user_alloc_1               0x0800020d   Thumb Code     0  libinit2.o(.ARM.Collect$$libinit$$0000000C)
    __rt_lib_shutdown                        0x0800020f   Thumb Code     0  libshutdown.o(.ARM.Collect$$libshutdown$$00000000)
    __rt_lib_shutdown_cpp_1                  0x08000211   Thumb Code     0  libshutdown2.o(.ARM.Collect$$libshutdown$$00000004)
    __rt_lib_shutdown_fini_1                 0x08000211   Thumb Code     0  libshutdown2.o(.ARM.Collect$$libshutdown$$00000002)
    __rt_lib_shutdown_fp_trap_1              0x08000211   Thumb Code     0  libshutdown2.o(.ARM.Collect$$libshutdown$$00000009)
    __rt_lib_shutdown_heap_1                 0x08000211   Thumb Code     0  libshutdown2.o(.ARM.Collect$$libshutdown$$00000011)
    __rt_lib_shutdown_return                 0x08000211   Thumb Code     0  libshutdown2.o(.ARM.Collect$$libshutdown$$00000012)
    __rt_lib_shutdown_signal_1               0x08000211   Thumb Code     0  libshutdown2.o(.ARM.Collect$$libshutdown$$0000000C)
    __rt_lib_shutdown_stdio_1                0x08000211   Thumb Code     0  libshutdown2.o(.ARM.Collect$$libshutdown$$00000006)
    __rt_lib_shutdown_user_alloc_1           0x08000211   Thumb Code     0  libshutdown2.o(.ARM.Collect$$libshutdown$$0000000E)
    __rt_entry                               0x08000213   Thumb Code     0  __rtentry.o(.ARM.Collect$$rtentry$$00000000)
    __rt_entry_presh_1                       0x08000213   Thumb Code     0  __rtentry2.o(.ARM.Collect$$rtentry$$00000002)
    __rt_entry_sh                            0x08000213   Thumb Code     0  __rtentry4.o(.ARM.Collect$$rtentry$$00000004)
    __rt_entry_li                            0x08000219   Thumb Code     0  __rtentry2.o(.ARM.Collect$$rtentry$$0000000A)
    __rt_entry_postsh_1                      0x08000219   Thumb Code     0  __rtentry2.o(.ARM.Collect$$rtentry$$00000009)
    __rt_entry_main                          0x0800021d   Thumb Code     0  __rtentry2.o(.ARM.Collect$$rtentry$$0000000D)
    __rt_entry_postli_1                      0x0800021d   Thumb Code     0  __rtentry2.o(.ARM.Collect$$rtentry$$0000000C)
    __rt_exit                                0x08000225   Thumb Code     0  rtexit.o(.ARM.Collect$$rtexit$$00000000)
    __rt_exit_ls                             0x08000227   Thumb Code     0  rtexit2.o(.ARM.Collect$$rtexit$$00000003)
    __rt_exit_prels_1                        0x08000227   Thumb Code     0  rtexit2.o(.ARM.Collect$$rtexit$$00000002)
    __rt_exit_exit                           0x0800022b   Thumb Code     0  rtexit2.o(.ARM.Collect$$rtexit$$00000004)
    Reset_Handler                            0x08000231   Thumb Code    18  startup_stm32f407xx.o(.text)
    ADC_IRQHandler                           0x08000255   Thumb Code     0  startup_stm32f407xx.o(.text)
    CAN1_RX0_IRQHandler                      0x08000255   Thumb Code     0  startup_stm32f407xx.o(.text)
    CAN1_RX1_IRQHandler                      0x08000255   Thumb Code     0  startup_stm32f407xx.o(.text)
    CAN1_SCE_IRQHandler                      0x08000255   Thumb Code     0  startup_stm32f407xx.o(.text)
    CAN1_TX_IRQHandler                       0x08000255   Thumb Code     0  startup_stm32f407xx.o(.text)
    CAN2_RX0_IRQHandler                      0x08000255   Thumb Code     0  startup_stm32f407xx.o(.text)
    CAN2_RX1_IRQHandler                      0x08000255   Thumb Code     0  startup_stm32f407xx.o(.text)
    CAN2_SCE_IRQHandler                      0x08000255   Thumb Code     0  startup_stm32f407xx.o(.text)
    CAN2_TX_IRQHandler                       0x08000255   Thumb Code     0  startup_stm32f407xx.o(.text)
    DCMI_IRQHandler                          0x08000255   Thumb Code     0  startup_stm32f407xx.o(.text)
    DMA1_Stream0_IRQHandler                  0x08000255   Thumb Code     0  startup_stm32f407xx.o(.text)
    DMA1_Stream1_IRQHandler                  0x08000255   Thumb Code     0  startup_stm32f407xx.o(.text)
    DMA1_Stream2_IRQHandler                  0x08000255   Thumb Code     0  startup_stm32f407xx.o(.text)
    DMA1_Stream3_IRQHandler                  0x08000255   Thumb Code     0  startup_stm32f407xx.o(.text)
    DMA1_Stream4_IRQHandler                  0x08000255   Thumb Code     0  startup_stm32f407xx.o(.text)
    DMA1_Stream5_IRQHandler                  0x08000255   Thumb Code     0  startup_stm32f407xx.o(.text)
    DMA1_Stream6_IRQHandler                  0x08000255   Thumb Code     0  startup_stm32f407xx.o(.text)
    DMA1_Stream7_IRQHandler                  0x08000255   Thumb Code     0  startup_stm32f407xx.o(.text)
    DMA2_Stream0_IRQHandler                  0x08000255   Thumb Code     0  startup_stm32f407xx.o(.text)
    DMA2_Stream1_IRQHandler                  0x08000255   Thumb Code     0  startup_stm32f407xx.o(.text)
    DMA2_Stream2_IRQHandler                  0x08000255   Thumb Code     0  startup_stm32f407xx.o(.text)
    DMA2_Stream3_IRQHandler                  0x08000255   Thumb Code     0  startup_stm32f407xx.o(.text)
    DMA2_Stream4_IRQHandler                  0x08000255   Thumb Code     0  startup_stm32f407xx.o(.text)
    DMA2_Stream5_IRQHandler                  0x08000255   Thumb Code     0  startup_stm32f407xx.o(.text)
    DMA2_Stream6_IRQHandler                  0x08000255   Thumb Code     0  startup_stm32f407xx.o(.text)
    DMA2_Stream7_IRQHandler                  0x08000255   Thumb Code     0  startup_stm32f407xx.o(.text)
    ETH_IRQHandler                           0x08000255   Thumb Code     0  startup_stm32f407xx.o(.text)
    ETH_WKUP_IRQHandler                      0x08000255   Thumb Code     0  startup_stm32f407xx.o(.text)
    EXTI0_IRQHandler                         0x08000255   Thumb Code     0  startup_stm32f407xx.o(.text)
    EXTI15_10_IRQHandler                     0x08000255   Thumb Code     0  startup_stm32f407xx.o(.text)
    EXTI1_IRQHandler                         0x08000255   Thumb Code     0  startup_stm32f407xx.o(.text)
    EXTI2_IRQHandler                         0x08000255   Thumb Code     0  startup_stm32f407xx.o(.text)
    EXTI3_IRQHandler                         0x08000255   Thumb Code     0  startup_stm32f407xx.o(.text)
    EXTI4_IRQHandler                         0x08000255   Thumb Code     0  startup_stm32f407xx.o(.text)
    EXTI9_5_IRQHandler                       0x08000255   Thumb Code     0  startup_stm32f407xx.o(.text)
    FLASH_IRQHandler                         0x08000255   Thumb Code     0  startup_stm32f407xx.o(.text)
    FMC_IRQHandler                           0x08000255   Thumb Code     0  startup_stm32f407xx.o(.text)
    FPU_IRQHandler                           0x08000255   Thumb Code     0  startup_stm32f407xx.o(.text)
    HASH_RNG_IRQHandler                      0x08000255   Thumb Code     0  startup_stm32f407xx.o(.text)
    I2C1_ER_IRQHandler                       0x08000255   Thumb Code     0  startup_stm32f407xx.o(.text)
    I2C1_EV_IRQHandler                       0x08000255   Thumb Code     0  startup_stm32f407xx.o(.text)
    I2C2_ER_IRQHandler                       0x08000255   Thumb Code     0  startup_stm32f407xx.o(.text)
    I2C2_EV_IRQHandler                       0x08000255   Thumb Code     0  startup_stm32f407xx.o(.text)
    I2C3_ER_IRQHandler                       0x08000255   Thumb Code     0  startup_stm32f407xx.o(.text)
    I2C3_EV_IRQHandler                       0x08000255   Thumb Code     0  startup_stm32f407xx.o(.text)
    OTG_FS_IRQHandler                        0x08000255   Thumb Code     0  startup_stm32f407xx.o(.text)
    OTG_FS_WKUP_IRQHandler                   0x08000255   Thumb Code     0  startup_stm32f407xx.o(.text)
    OTG_HS_EP1_IN_IRQHandler                 0x08000255   Thumb Code     0  startup_stm32f407xx.o(.text)
    OTG_HS_EP1_OUT_IRQHandler                0x08000255   Thumb Code     0  startup_stm32f407xx.o(.text)
    OTG_HS_IRQHandler                        0x08000255   Thumb Code     0  startup_stm32f407xx.o(.text)
    OTG_HS_WKUP_IRQHandler                   0x08000255   Thumb Code     0  startup_stm32f407xx.o(.text)
    PVD_IRQHandler                           0x08000255   Thumb Code     0  startup_stm32f407xx.o(.text)
    RCC_IRQHandler                           0x08000255   Thumb Code     0  startup_stm32f407xx.o(.text)
    RTC_Alarm_IRQHandler                     0x08000255   Thumb Code     0  startup_stm32f407xx.o(.text)
    RTC_WKUP_IRQHandler                      0x08000255   Thumb Code     0  startup_stm32f407xx.o(.text)
    SDIO_IRQHandler                          0x08000255   Thumb Code     0  startup_stm32f407xx.o(.text)
    SPI1_IRQHandler                          0x08000255   Thumb Code     0  startup_stm32f407xx.o(.text)
    SPI2_IRQHandler                          0x08000255   Thumb Code     0  startup_stm32f407xx.o(.text)
    SPI3_IRQHandler                          0x08000255   Thumb Code     0  startup_stm32f407xx.o(.text)
    TAMP_STAMP_IRQHandler                    0x08000255   Thumb Code     0  startup_stm32f407xx.o(.text)
    TIM1_BRK_TIM9_IRQHandler                 0x08000255   Thumb Code     0  startup_stm32f407xx.o(.text)
    TIM1_CC_IRQHandler                       0x08000255   Thumb Code     0  startup_stm32f407xx.o(.text)
    TIM1_TRG_COM_TIM11_IRQHandler            0x08000255   Thumb Code     0  startup_stm32f407xx.o(.text)
    TIM1_UP_TIM10_IRQHandler                 0x08000255   Thumb Code     0  startup_stm32f407xx.o(.text)
    TIM2_IRQHandler                          0x08000255   Thumb Code     0  startup_stm32f407xx.o(.text)
    TIM3_IRQHandler                          0x08000255   Thumb Code     0  startup_stm32f407xx.o(.text)
    TIM4_IRQHandler                          0x08000255   Thumb Code     0  startup_stm32f407xx.o(.text)
    TIM5_IRQHandler                          0x08000255   Thumb Code     0  startup_stm32f407xx.o(.text)
    TIM6_DAC_IRQHandler                      0x08000255   Thumb Code     0  startup_stm32f407xx.o(.text)
    TIM7_IRQHandler                          0x08000255   Thumb Code     0  startup_stm32f407xx.o(.text)
    TIM8_BRK_TIM12_IRQHandler                0x08000255   Thumb Code     0  startup_stm32f407xx.o(.text)
    TIM8_CC_IRQHandler                       0x08000255   Thumb Code     0  startup_stm32f407xx.o(.text)
    TIM8_TRG_COM_TIM14_IRQHandler            0x08000255   Thumb Code     0  startup_stm32f407xx.o(.text)
    TIM8_UP_TIM13_IRQHandler                 0x08000255   Thumb Code     0  startup_stm32f407xx.o(.text)
    UART4_IRQHandler                         0x08000255   Thumb Code     0  startup_stm32f407xx.o(.text)
    UART5_IRQHandler                         0x08000255   Thumb Code     0  startup_stm32f407xx.o(.text)
    USART2_IRQHandler                        0x08000255   Thumb Code     0  startup_stm32f407xx.o(.text)
    USART3_IRQHandler                        0x08000255   Thumb Code     0  startup_stm32f407xx.o(.text)
    USART6_IRQHandler                        0x08000255   Thumb Code     0  startup_stm32f407xx.o(.text)
    WWDG_IRQHandler                          0x08000255   Thumb Code     0  startup_stm32f407xx.o(.text)
    __user_initial_stackheap                 0x08000259   Thumb Code     0  startup_stm32f407xx.o(.text)
    __use_no_semihosting                     0x0800027d   Thumb Code     2  use_no_semi_2.o(.text)
    __aeabi_uldivmod                         0x0800027f   Thumb Code     0  lludivv7m.o(.text)
    _ll_udiv                                 0x0800027f   Thumb Code   238  lludivv7m.o(.text)
    __2printf                                0x0800036d   Thumb Code    20  noretval__2printf.o(.text)
    __printf                                 0x08000385   Thumb Code   104  __printf.o(.text)
    _printf_int_hex                          0x080003ed   Thumb Code    84  _printf_hex_int.o(.text)
    _printf_longlong_hex                     0x080003ed   Thumb Code     0  _printf_hex_int.o(.text)
    __aeabi_memclr4                          0x08000445   Thumb Code     0  rt_memclr_w.o(.text)
    __aeabi_memclr8                          0x08000445   Thumb Code     0  rt_memclr_w.o(.text)
    __rt_memclr_w                            0x08000445   Thumb Code    78  rt_memclr_w.o(.text)
    _memset_w                                0x08000449   Thumb Code     0  rt_memclr_w.o(.text)
    __use_two_region_memory                  0x08000493   Thumb Code     2  heapauxi.o(.text)
    __rt_heap_escrow$2region                 0x08000495   Thumb Code     2  heapauxi.o(.text)
    __rt_heap_expand$2region                 0x08000497   Thumb Code     2  heapauxi.o(.text)
    __semihosting$guard                      0x08000499   Thumb Code     0  use_no_semi.o(.text)
    __use_no_semihosting_swi                 0x08000499   Thumb Code     2  use_no_semi.o(.text)
    __read_errno                             0x0800049b   Thumb Code    10  _rserrno.o(.text)
    __set_errno                              0x080004a5   Thumb Code    12  _rserrno.o(.text)
    _printf_int_common                       0x080004b1   Thumb Code   178  _printf_intcommon.o(.text)
    _printf_char_file                        0x08000565   Thumb Code    32  _printf_char_file.o(.text)
    __aeabi_errno_addr                       0x08000589   Thumb Code     8  rt_errno_addr_intlibspace.o(.text)
    __errno$intlibspace                      0x08000589   Thumb Code     0  rt_errno_addr_intlibspace.o(.text)
    __rt_errno_addr$intlibspace              0x08000589   Thumb Code     0  rt_errno_addr_intlibspace.o(.text)
    _printf_char_common                      0x0800059b   Thumb Code    32  _printf_char_common.o(.text)
    ferror                                   0x080005c1   Thumb Code     8  ferror.o(.text)
    __user_libspace                          0x080005c9   Thumb Code     8  libspace.o(.text)
    __user_perproc_libspace                  0x080005c9   Thumb Code     0  libspace.o(.text)
    __user_perthread_libspace                0x080005c9   Thumb Code     0  libspace.o(.text)
    __user_setup_stackheap                   0x080005d1   Thumb Code    74  sys_stackheap_outer.o(.text)
    exit                                     0x0800061b   Thumb Code    18  exit.o(.text)
    BusFault_Handler                         0x0800062d   Thumb Code     4  stm32f4xx_it.o(i.BusFault_Handler)
    DebugMon_Handler                         0x08000631   Thumb Code     2  stm32f4xx_it.o(i.DebugMon_Handler)
    FSMC_NORSRAM_Extended_Timing_Init        0x08000635   Thumb Code    66  stm32f4xx_ll_fsmc.o(i.FSMC_NORSRAM_Extended_Timing_Init)
    FSMC_NORSRAM_Init                        0x0800067d   Thumb Code    88  stm32f4xx_ll_fsmc.o(i.FSMC_NORSRAM_Init)
    FSMC_NORSRAM_Timing_Init                 0x080006d9   Thumb Code    68  stm32f4xx_ll_fsmc.o(i.FSMC_NORSRAM_Timing_Init)
    HAL_DMA_Abort                            0x0800071d   Thumb Code   170  stm32f4xx_hal_dma.o(i.HAL_DMA_Abort)
    HAL_DMA_Abort_IT                         0x080007c7   Thumb Code    40  stm32f4xx_hal_dma.o(i.HAL_DMA_Abort_IT)
    HAL_GPIO_Init                            0x080007f1   Thumb Code   470  stm32f4xx_hal_gpio.o(i.HAL_GPIO_Init)
    HAL_GPIO_WritePin                        0x080009f5   Thumb Code    12  stm32f4xx_hal_gpio.o(i.HAL_GPIO_WritePin)
    HAL_GetREVID                             0x08000a01   Thumb Code     8  stm32f4xx_hal.o(i.HAL_GetREVID)
    HAL_GetTick                              0x08000a0d   Thumb Code     6  stm32f4xx_hal.o(i.HAL_GetTick)
    HAL_IncTick                              0x08000a19   Thumb Code    16  stm32f4xx_hal.o(i.HAL_IncTick)
    HAL_Init                                 0x08000a31   Thumb Code    44  stm32f4xx_hal.o(i.HAL_Init)
    HAL_InitTick                             0x08000a61   Thumb Code    64  stm32f4xx_hal.o(i.HAL_InitTick)
    HAL_MspInit                              0x08000aad   Thumb Code     2  stm32f4xx_hal.o(i.HAL_MspInit)
    HAL_NVIC_EnableIRQ                       0x08000aaf   Thumb Code    32  stm32f4xx_hal_cortex.o(i.HAL_NVIC_EnableIRQ)
    HAL_NVIC_SetPriority                     0x08000acf   Thumb Code   124  stm32f4xx_hal_cortex.o(i.HAL_NVIC_SetPriority)
    HAL_NVIC_SetPriorityGrouping             0x08000b4d   Thumb Code    32  stm32f4xx_hal_cortex.o(i.HAL_NVIC_SetPriorityGrouping)
    HAL_RCC_ClockConfig                      0x08000b75   Thumb Code   368  stm32f4xx_hal_rcc.o(i.HAL_RCC_ClockConfig)
    HAL_RCC_GetHCLKFreq                      0x08000cf9   Thumb Code     6  stm32f4xx_hal_rcc.o(i.HAL_RCC_GetHCLKFreq)
    HAL_RCC_GetPCLK1Freq                     0x08000d05   Thumb Code    22  stm32f4xx_hal_rcc.o(i.HAL_RCC_GetPCLK1Freq)
    HAL_RCC_GetPCLK2Freq                     0x08000d25   Thumb Code    22  stm32f4xx_hal_rcc.o(i.HAL_RCC_GetPCLK2Freq)
    HAL_RCC_GetSysClockFreq                  0x08000d45   Thumb Code   162  stm32f4xx_hal_rcc.o(i.HAL_RCC_GetSysClockFreq)
    HAL_RCC_OscConfig                        0x08000df5   Thumb Code  1172  stm32f4xx_hal_rcc.o(i.HAL_RCC_OscConfig)
    HAL_SPI_Init                             0x08001291   Thumb Code   222  stm32f4xx_hal_spi.o(i.HAL_SPI_Init)
    HAL_SPI_MspInit                          0x0800136f   Thumb Code     2  stm32f4xx_hal_spi.o(i.HAL_SPI_MspInit)
    HAL_SPI_Transmit                         0x08001371   Thumb Code   486  stm32f4xx_hal_spi.o(i.HAL_SPI_Transmit)
    HAL_SRAM_Init                            0x08001557   Thumb Code    88  stm32f4xx_hal_sram.o(i.HAL_SRAM_Init)
    HAL_SRAM_MspInit                         0x080015b1   Thumb Code   152  lcd.o(i.HAL_SRAM_MspInit)
    HAL_SYSTICK_CLKSourceConfig              0x08001655   Thumb Code    40  stm32f4xx_hal_cortex.o(i.HAL_SYSTICK_CLKSourceConfig)
    HAL_SYSTICK_Config                       0x0800167d   Thumb Code    52  stm32f4xx_hal_cortex.o(i.HAL_SYSTICK_Config)
    HAL_UARTEx_RxEventCallback               0x080016b1   Thumb Code     2  stm32f4xx_hal_uart.o(i.HAL_UARTEx_RxEventCallback)
    HAL_UART_ErrorCallback                   0x080016b3   Thumb Code     2  stm32f4xx_hal_uart.o(i.HAL_UART_ErrorCallback)
    HAL_UART_GetState                        0x080016b5   Thumb Code    20  stm32f4xx_hal_uart.o(i.HAL_UART_GetState)
    HAL_UART_IRQHandler                      0x080016c9   Thumb Code   586  stm32f4xx_hal_uart.o(i.HAL_UART_IRQHandler)
    HAL_UART_Init                            0x08001919   Thumb Code   114  stm32f4xx_hal_uart.o(i.HAL_UART_Init)
    HAL_UART_MspInit                         0x0800198d   Thumb Code   190  usart.o(i.HAL_UART_MspInit)
    HAL_UART_Receive_IT                      0x08001a59   Thumb Code    66  stm32f4xx_hal_uart.o(i.HAL_UART_Receive_IT)
    HAL_UART_RxCpltCallback                  0x08001a9d   Thumb Code   120  usart.o(i.HAL_UART_RxCpltCallback)
    HAL_UART_TxCpltCallback                  0x08001b25   Thumb Code     2  stm32f4xx_hal_uart.o(i.HAL_UART_TxCpltCallback)
    HardFault_Handler                        0x08001b27   Thumb Code     4  stm32f4xx_it.o(i.HardFault_Handler)
    MemManage_Handler                        0x08001b2b   Thumb Code     4  stm32f4xx_it.o(i.MemManage_Handler)
    NMI_Handler                              0x08001b2f   Thumb Code     2  stm32f4xx_it.o(i.NMI_Handler)
    PendSV_Handler                           0x08001b31   Thumb Code     2  stm32f4xx_it.o(i.PendSV_Handler)
    SVC_Handler                              0x08001c79   Thumb Code     2  stm32f4xx_it.o(i.SVC_Handler)
    SysTick_Handler                          0x08001c7b   Thumb Code     8  stm32f4xx_it.o(i.SysTick_Handler)
    SystemInit                               0x08001c85   Thumb Code    14  system_stm32f4xx.o(i.SystemInit)
    UART_Start_Receive_IT                    0x08001fed   Thumb Code    70  stm32f4xx_hal_uart.o(i.UART_Start_Receive_IT)
    USART1_IRQHandler                        0x08002095   Thumb Code    66  usart.o(i.USART1_IRQHandler)
    UsageFault_Handler                       0x080020e5   Thumb Code     4  stm32f4xx_it.o(i.UsageFault_Handler)
    __ARM_fpclassify                         0x080020e9   Thumb Code    48  fpclassify.o(i.__ARM_fpclassify)
    __hardfp_cos                             0x08002151   Thumb Code   180  cos.o(i.__hardfp_cos)
    __hardfp_sin                             0x08002219   Thumb Code   180  sin.o(i.__hardfp_sin)
    __ieee754_rem_pio2                       0x080022e1   Thumb Code   938  rred.o(i.__ieee754_rem_pio2)
    __kernel_cos                             0x08002719   Thumb Code   322  cos_i.o(i.__kernel_cos)
    __kernel_poly                            0x08002889   Thumb Code   248  poly.o(i.__kernel_poly)
    __kernel_sin                             0x08002981   Thumb Code   280  sin_i.o(i.__kernel_sin)
    __mathlib_dbl_infnan                     0x08002ab1   Thumb Code    20  dunder.o(i.__mathlib_dbl_infnan)
    __mathlib_dbl_invalid                    0x08002ac9   Thumb Code    24  dunder.o(i.__mathlib_dbl_invalid)
    __mathlib_dbl_underflow                  0x08002ae9   Thumb Code    24  dunder.o(i.__mathlib_dbl_underflow)
    _sys_exit                                0x08002b09   Thumb Code     4  usart.o(i._sys_exit)
    atk_md0240_clear                         0x08002b0d   Thumb Code    22  atk_md0240.o(i.atk_md0240_clear)
    atk_md0240_display_on                    0x08002b25   Thumb Code    18  atk_md0240.o(i.atk_md0240_display_on)
    atk_md0240_draw_line                     0x08002b3d   Thumb Code   158  atk_md0240.o(i.atk_md0240_draw_line)
    atk_md0240_draw_point                    0x08002bdb   Thumb Code    28  atk_md0240.o(i.atk_md0240_draw_point)
    atk_md0240_fill                          0x08002bf9   Thumb Code   148  atk_md0240.o(i.atk_md0240_fill)
    atk_md0240_init                          0x08002dd9   Thumb Code    46  atk_md0240.o(i.atk_md0240_init)
    atk_md0240_set_address                   0x08002f79   Thumb Code    82  atk_md0240.o(i.atk_md0240_set_address)
    atk_md0240_show_char                     0x08002fcd   Thumb Code   246  atk_md0240.o(i.atk_md0240_show_char)
    atk_md0240_show_string                   0x080030d5   Thumb Code   144  atk_md0240.o(i.atk_md0240_show_string)
    atk_md0240_spi_init                      0x08003165   Thumb Code   232  atk_md0240_spi.o(i.atk_md0240_spi_init)
    atk_md0240_spi_send                      0x0800325d   Thumb Code    22  atk_md0240_spi.o(i.atk_md0240_spi_send)
    delay_init                               0x080032e5   Thumb Code    16  delay.o(i.delay_init)
    delay_ms                                 0x080032f9   Thumb Code    50  delay.o(i.delay_ms)
    delay_us                                 0x0800332d   Thumb Code    68  delay.o(i.delay_us)
    demo_run                                 0x080036d9   Thumb Code    76  demo.o(i.demo_run)
    fabs                                     0x08003851   Thumb Code    24  fabs.o(i.fabs)
    fputc                                    0x08003869   Thumb Code    22  usart.o(i.fputc)
    key_init                                 0x08003885   Thumb Code   240  key.o(i.key_init)
    lcd_clear                                0x08003981   Thumb Code    42  lcd.o(i.lcd_clear)
    lcd_display_dir                          0x080039b5   Thumb Code   360  lcd.o(i.lcd_display_dir)
    lcd_draw_point                           0x08003b21   Thumb Code    26  lcd.o(i.lcd_draw_point)
    lcd_ex_ili9341_reginit                   0x08003b41   Thumb Code   556  lcd.o(i.lcd_ex_ili9341_reginit)
    lcd_ex_ili9806_reginit                   0x08003d6d   Thumb Code   832  lcd.o(i.lcd_ex_ili9806_reginit)
    lcd_ex_nt35310_reginit                   0x080040ad   Thumb Code  3826  lcd.o(i.lcd_ex_nt35310_reginit)
    lcd_ex_nt35510_reginit                   0x08004f9f   Thumb Code  3836  lcd.o(i.lcd_ex_nt35510_reginit)
    lcd_ex_ssd1963_reginit                   0x08005e9b   Thumb Code   366  lcd.o(i.lcd_ex_ssd1963_reginit)
    lcd_ex_st7789_reginit                    0x08006009   Thumb Code   424  lcd.o(i.lcd_ex_st7789_reginit)
    lcd_ex_st7796_reginit                    0x080061b1   Thumb Code   454  lcd.o(i.lcd_ex_st7796_reginit)
    lcd_init                                 0x08006379   Thumb Code  1286  lcd.o(i.lcd_init)
    lcd_scan_dir                             0x080068b1   Thumb Code   568  lcd.o(i.lcd_scan_dir)
    lcd_set_cursor                           0x08006aed   Thumb Code   282  lcd.o(i.lcd_set_cursor)
    lcd_show_char                            0x08006c0d   Thumb Code   294  lcd.o(i.lcd_show_char)
    lcd_show_string                          0x08006d4d   Thumb Code   106  lcd.o(i.lcd_show_string)
    lcd_ssd_backlight_set                    0x08006db9   Thumb Code    88  lcd.o(i.lcd_ssd_backlight_set)
    lcd_wr_data                              0x08006e19   Thumb Code    18  lcd.o(i.lcd_wr_data)
    lcd_wr_regno                             0x08006e31   Thumb Code    18  lcd.o(i.lcd_wr_regno)
    lcd_write_ram_prepare                    0x08006e49   Thumb Code    10  lcd.o(i.lcd_write_ram_prepare)
    lcd_write_reg                            0x08006e5d   Thumb Code    14  lcd.o(i.lcd_write_reg)
    led_init                                 0x08006e71   Thumb Code   142  led.o(i.led_init)
    main                                     0x08006f09   Thumb Code    58  main.o(i.main)
    show_mesg                                0x08006f45   Thumb Code   124  main.o(i.show_mesg)
    sys_stm32_clock_init                     0x08007035   Thumb Code   192  sys.o(i.sys_stm32_clock_init)
    usart_init                               0x08007101   Thumb Code    44  usart.o(i.usart_init)
    __aeabi_dneg                             0x08007139   Thumb Code     0  basic.o(x$fpl$basic)
    _dneg                                    0x08007139   Thumb Code     6  basic.o(x$fpl$basic)
    __aeabi_fneg                             0x0800713f   Thumb Code     0  basic.o(x$fpl$basic)
    _fneg                                    0x0800713f   Thumb Code     6  basic.o(x$fpl$basic)
    _dabs                                    0x08007145   Thumb Code     6  basic.o(x$fpl$basic)
    _fabs                                    0x0800714b   Thumb Code     6  basic.o(x$fpl$basic)
    __aeabi_d2f                              0x08007151   Thumb Code     0  d2f.o(x$fpl$d2f)
    _d2f                                     0x08007151   Thumb Code    98  d2f.o(x$fpl$d2f)
    __aeabi_dadd                             0x080071b5   Thumb Code     0  daddsub_clz.o(x$fpl$dadd)
    _dadd                                    0x080071b5   Thumb Code   332  daddsub_clz.o(x$fpl$dadd)
    __aeabi_ddiv                             0x08007305   Thumb Code     0  ddiv.o(x$fpl$ddiv)
    _ddiv                                    0x08007305   Thumb Code   552  ddiv.o(x$fpl$ddiv)
    __aeabi_d2iz                             0x080075b5   Thumb Code     0  dfix.o(x$fpl$dfix)
    _dfix                                    0x080075b5   Thumb Code    94  dfix.o(x$fpl$dfix)
    __aeabi_d2uiz                            0x08007615   Thumb Code     0  dfixu.o(x$fpl$dfixu)
    _dfixu                                   0x08007615   Thumb Code    90  dfixu.o(x$fpl$dfixu)
    __aeabi_i2d                              0x0800766f   Thumb Code     0  dflt_clz.o(x$fpl$dflt)
    _dflt                                    0x0800766f   Thumb Code    46  dflt_clz.o(x$fpl$dflt)
    __aeabi_ui2d                             0x0800769d   Thumb Code     0  dflt_clz.o(x$fpl$dfltu)
    _dfltu                                   0x0800769d   Thumb Code    38  dflt_clz.o(x$fpl$dfltu)
    __aeabi_dmul                             0x080076c5   Thumb Code     0  dmul.o(x$fpl$dmul)
    _dmul                                    0x080076c5   Thumb Code   332  dmul.o(x$fpl$dmul)
    __fpl_dnaninf                            0x08007819   Thumb Code   156  dnaninf.o(x$fpl$dnaninf)
    __fpl_dretinf                            0x080078b5   Thumb Code    12  dretinf.o(x$fpl$dretinf)
    __aeabi_drsub                            0x080078c1   Thumb Code     0  daddsub_clz.o(x$fpl$drsb)
    _drsb                                    0x080078c1   Thumb Code    22  daddsub_clz.o(x$fpl$drsb)
    __aeabi_dsub                             0x080078d9   Thumb Code     0  daddsub_clz.o(x$fpl$dsub)
    _dsub                                    0x080078d9   Thumb Code   464  daddsub_clz.o(x$fpl$dsub)
    __aeabi_f2d                              0x08007aad   Thumb Code     0  f2d.o(x$fpl$f2d)
    _f2d                                     0x08007aad   Thumb Code    86  f2d.o(x$fpl$f2d)
    __fpl_fnaninf                            0x08007b03   Thumb Code   140  fnaninf.o(x$fpl$fnaninf)
    _fp_init                                 0x08007b8f   Thumb Code    10  fpinit.o(x$fpl$fpinit)
    __fplib_config_fpu_vfp                   0x08007b97   Thumb Code     0  fpinit.o(x$fpl$fpinit)
    __fplib_config_pureend_doubles           0x08007b97   Thumb Code     0  fpinit.o(x$fpl$fpinit)
    __fpl_fretinf                            0x08007b99   Thumb Code    10  fretinf.o(x$fpl$fretinf)
    AHBPrescTable                            0x08007ba2   Data          16  system_stm32f4xx.o(.constdata)
    __I$use$fp                               0x08007ba2   Number         0  usenofp.o(x$fpl$usenofp)
    APBPrescTable                            0x08007bb2   Data           8  system_stm32f4xx.o(.constdata)
    asc2_1206                                0x08007bba   Data        1140  lcd.o(.constdata)
    asc2_1608                                0x0800802e   Data        1520  lcd.o(.constdata)
    asc2_2412                                0x0800861e   Data        3420  lcd.o(.constdata)
    asc2_3216                                0x0800937a   Data        6080  lcd.o(.constdata)
    atk_md0240_font_1206                     0x0800ab3a   Data        1140  atk_md0240.o(.constdata)
    atk_md0240_font_1608                     0x0800afae   Data        1520  atk_md0240.o(.constdata)
    atk_md0240_font_2412                     0x0800b59e   Data        3420  atk_md0240.o(.constdata)
    atk_md0240_font_3216                     0x0800c2fa   Data        6080  atk_md0240.o(.constdata)
    Region$$Table$$Base                      0x0800dc08   Number         0  anon$$obj.o(Region$$Table)
    Region$$Table$$Limit                     0x0800dc28   Number         0  anon$$obj.o(Region$$Table)
    SystemCoreClock                          0x20000000   Data           4  system_stm32f4xx.o(.data)
    __stdout                                 0x20000080   Data           4  usart.o(.data)
    g_usart_rx_sta                           0x20000084   Data           2  usart.o(.data)
    g_rx_buffer                              0x20000086   Data           1  usart.o(.data)
    uwTick                                   0x20000088   Data           4  stm32f4xx_hal.o(.data)
    uwTickPrio                               0x2000008c   Data           4  stm32f4xx_hal.o(.data)
    uwTickFreq                               0x20000090   Data           1  stm32f4xx_hal.o(.data)
    g_point_color                            0x20000094   Data           4  lcd.o(.data)
    g_back_color                             0x20000098   Data           4  lcd.o(.data)
    g_usart_rx_buf                           0x2000009c   Data         200  usart.o(.bss)
    g_uart1_handle                           0x20000164   Data          68  usart.o(.bss)
    g_sram_handle                            0x200001a8   Data          80  lcd.o(.bss)
    lcddev                                   0x200001f8   Data          14  lcd.o(.bss)
    __libspace_start                         0x20003e60   Data          96  libspace.o(.bss)
    __temporary_stack_top$libspace           0x20003ec0   Data           0  libspace.o(.bss)



==============================================================================

Memory Map of the image

  Image Entry point : 0x08000189

  Load Region LR_IROM1 (Base: 0x08000000, Size: 0x0000dcc4, Max: 0x00100000, ABSOLUTE)

    Execution Region ER_IROM1 (Exec base: 0x08000000, Load base: 0x08000000, Size: 0x0000dc28, Max: 0x00100000, ABSOLUTE)

    Exec Addr    Load Addr    Size         Type   Attr      Idx    E Section Name        Object

    0x08000000   0x08000000   0x00000188   Data   RO            3    RESET               startup_stm32f407xx.o
    0x08000188   0x08000188   0x00000008   Code   RO         4480  * !!!main             c_w.l(__main.o)
    0x08000190   0x08000190   0x00000034   Code   RO         4765    !!!scatter          c_w.l(__scatter.o)
    0x080001c4   0x080001c4   0x0000001a   Code   RO         4767    !!handler_copy      c_w.l(__scatter_copy.o)
    0x080001de   0x080001de   0x00000002   PAD
    0x080001e0   0x080001e0   0x0000001c   Code   RO         4769    !!handler_zi        c_w.l(__scatter_zi.o)
    0x080001fc   0x080001fc   0x00000000   Code   RO         4475    .ARM.Collect$$_printf_percent$$00000000  c_w.l(_printf_percent.o)
    0x080001fc   0x080001fc   0x00000006   Code   RO         4474    .ARM.Collect$$_printf_percent$$0000000C  c_w.l(_printf_x.o)
    0x08000202   0x08000202   0x00000004   Code   RO         4537    .ARM.Collect$$_printf_percent$$00000017  c_w.l(_printf_percent_end.o)
    0x08000206   0x08000206   0x00000002   Code   RO         4645    .ARM.Collect$$libinit$$00000000  c_w.l(libinit.o)
    0x08000208   0x08000208   0x00000004   Code   RO         4654    .ARM.Collect$$libinit$$00000001  c_w.l(libinit2.o)
    0x0800020c   0x0800020c   0x00000000   Code   RO         4657    .ARM.Collect$$libinit$$00000004  c_w.l(libinit2.o)
    0x0800020c   0x0800020c   0x00000000   Code   RO         4660    .ARM.Collect$$libinit$$0000000A  c_w.l(libinit2.o)
    0x0800020c   0x0800020c   0x00000000   Code   RO         4662    .ARM.Collect$$libinit$$0000000C  c_w.l(libinit2.o)
    0x0800020c   0x0800020c   0x00000000   Code   RO         4664    .ARM.Collect$$libinit$$0000000E  c_w.l(libinit2.o)
    0x0800020c   0x0800020c   0x00000000   Code   RO         4667    .ARM.Collect$$libinit$$00000011  c_w.l(libinit2.o)
    0x0800020c   0x0800020c   0x00000000   Code   RO         4669    .ARM.Collect$$libinit$$00000013  c_w.l(libinit2.o)
    0x0800020c   0x0800020c   0x00000000   Code   RO         4671    .ARM.Collect$$libinit$$00000015  c_w.l(libinit2.o)
    0x0800020c   0x0800020c   0x00000000   Code   RO         4673    .ARM.Collect$$libinit$$00000017  c_w.l(libinit2.o)
    0x0800020c   0x0800020c   0x00000000   Code   RO         4675    .ARM.Collect$$libinit$$00000019  c_w.l(libinit2.o)
    0x0800020c   0x0800020c   0x00000000   Code   RO         4677    .ARM.Collect$$libinit$$0000001B  c_w.l(libinit2.o)
    0x0800020c   0x0800020c   0x00000000   Code   RO         4679    .ARM.Collect$$libinit$$0000001D  c_w.l(libinit2.o)
    0x0800020c   0x0800020c   0x00000000   Code   RO         4681    .ARM.Collect$$libinit$$0000001F  c_w.l(libinit2.o)
    0x0800020c   0x0800020c   0x00000000   Code   RO         4683    .ARM.Collect$$libinit$$00000021  c_w.l(libinit2.o)
    0x0800020c   0x0800020c   0x00000000   Code   RO         4685    .ARM.Collect$$libinit$$00000023  c_w.l(libinit2.o)
    0x0800020c   0x0800020c   0x00000000   Code   RO         4687    .ARM.Collect$$libinit$$00000025  c_w.l(libinit2.o)
    0x0800020c   0x0800020c   0x00000000   Code   RO         4691    .ARM.Collect$$libinit$$0000002C  c_w.l(libinit2.o)
    0x0800020c   0x0800020c   0x00000000   Code   RO         4693    .ARM.Collect$$libinit$$0000002E  c_w.l(libinit2.o)
    0x0800020c   0x0800020c   0x00000000   Code   RO         4695    .ARM.Collect$$libinit$$00000030  c_w.l(libinit2.o)
    0x0800020c   0x0800020c   0x00000000   Code   RO         4697    .ARM.Collect$$libinit$$00000032  c_w.l(libinit2.o)
    0x0800020c   0x0800020c   0x00000002   Code   RO         4698    .ARM.Collect$$libinit$$00000033  c_w.l(libinit2.o)
    0x0800020e   0x0800020e   0x00000002   Code   RO         4722    .ARM.Collect$$libshutdown$$00000000  c_w.l(libshutdown.o)
    0x08000210   0x08000210   0x00000000   Code   RO         4746    .ARM.Collect$$libshutdown$$00000002  c_w.l(libshutdown2.o)
    0x08000210   0x08000210   0x00000000   Code   RO         4748    .ARM.Collect$$libshutdown$$00000004  c_w.l(libshutdown2.o)
    0x08000210   0x08000210   0x00000000   Code   RO         4750    .ARM.Collect$$libshutdown$$00000006  c_w.l(libshutdown2.o)
    0x08000210   0x08000210   0x00000000   Code   RO         4753    .ARM.Collect$$libshutdown$$00000009  c_w.l(libshutdown2.o)
    0x08000210   0x08000210   0x00000000   Code   RO         4756    .ARM.Collect$$libshutdown$$0000000C  c_w.l(libshutdown2.o)
    0x08000210   0x08000210   0x00000000   Code   RO         4758    .ARM.Collect$$libshutdown$$0000000E  c_w.l(libshutdown2.o)
    0x08000210   0x08000210   0x00000000   Code   RO         4761    .ARM.Collect$$libshutdown$$00000011  c_w.l(libshutdown2.o)
    0x08000210   0x08000210   0x00000002   Code   RO         4762    .ARM.Collect$$libshutdown$$00000012  c_w.l(libshutdown2.o)
    0x08000212   0x08000212   0x00000000   Code   RO         4526    .ARM.Collect$$rtentry$$00000000  c_w.l(__rtentry.o)
    0x08000212   0x08000212   0x00000000   Code   RO         4576    .ARM.Collect$$rtentry$$00000002  c_w.l(__rtentry2.o)
    0x08000212   0x08000212   0x00000006   Code   RO         4588    .ARM.Collect$$rtentry$$00000004  c_w.l(__rtentry4.o)
    0x08000218   0x08000218   0x00000000   Code   RO         4578    .ARM.Collect$$rtentry$$00000009  c_w.l(__rtentry2.o)
    0x08000218   0x08000218   0x00000004   Code   RO         4579    .ARM.Collect$$rtentry$$0000000A  c_w.l(__rtentry2.o)
    0x0800021c   0x0800021c   0x00000000   Code   RO         4581    .ARM.Collect$$rtentry$$0000000C  c_w.l(__rtentry2.o)
    0x0800021c   0x0800021c   0x00000008   Code   RO         4582    .ARM.Collect$$rtentry$$0000000D  c_w.l(__rtentry2.o)
    0x08000224   0x08000224   0x00000002   Code   RO         4646    .ARM.Collect$$rtexit$$00000000  c_w.l(rtexit.o)
    0x08000226   0x08000226   0x00000000   Code   RO         4700    .ARM.Collect$$rtexit$$00000002  c_w.l(rtexit2.o)
    0x08000226   0x08000226   0x00000004   Code   RO         4701    .ARM.Collect$$rtexit$$00000003  c_w.l(rtexit2.o)
    0x0800022a   0x0800022a   0x00000006   Code   RO         4702    .ARM.Collect$$rtexit$$00000004  c_w.l(rtexit2.o)
    0x08000230   0x08000230   0x0000004c   Code   RO            4    .text               startup_stm32f407xx.o
    0x0800027c   0x0800027c   0x00000002   Code   RO         4423    .text               c_w.l(use_no_semi_2.o)
    0x0800027e   0x0800027e   0x000000ee   Code   RO         4425    .text               c_w.l(lludivv7m.o)
    0x0800036c   0x0800036c   0x00000018   Code   RO         4429    .text               c_w.l(noretval__2printf.o)
    0x08000384   0x08000384   0x00000068   Code   RO         4431    .text               c_w.l(__printf.o)
    0x080003ec   0x080003ec   0x00000058   Code   RO         4436    .text               c_w.l(_printf_hex_int.o)
    0x08000444   0x08000444   0x0000004e   Code   RO         4476    .text               c_w.l(rt_memclr_w.o)
    0x08000492   0x08000492   0x00000006   Code   RO         4478    .text               c_w.l(heapauxi.o)
    0x08000498   0x08000498   0x00000002   Code   RO         4524    .text               c_w.l(use_no_semi.o)
    0x0800049a   0x0800049a   0x00000016   Code   RO         4531    .text               c_w.l(_rserrno.o)
    0x080004b0   0x080004b0   0x000000b2   Code   RO         4533    .text               c_w.l(_printf_intcommon.o)
    0x08000562   0x08000562   0x00000002   PAD
    0x08000564   0x08000564   0x00000024   Code   RO         4535    .text               c_w.l(_printf_char_file.o)
    0x08000588   0x08000588   0x00000008   Code   RO         4595    .text               c_w.l(rt_errno_addr_intlibspace.o)
    0x08000590   0x08000590   0x00000030   Code   RO         4597    .text               c_w.l(_printf_char_common.o)
    0x080005c0   0x080005c0   0x00000008   Code   RO         4599    .text               c_w.l(ferror.o)
    0x080005c8   0x080005c8   0x00000008   Code   RO         4627    .text               c_w.l(libspace.o)
    0x080005d0   0x080005d0   0x0000004a   Code   RO         4630    .text               c_w.l(sys_stackheap_outer.o)
    0x0800061a   0x0800061a   0x00000012   Code   RO         4634    .text               c_w.l(exit.o)
    0x0800062c   0x0800062c   0x00000004   Code   RO          272    i.BusFault_Handler  stm32f4xx_it.o
    0x08000630   0x08000630   0x00000002   Code   RO          273    i.DebugMon_Handler  stm32f4xx_it.o
    0x08000632   0x08000632   0x00000002   PAD
    0x08000634   0x08000634   0x00000048   Code   RO         3134    i.FSMC_NORSRAM_Extended_Timing_Init  stm32f4xx_ll_fsmc.o
    0x0800067c   0x0800067c   0x0000005c   Code   RO         3135    i.FSMC_NORSRAM_Init  stm32f4xx_ll_fsmc.o
    0x080006d8   0x080006d8   0x00000044   Code   RO         3136    i.FSMC_NORSRAM_Timing_Init  stm32f4xx_ll_fsmc.o
    0x0800071c   0x0800071c   0x000000aa   Code   RO         3255    i.HAL_DMA_Abort     stm32f4xx_hal_dma.o
    0x080007c6   0x080007c6   0x00000028   Code   RO         3256    i.HAL_DMA_Abort_IT  stm32f4xx_hal_dma.o
    0x080007ee   0x080007ee   0x00000002   PAD
    0x080007f0   0x080007f0   0x00000204   Code   RO          955    i.HAL_GPIO_Init     stm32f4xx_hal_gpio.o
    0x080009f4   0x080009f4   0x0000000c   Code   RO          959    i.HAL_GPIO_WritePin  stm32f4xx_hal_gpio.o
    0x08000a00   0x08000a00   0x0000000c   Code   RO          638    i.HAL_GetREVID      stm32f4xx_hal.o
    0x08000a0c   0x08000a0c   0x0000000c   Code   RO          639    i.HAL_GetTick       stm32f4xx_hal.o
    0x08000a18   0x08000a18   0x00000018   Code   RO          645    i.HAL_IncTick       stm32f4xx_hal.o
    0x08000a30   0x08000a30   0x00000030   Code   RO          646    i.HAL_Init          stm32f4xx_hal.o
    0x08000a60   0x08000a60   0x0000004c   Code   RO          647    i.HAL_InitTick      stm32f4xx_hal.o
    0x08000aac   0x08000aac   0x00000002   Code   RO          649    i.HAL_MspInit       stm32f4xx_hal.o
    0x08000aae   0x08000aae   0x00000020   Code   RO          817    i.HAL_NVIC_EnableIRQ  stm32f4xx_hal_cortex.o
    0x08000ace   0x08000ace   0x0000007c   Code   RO          823    i.HAL_NVIC_SetPriority  stm32f4xx_hal_cortex.o
    0x08000b4a   0x08000b4a   0x00000002   PAD
    0x08000b4c   0x08000b4c   0x00000028   Code   RO          824    i.HAL_NVIC_SetPriorityGrouping  stm32f4xx_hal_cortex.o
    0x08000b74   0x08000b74   0x00000184   Code   RO         1019    i.HAL_RCC_ClockConfig  stm32f4xx_hal_rcc.o
    0x08000cf8   0x08000cf8   0x0000000c   Code   RO         1024    i.HAL_RCC_GetHCLKFreq  stm32f4xx_hal_rcc.o
    0x08000d04   0x08000d04   0x00000020   Code   RO         1026    i.HAL_RCC_GetPCLK1Freq  stm32f4xx_hal_rcc.o
    0x08000d24   0x08000d24   0x00000020   Code   RO         1027    i.HAL_RCC_GetPCLK2Freq  stm32f4xx_hal_rcc.o
    0x08000d44   0x08000d44   0x000000b0   Code   RO         1028    i.HAL_RCC_GetSysClockFreq  stm32f4xx_hal_rcc.o
    0x08000df4   0x08000df4   0x0000049c   Code   RO         1031    i.HAL_RCC_OscConfig  stm32f4xx_hal_rcc.o
    0x08001290   0x08001290   0x000000de   Code   RO         3592    i.HAL_SPI_Init      stm32f4xx_hal_spi.o
    0x0800136e   0x0800136e   0x00000002   Code   RO         3594    i.HAL_SPI_MspInit   stm32f4xx_hal_spi.o
    0x08001370   0x08001370   0x000001e6   Code   RO         3600    i.HAL_SPI_Transmit  stm32f4xx_hal_spi.o
    0x08001556   0x08001556   0x00000058   Code   RO         3010    i.HAL_SRAM_Init     stm32f4xx_hal_sram.o
    0x080015ae   0x080015ae   0x00000002   PAD
    0x080015b0   0x080015b0   0x000000a4   Code   RO         3978    i.HAL_SRAM_MspInit  lcd.o
    0x08001654   0x08001654   0x00000028   Code   RO          826    i.HAL_SYSTICK_CLKSourceConfig  stm32f4xx_hal_cortex.o
    0x0800167c   0x0800167c   0x00000034   Code   RO          828    i.HAL_SYSTICK_Config  stm32f4xx_hal_cortex.o
    0x080016b0   0x080016b0   0x00000002   Code   RO         1625    i.HAL_UARTEx_RxEventCallback  stm32f4xx_hal_uart.o
    0x080016b2   0x080016b2   0x00000002   Code   RO         1639    i.HAL_UART_ErrorCallback  stm32f4xx_hal_uart.o
    0x080016b4   0x080016b4   0x00000014   Code   RO         1641    i.HAL_UART_GetState  stm32f4xx_hal_uart.o
    0x080016c8   0x080016c8   0x00000250   Code   RO         1642    i.HAL_UART_IRQHandler  stm32f4xx_hal_uart.o
    0x08001918   0x08001918   0x00000072   Code   RO         1643    i.HAL_UART_Init     stm32f4xx_hal_uart.o
    0x0800198a   0x0800198a   0x00000002   PAD
    0x0800198c   0x0800198c   0x000000cc   Code   RO          549    i.HAL_UART_MspInit  usart.o
    0x08001a58   0x08001a58   0x00000042   Code   RO         1648    i.HAL_UART_Receive_IT  stm32f4xx_hal_uart.o
    0x08001a9a   0x08001a9a   0x00000002   PAD
    0x08001a9c   0x08001a9c   0x00000088   Code   RO          550    i.HAL_UART_RxCpltCallback  usart.o
    0x08001b24   0x08001b24   0x00000002   Code   RO         1654    i.HAL_UART_TxCpltCallback  stm32f4xx_hal_uart.o
    0x08001b26   0x08001b26   0x00000004   Code   RO          274    i.HardFault_Handler  stm32f4xx_it.o
    0x08001b2a   0x08001b2a   0x00000004   Code   RO          275    i.MemManage_Handler  stm32f4xx_it.o
    0x08001b2e   0x08001b2e   0x00000002   Code   RO          276    i.NMI_Handler       stm32f4xx_it.o
    0x08001b30   0x08001b30   0x00000002   Code   RO          277    i.PendSV_Handler    stm32f4xx_it.o
    0x08001b32   0x08001b32   0x00000002   PAD
    0x08001b34   0x08001b34   0x0000006c   Code   RO         3632    i.SPI_EndRxTxTransaction  stm32f4xx_hal_spi.o
    0x08001ba0   0x08001ba0   0x000000d8   Code   RO         3639    i.SPI_WaitFlagStateUntilTimeout  stm32f4xx_hal_spi.o
    0x08001c78   0x08001c78   0x00000002   Code   RO          278    i.SVC_Handler       stm32f4xx_it.o
    0x08001c7a   0x08001c7a   0x00000008   Code   RO          279    i.SysTick_Handler   stm32f4xx_it.o
    0x08001c82   0x08001c82   0x00000002   PAD
    0x08001c84   0x08001c84   0x00000014   Code   RO          348    i.SystemInit        system_stm32f4xx.o
    0x08001c98   0x08001c98   0x00000014   Code   RO         1656    i.UART_DMAAbortOnError  stm32f4xx_hal_uart.o
    0x08001cac   0x08001cac   0x00000036   Code   RO         1666    i.UART_EndRxTransfer  stm32f4xx_hal_uart.o
    0x08001ce2   0x08001ce2   0x00000020   Code   RO         1667    i.UART_EndTransmit_IT  stm32f4xx_hal_uart.o
    0x08001d02   0x08001d02   0x000000be   Code   RO         1669    i.UART_Receive_IT   stm32f4xx_hal_uart.o
    0x08001dc0   0x08001dc0   0x0000022c   Code   RO         1670    i.UART_SetConfig    stm32f4xx_hal_uart.o
    0x08001fec   0x08001fec   0x00000046   Code   RO         1672    i.UART_Start_Receive_IT  stm32f4xx_hal_uart.o
    0x08002032   0x08002032   0x00000060   Code   RO         1673    i.UART_Transmit_IT  stm32f4xx_hal_uart.o
    0x08002092   0x08002092   0x00000002   PAD
    0x08002094   0x08002094   0x00000050   Code   RO          551    i.USART1_IRQHandler  usart.o
    0x080020e4   0x080020e4   0x00000004   Code   RO          280    i.UsageFault_Handler  stm32f4xx_it.o
    0x080020e8   0x080020e8   0x00000030   Code   RO         4623    i.__ARM_fpclassify  m_wm.l(fpclassify.o)
    0x08002118   0x08002118   0x00000010   Code   RO          830    i.__NVIC_GetPriorityGrouping  stm32f4xx_hal_cortex.o
    0x08002128   0x08002128   0x00000028   Code   RO          831    i.__NVIC_SetPriority  stm32f4xx_hal_cortex.o
    0x08002150   0x08002150   0x000000c8   Code   RO         4500    i.__hardfp_cos      m_wm.l(cos.o)
    0x08002218   0x08002218   0x000000c8   Code   RO         4512    i.__hardfp_sin      m_wm.l(sin.o)
    0x080022e0   0x080022e0   0x00000438   Code   RO         4564    i.__ieee754_rem_pio2  m_wm.l(rred.o)
    0x08002718   0x08002718   0x00000170   Code   RO         4547    i.__kernel_cos      m_wm.l(cos_i.o)
    0x08002888   0x08002888   0x000000f8   Code   RO         4625    i.__kernel_poly     m_wm.l(poly.o)
    0x08002980   0x08002980   0x00000130   Code   RO         4569    i.__kernel_sin      m_wm.l(sin_i.o)
    0x08002ab0   0x08002ab0   0x00000014   Code   RO         4551    i.__mathlib_dbl_infnan  m_wm.l(dunder.o)
    0x08002ac4   0x08002ac4   0x00000004   PAD
    0x08002ac8   0x08002ac8   0x00000020   Code   RO         4553    i.__mathlib_dbl_invalid  m_wm.l(dunder.o)
    0x08002ae8   0x08002ae8   0x00000020   Code   RO         4556    i.__mathlib_dbl_underflow  m_wm.l(dunder.o)
    0x08002b08   0x08002b08   0x00000004   Code   RO          553    i._sys_exit         usart.o
    0x08002b0c   0x08002b0c   0x00000016   Code   RO         4239    i.atk_md0240_clear  atk_md0240.o
    0x08002b22   0x08002b22   0x00000002   PAD
    0x08002b24   0x08002b24   0x00000018   Code   RO         4241    i.atk_md0240_display_on  atk_md0240.o
    0x08002b3c   0x08002b3c   0x0000009e   Code   RO         4243    i.atk_md0240_draw_line  atk_md0240.o
    0x08002bda   0x08002bda   0x0000001c   Code   RO         4244    i.atk_md0240_draw_point  atk_md0240.o
    0x08002bf6   0x08002bf6   0x00000002   PAD
    0x08002bf8   0x08002bf8   0x0000009c   Code   RO         4246    i.atk_md0240_fill   atk_md0240.o
    0x08002c94   0x08002c94   0x00000110   Code   RO         4247    i.atk_md0240_hw_init  atk_md0240.o
    0x08002da4   0x08002da4   0x00000034   Code   RO         4248    i.atk_md0240_hw_reset  atk_md0240.o
    0x08002dd8   0x08002dd8   0x0000002e   Code   RO         4249    i.atk_md0240_init   atk_md0240.o
    0x08002e06   0x08002e06   0x00000172   Code   RO         4251    i.atk_md0240_reg_init  atk_md0240.o
    0x08002f78   0x08002f78   0x00000052   Code   RO         4252    i.atk_md0240_set_address  atk_md0240.o
    0x08002fca   0x08002fca   0x00000002   PAD
    0x08002fcc   0x08002fcc   0x00000108   Code   RO         4253    i.atk_md0240_show_char  atk_md0240.o
    0x080030d4   0x080030d4   0x00000090   Code   RO         4256    i.atk_md0240_show_string  atk_md0240.o
    0x08003164   0x08003164   0x000000f8   Code   RO         4392    i.atk_md0240_spi_init  atk_md0240_spi.o
    0x0800325c   0x0800325c   0x0000001c   Code   RO         4393    i.atk_md0240_spi_send  atk_md0240_spi.o
    0x08003278   0x08003278   0x00000020   Code   RO         4258    i.atk_md0240_write_cmd  atk_md0240.o
    0x08003298   0x08003298   0x00000020   Code   RO         4259    i.atk_md0240_write_dat  atk_md0240.o
    0x080032b8   0x080032b8   0x0000002c   Code   RO         4260    i.atk_md0240_write_dat_16b  atk_md0240.o
    0x080032e4   0x080032e4   0x00000014   Code   RO          433    i.delay_init        delay.o
    0x080032f8   0x080032f8   0x00000032   Code   RO          434    i.delay_ms          delay.o
    0x0800332a   0x0800332a   0x00000002   PAD
    0x0800332c   0x0800332c   0x00000048   Code   RO          435    i.delay_us          delay.o
    0x08003374   0x08003374   0x00000076   Code   RO          384    i.demo_matconv      demo.o
    0x080033ea   0x080033ea   0x00000002   PAD
    0x080033ec   0x080033ec   0x000002ec   Code   RO          385    i.demo_rotate       demo.o
    0x080036d8   0x080036d8   0x00000070   Code   RO          386    i.demo_run          demo.o
    0x08003748   0x08003748   0x00000108   Code   RO          387    i.demo_show_cube    demo.o
    0x08003850   0x08003850   0x00000018   Code   RO         4619    i.fabs              m_wm.l(fabs.o)
    0x08003868   0x08003868   0x0000001c   Code   RO          555    i.fputc             usart.o
    0x08003884   0x08003884   0x000000fc   Code   RO         3947    i.key_init          key.o
    0x08003980   0x08003980   0x00000034   Code   RO         3979    i.lcd_clear         lcd.o
    0x080039b4   0x080039b4   0x0000016c   Code   RO         3981    i.lcd_display_dir   lcd.o
    0x08003b20   0x08003b20   0x00000020   Code   RO         3987    i.lcd_draw_point    lcd.o
    0x08003b40   0x08003b40   0x0000022c   Code   RO         3989    i.lcd_ex_ili9341_reginit  lcd.o
    0x08003d6c   0x08003d6c   0x00000340   Code   RO         3990    i.lcd_ex_ili9806_reginit  lcd.o
    0x080040ac   0x080040ac   0x00000ef2   Code   RO         3991    i.lcd_ex_nt35310_reginit  lcd.o
    0x08004f9e   0x08004f9e   0x00000efc   Code   RO         3992    i.lcd_ex_nt35510_reginit  lcd.o
    0x08005e9a   0x08005e9a   0x0000016e   Code   RO         3993    i.lcd_ex_ssd1963_reginit  lcd.o
    0x08006008   0x08006008   0x000001a8   Code   RO         3994    i.lcd_ex_st7789_reginit  lcd.o
    0x080061b0   0x080061b0   0x000001c6   Code   RO         3995    i.lcd_ex_st7796_reginit  lcd.o
    0x08006376   0x08006376   0x00000002   PAD
    0x08006378   0x08006378   0x00000514   Code   RO         3998    i.lcd_init          lcd.o
    0x0800688c   0x0800688c   0x0000000c   Code   RO         3999    i.lcd_opt_delay     lcd.o
    0x08006898   0x08006898   0x00000018   Code   RO         4001    i.lcd_rd_data       lcd.o
    0x080068b0   0x080068b0   0x0000023c   Code   RO         4003    i.lcd_scan_dir      lcd.o
    0x08006aec   0x08006aec   0x00000120   Code   RO         4004    i.lcd_set_cursor    lcd.o
    0x08006c0c   0x08006c0c   0x00000140   Code   RO         4006    i.lcd_show_char     lcd.o
    0x08006d4c   0x08006d4c   0x0000006a   Code   RO         4008    i.lcd_show_string   lcd.o
    0x08006db6   0x08006db6   0x00000002   PAD
    0x08006db8   0x08006db8   0x00000060   Code   RO         4010    i.lcd_ssd_backlight_set  lcd.o
    0x08006e18   0x08006e18   0x00000018   Code   RO         4011    i.lcd_wr_data       lcd.o
    0x08006e30   0x08006e30   0x00000018   Code   RO         4012    i.lcd_wr_regno      lcd.o
    0x08006e48   0x08006e48   0x00000014   Code   RO         4013    i.lcd_write_ram_prepare  lcd.o
    0x08006e5c   0x08006e5c   0x00000014   Code   RO         4014    i.lcd_write_reg     lcd.o
    0x08006e70   0x08006e70   0x00000098   Code   RO         3923    i.led_init          led.o
    0x08006f08   0x08006f08   0x0000003a   Code   RO           13    i.main              main.o
    0x08006f42   0x08006f42   0x00000002   PAD
    0x08006f44   0x08006f44   0x000000f0   Code   RO           14    i.show_mesg         main.o
    0x08007034   0x08007034   0x000000cc   Code   RO          482    i.sys_stm32_clock_init  sys.o
    0x08007100   0x08007100   0x00000038   Code   RO          556    i.usart_init        usart.o
    0x08007138   0x08007138   0x00000018   Code   RO         4482    x$fpl$basic         fz_wm.l(basic.o)
    0x08007150   0x08007150   0x00000062   Code   RO         4484    x$fpl$d2f           fz_wm.l(d2f.o)
    0x080071b2   0x080071b2   0x00000002   PAD
    0x080071b4   0x080071b4   0x00000150   Code   RO         4603    x$fpl$dadd          fz_wm.l(daddsub_clz.o)
    0x08007304   0x08007304   0x000002b0   Code   RO         4610    x$fpl$ddiv          fz_wm.l(ddiv.o)
    0x080075b4   0x080075b4   0x0000005e   Code   RO         4613    x$fpl$dfix          fz_wm.l(dfix.o)
    0x08007612   0x08007612   0x00000002   PAD
    0x08007614   0x08007614   0x0000005a   Code   RO         4486    x$fpl$dfixu         fz_wm.l(dfixu.o)
    0x0800766e   0x0800766e   0x0000002e   Code   RO         4491    x$fpl$dflt          fz_wm.l(dflt_clz.o)
    0x0800769c   0x0800769c   0x00000026   Code   RO         4490    x$fpl$dfltu         fz_wm.l(dflt_clz.o)
    0x080076c2   0x080076c2   0x00000002   PAD
    0x080076c4   0x080076c4   0x00000154   Code   RO         4496    x$fpl$dmul          fz_wm.l(dmul.o)
    0x08007818   0x08007818   0x0000009c   Code   RO         4538    x$fpl$dnaninf       fz_wm.l(dnaninf.o)
    0x080078b4   0x080078b4   0x0000000c   Code   RO         4540    x$fpl$dretinf       fz_wm.l(dretinf.o)
    0x080078c0   0x080078c0   0x00000016   Code   RO         4604    x$fpl$drsb          fz_wm.l(daddsub_clz.o)
    0x080078d6   0x080078d6   0x00000002   PAD
    0x080078d8   0x080078d8   0x000001d4   Code   RO         4605    x$fpl$dsub          fz_wm.l(daddsub_clz.o)
    0x08007aac   0x08007aac   0x00000056   Code   RO         4498    x$fpl$f2d           fz_wm.l(f2d.o)
    0x08007b02   0x08007b02   0x0000008c   Code   RO         4542    x$fpl$fnaninf       fz_wm.l(fnaninf.o)
    0x08007b8e   0x08007b8e   0x0000000a   Code   RO         4712    x$fpl$fpinit        fz_wm.l(fpinit.o)
    0x08007b98   0x08007b98   0x0000000a   Code   RO         4544    x$fpl$fretinf       fz_wm.l(fretinf.o)
    0x08007ba2   0x08007ba2   0x00000000   Code   RO         4546    x$fpl$usenofp       fz_wm.l(usenofp.o)
    0x08007ba2   0x08007ba2   0x00000018   Data   RO          349    .constdata          system_stm32f4xx.o
    0x08007bba   0x08007bba   0x00002f80   Data   RO         4016    .constdata          lcd.o
    0x0800ab3a   0x0800ab3a   0x00002f80   Data   RO         4262    .constdata          atk_md0240.o
    0x0800daba   0x0800daba   0x00000028   Data   RO         4437    .constdata          c_w.l(_printf_hex_int.o)
    0x0800dae2   0x0800dae2   0x00000006   PAD
    0x0800dae8   0x0800dae8   0x00000030   Data   RO         4548    .constdata          m_wm.l(cos_i.o)
    0x0800db18   0x0800db18   0x000000c8   Data   RO         4566    .constdata          m_wm.l(rred.o)
    0x0800dbe0   0x0800dbe0   0x00000028   Data   RO         4570    .constdata          m_wm.l(sin_i.o)
    0x0800dc08   0x0800dc08   0x00000020   Data   RO         4763    Region$$Table       anon$$obj.o


    Execution Region RW_IRAM1 (Exec base: 0x20000000, Load base: 0x0800dc28, Size: 0x000042c0, Max: 0x00020000, ABSOLUTE)

    Exec Addr    Load Addr    Size         Type   Attr      Idx    E Section Name        Object

    0x20000000   0x0800dc28   0x00000004   Data   RW          350    .data               system_stm32f4xx.o
    0x20000004   0x0800dc2c   0x00000078   Data   RW          388    .data               demo.o
    0x2000007c   0x0800dca4   0x00000004   Data   RW          436    .data               delay.o
    0x20000080   0x0800dca8   0x00000007   Data   RW          558    .data               usart.o
    0x20000087   0x0800dcaf   0x00000001   PAD
    0x20000088   0x0800dcb0   0x00000009   Data   RW          653    .data               stm32f4xx_hal.o
    0x20000091   0x0800dcb9   0x00000003   PAD
    0x20000094   0x0800dcbc   0x00000008   Data   RW         4017    .data               lcd.o
    0x2000009c        -       0x0000010c   Zero   RW          557    .bss                usart.o
    0x200001a8        -       0x0000005e   Zero   RW         4015    .bss                lcd.o
    0x20000206        -       0x00003c00   Zero   RW         4261    .bss                atk_md0240.o
    0x20003e06   0x0800dcc4   0x00000002   PAD
    0x20003e08        -       0x00000058   Zero   RW         4394    .bss                atk_md0240_spi.o
    0x20003e60        -       0x00000060   Zero   RW         4628    .bss                c_w.l(libspace.o)
    0x20003ec0        -       0x00000000   Zero   RW            2    HEAP                startup_stm32f407xx.o
    0x20003ec0        -       0x00000400   Zero   RW            1    STACK               startup_stm32f407xx.o


==============================================================================

Image component sizes


      Code (inc. data)   RO Data    RW Data    ZI Data      Debug   Object Name

      1726         68      12160          0      15360      15561   atk_md0240.o
       276         22          0          0         88       2544   atk_md0240_spi.o
       142          8          0          4          0       2631   delay.o
      1242         72          0        120          0       6711   demo.o
       252         12          0          0          0       1363   key.o
     13712        184      12160          8         94      28447   lcd.o
       152         10          0          0          0       1211   led.o
       298        116          0          0          0     679307   main.o
        76         28        392          0       1024       1088   startup_stm32f407xx.o
       174         34          0          9          0      11082   stm32f4xx_hal.o
       344         22          0          0          0      36225   stm32f4xx_hal_cortex.o
       210          0          0          0          0       2387   stm32f4xx_hal_dma.o
       528         46          0          0          0       2536   stm32f4xx_hal_gpio.o
      1820         84          0          0          0       6628   stm32f4xx_hal_rcc.o
      1034         14          0          0          0       5820   stm32f4xx_hal_spi.o
        88          0          0          0          0       1496   stm32f4xx_hal_sram.o
      1816         16          0          0          0      12596   stm32f4xx_hal_uart.o
        32          0          0          0          0       5438   stm32f4xx_it.o
       232         10          0          0          0       3303   stm32f4xx_ll_fsmc.o
       204         12          0          0          0       1627   sys.o
        20          6         24          4          0       1771   system_stm32f4xx.o
       508         62          0          7        268       6769   usart.o

    ----------------------------------------------------------------------
     24920        826      24768        156      16836     836541   Object Totals
         0          0         32          0          0          0   (incl. Generated)
        34          0          0          4          2          0   (incl. Padding)

    ----------------------------------------------------------------------

      Code (inc. data)   RO Data    RW Data    ZI Data      Debug   Library Member Name

         8          0          0          0          0         68   __main.o
       104          0          0          0          0         84   __printf.o
         0          0          0          0          0          0   __rtentry.o
        12          0          0          0          0          0   __rtentry2.o
         6          0          0          0          0          0   __rtentry4.o
        52          8          0          0          0          0   __scatter.o
        26          0          0          0          0          0   __scatter_copy.o
        28          0          0          0          0          0   __scatter_zi.o
        48          6          0          0          0         96   _printf_char_common.o
        36          4          0          0          0         80   _printf_char_file.o
        88          4         40          0          0         88   _printf_hex_int.o
       178          0          0          0          0         88   _printf_intcommon.o
         0          0          0          0          0          0   _printf_percent.o
         4          0          0          0          0          0   _printf_percent_end.o
         6          0          0          0          0          0   _printf_x.o
        22          0          0          0          0        100   _rserrno.o
        18          0          0          0          0         80   exit.o
         8          0          0          0          0         68   ferror.o
         6          0          0          0          0        152   heapauxi.o
         2          0          0          0          0          0   libinit.o
         6          0          0          0          0          0   libinit2.o
         2          0          0          0          0          0   libshutdown.o
         2          0          0          0          0          0   libshutdown2.o
         8          4          0          0         96         68   libspace.o
       238          0          0          0          0        100   lludivv7m.o
        24          4          0          0          0         84   noretval__2printf.o
         8          4          0          0          0         68   rt_errno_addr_intlibspace.o
        78          0          0          0          0         80   rt_memclr_w.o
         2          0          0          0          0          0   rtexit.o
        10          0          0          0          0          0   rtexit2.o
        74          0          0          0          0         80   sys_stackheap_outer.o
         2          0          0          0          0         68   use_no_semi.o
         2          0          0          0          0         68   use_no_semi_2.o
        24          0          0          0          0        164   basic.o
        98          4          0          0          0        140   d2f.o
       826         16          0          0          0        492   daddsub_clz.o
       688        140          0          0          0        256   ddiv.o
        94          4          0          0          0        140   dfix.o
        90          4          0          0          0        140   dfixu.o
        84          0          0          0          0        232   dflt_clz.o
       340         12          0          0          0        152   dmul.o
       156          4          0          0          0        140   dnaninf.o
        12          0          0          0          0        116   dretinf.o
        86          4          0          0          0        132   f2d.o
       140          4          0          0          0        132   fnaninf.o
        10          0          0          0          0        116   fpinit.o
        10          0          0          0          0        116   fretinf.o
         0          0          0          0          0          0   usenofp.o
       200         20          0          0          0        164   cos.o
       368         46         48          0          0        200   cos_i.o
        84         16          0          0          0        372   dunder.o
        24          0          0          0          0        124   fabs.o
        48          0          0          0          0        124   fpclassify.o
       248          0          0          0          0        152   poly.o
      1080        142        200          0          0        188   rred.o
       200         20          0          0          0        164   sin.o
       304         24         40          0          0        208   sin_i.o

    ----------------------------------------------------------------------
      6338        494        334          0         96       5684   Library Totals
        16          0          6          0          0          0   (incl. Padding)

    ----------------------------------------------------------------------

      Code (inc. data)   RO Data    RW Data    ZI Data      Debug   Library Name

      1108         34         40          0         96       1520   c_w.l
      2658        192          0          0          0       2468   fz_wm.l
      2556        268        288          0          0       1696   m_wm.l

    ----------------------------------------------------------------------
      6338        494        334          0         96       5684   Library Totals

    ----------------------------------------------------------------------

==============================================================================


      Code (inc. data)   RO Data    RW Data    ZI Data      Debug   

     31258       1320      25102        156      16932     828097   Grand Totals
     31258       1320      25102        156      16932     828097   ELF Image Totals
     31258       1320      25102        156          0          0   ROM Totals

==============================================================================

    Total RO  Size (Code + RO Data)                56360 (  55.04kB)
    Total RW  Size (RW Data + ZI Data)             17088 (  16.69kB)
    Total ROM Size (Code + RO Data + RW Data)      56516 (  55.19kB)

==============================================================================

